Archive member included because of file (symbol)

/Applications/Simplicity Studio.app/Contents/Eclipse/developer/toolchains/gnu_arm/4.9_2015q3/bin/../lib/gcc/arm-none-eabi/4.9.3/armv7-m/libgcc.a(_arm_addsubdf3.o)
                              ./src/MCIoT_LESENSE_LETouch.o (__aeabi_dsub)
/Applications/Simplicity Studio.app/Contents/Eclipse/developer/toolchains/gnu_arm/4.9_2015q3/bin/../lib/gcc/arm-none-eabi/4.9.3/armv7-m/libgcc.a(_arm_muldivdf3.o)
                              ./src/MCIoT_LETimer.o (__aeabi_dmul)
/Applications/Simplicity Studio.app/Contents/Eclipse/developer/toolchains/gnu_arm/4.9_2015q3/bin/../lib/gcc/arm-none-eabi/4.9.3/armv7-m/libgcc.a(_arm_fixunsdfsi.o)
                              ./src/MCIoT_LESENSE_LETouch.o (__aeabi_d2uiz)
/Applications/Simplicity Studio.app/Contents/Eclipse/developer/toolchains/gnu_arm/4.9_2015q3/bin/../lib/gcc/arm-none-eabi/4.9.3/armv7-m/libgcc.a(_arm_addsubsf3.o)
                              ./src/MCIoT_ADC.o (__aeabi_fsub)
/Applications/Simplicity Studio.app/Contents/Eclipse/developer/toolchains/gnu_arm/4.9_2015q3/bin/../lib/gcc/arm-none-eabi/4.9.3/armv7-m/libgcc.a(_arm_muldivsf3.o)
                              ./src/MCIoT_ADC.o (__aeabi_fmul)
/Applications/Simplicity Studio.app/Contents/Eclipse/developer/toolchains/gnu_arm/4.9_2015q3/bin/../lib/gcc/arm-none-eabi/4.9.3/armv7-m/libgcc.a(_arm_cmpsf2.o)
                              ./src/MCIoT_LESENSE_LETouch.o (__aeabi_fcmpeq)
/Applications/Simplicity Studio.app/Contents/Eclipse/developer/toolchains/gnu_arm/4.9_2015q3/bin/../lib/gcc/arm-none-eabi/4.9.3/armv7-m/libgcc.a(_arm_fixsfsi.o)
                              ./src/MCIoT_ADC.o (__aeabi_f2iz)
/Applications/Simplicity Studio.app/Contents/Eclipse/developer/toolchains/gnu_arm/4.9_2015q3/bin/../lib/gcc/arm-none-eabi/4.9.3/armv7-m/libgcc.a(_arm_fixunssfsi.o)
                              ./src/MCIoT_ADC.o (__aeabi_f2uiz)
/Applications/Simplicity Studio.app/Contents/Eclipse/developer/toolchains/gnu_arm/4.9_2015q3/bin/../lib/gcc/arm-none-eabi/4.9.3/armv7-m/libgcc.a(_aeabi_uldivmod.o)
                              ./emlib/em_usart.o (__aeabi_uldivmod)
/Applications/Simplicity Studio.app/Contents/Eclipse/developer/toolchains/gnu_arm/4.9_2015q3/bin/../lib/gcc/arm-none-eabi/4.9.3/armv7-m/libgcc.a(bpabi.o)
                              /Applications/Simplicity Studio.app/Contents/Eclipse/developer/toolchains/gnu_arm/4.9_2015q3/bin/../lib/gcc/arm-none-eabi/4.9.3/armv7-m/libgcc.a(_aeabi_uldivmod.o) (__gnu_uldivmod_helper)
/Applications/Simplicity Studio.app/Contents/Eclipse/developer/toolchains/gnu_arm/4.9_2015q3/bin/../lib/gcc/arm-none-eabi/4.9.3/armv7-m/libgcc.a(_dvmd_tls.o)
                              /Applications/Simplicity Studio.app/Contents/Eclipse/developer/toolchains/gnu_arm/4.9_2015q3/bin/../lib/gcc/arm-none-eabi/4.9.3/armv7-m/libgcc.a(_aeabi_uldivmod.o) (__aeabi_ldiv0)
/Applications/Simplicity Studio.app/Contents/Eclipse/developer/toolchains/gnu_arm/4.9_2015q3/bin/../lib/gcc/arm-none-eabi/4.9.3/armv7-m/libgcc.a(_divdi3.o)
                              /Applications/Simplicity Studio.app/Contents/Eclipse/developer/toolchains/gnu_arm/4.9_2015q3/bin/../lib/gcc/arm-none-eabi/4.9.3/armv7-m/libgcc.a(bpabi.o) (__divdi3)
/Applications/Simplicity Studio.app/Contents/Eclipse/developer/toolchains/gnu_arm/4.9_2015q3/bin/../lib/gcc/arm-none-eabi/4.9.3/armv7-m/libgcc.a(_udivdi3.o)
                              /Applications/Simplicity Studio.app/Contents/Eclipse/developer/toolchains/gnu_arm/4.9_2015q3/bin/../lib/gcc/arm-none-eabi/4.9.3/armv7-m/libgcc.a(bpabi.o) (__udivdi3)
/Applications/Simplicity Studio.app/Contents/Eclipse/developer/toolchains/gnu_arm/4.9_2015q3/bin/../lib/gcc/arm-none-eabi/4.9.3/../../../../arm-none-eabi/lib/armv7-m/libc_nano.a(lib_a-exit.o)
                              /Applications/Simplicity Studio.app/Contents/Eclipse/developer/toolchains/gnu_arm/4.9_2015q3/bin/../lib/gcc/arm-none-eabi/4.9.3/../../../../arm-none-eabi/lib/armv7-m/crt0.o (exit)
/Applications/Simplicity Studio.app/Contents/Eclipse/developer/toolchains/gnu_arm/4.9_2015q3/bin/../lib/gcc/arm-none-eabi/4.9.3/../../../../arm-none-eabi/lib/armv7-m/libc_nano.a(lib_a-impure.o)
                              /Applications/Simplicity Studio.app/Contents/Eclipse/developer/toolchains/gnu_arm/4.9_2015q3/bin/../lib/gcc/arm-none-eabi/4.9.3/../../../../arm-none-eabi/lib/armv7-m/libc_nano.a(lib_a-exit.o) (_global_impure_ptr)
/Applications/Simplicity Studio.app/Contents/Eclipse/developer/toolchains/gnu_arm/4.9_2015q3/bin/../lib/gcc/arm-none-eabi/4.9.3/../../../../arm-none-eabi/lib/armv7-m/libc_nano.a(lib_a-init.o)
                              /Applications/Simplicity Studio.app/Contents/Eclipse/developer/toolchains/gnu_arm/4.9_2015q3/bin/../lib/gcc/arm-none-eabi/4.9.3/../../../../arm-none-eabi/lib/armv7-m/crt0.o (__libc_init_array)
[...]
Memory Configuration

Name             Origin             Length             Attributes
FLASH            0x0000000000000000 0x0000000000040000 xr
RAM              0x0000000020000000 0x0000000000008000 xrw
*default*        0x0000000000000000 0xffffffffffffffff

Linker script and memory map

LOAD /Applications/Simplicity Studio.app/Contents/Eclipse/developer/toolchains/gnu_arm/4.9_2015q3/bin/../lib/gcc/arm-none-eabi/4.9.3/armv7-m/crti.o
LOAD /Applications/Simplicity Studio.app/Contents/Eclipse/developer/toolchains/gnu_arm/4.9_2015q3/bin/../lib/gcc/arm-none-eabi/4.9.3/armv7-m/crtbegin.o
LOAD /Applications/Simplicity Studio.app/Contents/Eclipse/developer/toolchains/gnu_arm/4.9_2015q3/bin/../lib/gcc/arm-none-eabi/4.9.3/../../../../arm-none-eabi/lib/armv7-m/crt0.o
LOAD ./CMSIS/EFM32LG/startup_efm32lg.o
LOAD ./CMSIS/EFM32LG/system_efm32lg.o
LOAD ./emlib/em_acmp.o
LOAD ./emlib/em_adc.o
LOAD ./emlib/em_aes.o
LOAD ./emlib/em_assert.o
LOAD ./emlib/em_burtc.o
LOAD ./emlib/em_cmu.o
LOAD ./emlib/em_core.o
LOAD ./emlib/em_cryotimer.o
LOAD ./emlib/em_crypto.o
LOAD ./emlib/em_dac.o
LOAD ./emlib/em_dbg.o
LOAD ./emlib/em_dma.o
LOAD ./emlib/em_ebi.o
LOAD ./emlib/em_emu.o
LOAD ./emlib/em_gpcrc.o
LOAD ./emlib/em_gpio.o
LOAD ./emlib/em_i2c.o
LOAD ./emlib/em_idac.o
LOAD ./emlib/em_int.o
LOAD ./emlib/em_lcd.o
LOAD ./emlib/em_ldma.o
LOAD ./emlib/em_lesense.o
LOAD ./emlib/em_letimer.o
LOAD ./emlib/em_leuart.o
LOAD ./emlib/em_mpu.o
LOAD ./emlib/em_msc.o
LOAD ./emlib/em_opamp.o
LOAD ./emlib/em_pcnt.o
LOAD ./emlib/em_prs.o
LOAD ./emlib/em_rmu.o
LOAD ./emlib/em_rtc.o
LOAD ./emlib/em_rtcc.o
LOAD ./emlib/em_system.o
LOAD ./emlib/em_timer.o
LOAD ./emlib/em_usart.o
LOAD ./emlib/em_vcmp.o
LOAD ./emlib/em_wdog.o
LOAD ./src/MCIoT_ACMP.o
LOAD ./src/MCIoT_ADC.o
LOAD ./src/MCIoT_CMU.o
LOAD ./src/MCIoT_DMA.o
LOAD ./src/MCIoT_GPIO.o
LOAD ./src/MCIoT_I2C.o
LOAD ./src/MCIoT_LESENSE_LETouch.o
LOAD ./src/MCIoT_LESENSE_Main.o
LOAD ./src/MCIoT_LETimer.o
LOAD ./src/MCIoT_LEUART.o
LOAD ./src/MCIoT_Sleep.o
LOAD ./src/MCIoT_Timer.o
LOAD ./src/MCIoT_main.o
LOAD ./src/dmactrl.o
START GROUP
LOAD /Applications/Simplicity Studio.app/Contents/Eclipse/developer/toolchains/gnu_arm/4.9_2015q3/bin/../lib/gcc/arm-none-eabi/4.9.3/armv7-m/libgcc.a
LOAD /Applications/Simplicity Studio.app/Contents/Eclipse/developer/toolchains/gnu_arm/4.9_2015q3/bin/../lib/gcc/arm-none-eabi/4.9.3/../../../../arm-none-eabi/lib/armv7-m/libc_nano.a
LOAD /Applications/Simplicity Studio.app/Contents/Eclipse/developer/toolchains/gnu_arm/4.9_2015q3/bin/../lib/gcc/arm-none-eabi/4.9.3/../../../../arm-none-eabi/lib/armv7-m/libnosys.a
END GROUP
START GROUP
LOAD /Applications/Simplicity Studio.app/Contents/Eclipse/developer/toolchains/gnu_arm/4.9_2015q3/bin/../lib/gcc/arm-none-eabi/4.9.3/armv7-m/libgcc.a
LOAD /Applications/Simplicity Studio.app/Contents/Eclipse/developer/toolchains/gnu_arm/4.9_2015q3/bin/../lib/gcc/arm-none-eabi/4.9.3/../../../../arm-none-eabi/lib/armv7-m/libg_nano.a
LOAD /Applications/Simplicity Studio.app/Contents/Eclipse/developer/toolchains/gnu_arm/4.9_2015q3/bin/../lib/gcc/arm-none-eabi/4.9.3/../../../../arm-none-eabi/lib/armv7-m/libc_nano.a
END GROUP
START GROUP
LOAD /Applications/Simplicity Studio.app/Contents/Eclipse/developer/toolchains/gnu_arm/4.9_2015q3/bin/../lib/gcc/arm-none-eabi/4.9.3/armv7-m/libgcc.a
LOAD /Applications/Simplicity Studio.app/Contents/Eclipse/developer/toolchains/gnu_arm/4.9_2015q3/bin/../lib/gcc/arm-none-eabi/4.9.3/../../../../arm-none-eabi/lib/armv7-m/libc_nano.a
END GROUP
LOAD /Applications/Simplicity Studio.app/Contents/Eclipse/developer/toolchains/gnu_arm/4.9_2015q3/bin/../lib/gcc/arm-none-eabi/4.9.3/armv7-m/crtend.o
LOAD /Applications/Simplicity Studio.app/Contents/Eclipse/developer/toolchains/gnu_arm/4.9_2015q3/bin/../lib/gcc/arm-none-eabi/4.9.3/armv7-m/crtn.o

.text           0x0000000000000000     0x592c
 *(.vectors)
 .vectors       0x0000000000000000       0xe0 ./CMSIS/EFM32LG/startup_efm32lg.o
                0x0000000000000000                __Vectors
                0x00000000000000e0                __Vectors_End = .
                0x00000000000000e0                __Vectors_Size = (__Vectors_End - __Vectors)
                0x00000000000000e0                __end__ = .
 *(.text*)
 .text          0x00000000000000e0       0x5c /Applications/Simplicity Studio.app/Contents/Eclipse/developer/toolchains/gnu_arm/4.9_2015q3/bin/../lib/gcc/arm-none-eabi/4.9.3/armv7-m/crtbegin.o
 .text          0x000000000000013c       0x74 /Applications/Simplicity Studio.app/Contents/Eclipse/developer/toolchains/gnu_arm/4.9_2015q3/bin/../lib/gcc/arm-none-eabi/4.9.3/../../../../arm-none-eabi/lib/armv7-m/crt0.o
                0x000000000000013c                _mainCRTStartup
                0x000000000000013c                _start
 .text          0x00000000000001b0       0x30 ./CMSIS/EFM32LG/startup_efm32lg.o
                0x00000000000001b0                Reset_Handler
                0x00000000000001dc                DebugMon_Handler
                0x00000000000001dc                USART0_TX_IRQHandler
                0x00000000000001dc                I2C0_IRQHandler
                0x00000000000001dc                HardFault_Handler
                0x00000000000001dc                LEUART1_IRQHandler
                0x00000000000001dc                SysTick_Handler
                0x00000000000001dc                USART1_RX_IRQHandler
                0x00000000000001dc                PendSV_Handler
                0x00000000000001dc                NMI_Handler
                0x00000000000001dc                I2C1_IRQHandler
                0x00000000000001dc                TIMER3_IRQHandler
                0x00000000000001dc                USART1_TX_IRQHandler
                0x00000000000001dc                MSC_IRQHandler
                0x00000000000001dc                UsageFault_Handler
                0x00000000000001dc                GPIO_EVEN_IRQHandler
                0x00000000000001dc                UART0_TX_IRQHandler
                0x00000000000001dc                UART1_TX_IRQHandler
                0x00000000000001dc                TIMER0_IRQHandler
                0x00000000000001dc                LCD_IRQHandler
                0x00000000000001dc                PCNT2_IRQHandler
                0x00000000000001dc                UART0_RX_IRQHandler
                0x00000000000001dc                TIMER1_IRQHandler
                0x00000000000001dc                USART2_RX_IRQHandler
                0x00000000000001dc                Default_Handler
                0x00000000000001dc                EMU_IRQHandler
                0x00000000000001dc                PCNT0_IRQHandler
                0x00000000000001dc                USB_IRQHandler
                0x00000000000001dc                BURTC_IRQHandler
                0x00000000000001dc                PCNT1_IRQHandler
                0x00000000000001dc                ACMP0_IRQHandler
                0x00000000000001dc                USART0_RX_IRQHandler
                0x00000000000001dc                MemManage_Handler
                0x00000000000001dc                SVC_Handler
                0x00000000000001dc                DAC0_IRQHandler
                0x00000000000001dc                UART1_RX_IRQHandler
                0x00000000000001dc                CMU_IRQHandler
                0x00000000000001dc                EBI_IRQHandler
                0x00000000000001dc                AES_IRQHandler
                0x00000000000001dc                VCMP_IRQHandler
                0x00000000000001dc                BusFault_Handler
                0x00000000000001dc                TIMER2_IRQHandler
                0x00000000000001dc                USART2_TX_IRQHandler
 .text.GetProdRev
                0x00000000000001e0       0x1c ./CMSIS/EFM32LG/system_efm32lg.o
 .text.SystemCoreClockGet
                0x00000000000001fc       0x34 ./CMSIS/EFM32LG/system_efm32lg.o
                0x00000000000001fc                SystemCoreClockGet
 .text.SystemMaxCoreClockGet
                0x0000000000000230       0x14 ./CMSIS/EFM32LG/system_efm32lg.o
                0x0000000000000230                SystemMaxCoreClockGet
 .text.SystemHFClockGet
                0x0000000000000244      0x100 ./CMSIS/EFM32LG/system_efm32lg.o
                0x0000000000000244                SystemHFClockGet
 .text.SystemHFXOClockGet
                0x0000000000000344       0x18 ./CMSIS/EFM32LG/system_efm32lg.o
                0x0000000000000344                SystemHFXOClockGet
 .text.SystemInit
                0x000000000000035c        0xc ./CMSIS/EFM32LG/system_efm32lg.o
                0x000000000000035c                SystemInit
 .text.SystemLFRCOClockGet
                0x0000000000000368       0x14 ./CMSIS/EFM32LG/system_efm32lg.o
                0x0000000000000368                SystemLFRCOClockGet
 .text.SystemULFRCOClockGet
                0x000000000000037c       0x14 ./CMSIS/EFM32LG/system_efm32lg.o
                0x000000000000037c                SystemULFRCOClockGet
 .text.SystemLFXOClockGet
                0x0000000000000390       0x18 ./CMSIS/EFM32LG/system_efm32lg.o
                0x0000000000000390                SystemLFXOClockGet
 .text.BUS_RegBitWrite
                0x00000000000003a8       0x2c ./emlib/em_acmp.o
 .text.ACMP_CapsenseInit
                0x00000000000003d4       0x8c ./emlib/em_acmp.o
                0x00000000000003d4                ACMP_CapsenseInit
 .text.ADC_LoadDevinfoCal
                0x0000000000000460      0x120 ./emlib/em_adc.o
 .text.ADC_Init
                0x0000000000000580       0x88 ./emlib/em_adc.o
                0x0000000000000580                ADC_Init
 .text.ADC_InitSingle
                0x0000000000000608       0x9c ./emlib/em_adc.o
                0x0000000000000608                ADC_InitSingle
 .text.ADC_PrescaleCalc
                0x00000000000006a4       0x64 ./emlib/em_adc.o
                0x00000000000006a4                ADC_PrescaleCalc
 .text.ADC_TimebaseCalc
                0x0000000000000708       0x60 ./emlib/em_adc.o
                0x0000000000000708                ADC_TimebaseCalc
 .text.BUS_RegBitWrite
                0x0000000000000768       0x2c ./emlib/em_cmu.o
 .text.BUS_RegBitRead
                0x0000000000000794       0x2c ./emlib/em_cmu.o
 .text.CMU_DivToLog2
                0x00000000000007c0       0x34 ./emlib/em_cmu.o
 .text.SYSTEM_GetProdRev
                0x00000000000007f4       0x1c ./emlib/em_cmu.o
 .text.SYSTEM_GetFamily
                0x0000000000000810       0x20 ./emlib/em_cmu.o
 .text.maxFreqHfle
                0x0000000000000830       0x78 ./emlib/em_cmu.o
 .text.setHfLeConfig
                0x00000000000008a8       0x3c ./emlib/em_cmu.o
 .text.getHfLeConfig
                0x00000000000008e4       0x2c ./emlib/em_cmu.o
 .text.auxClkGet
                0x0000000000000910       0xb0 ./emlib/em_cmu.o
 .text.dbgClkGet
                0x00000000000009c0       0x40 ./emlib/em_cmu.o
 .text.flashWaitStateControl
                0x0000000000000a00       0xb8 ./emlib/em_cmu.o
 .text.flashWaitStateMax
                0x0000000000000ab8       0x14 ./emlib/em_cmu.o
 .text.lfClkGet
                0x0000000000000acc       0xec ./emlib/em_cmu.o
 .text.syncReg  0x0000000000000bb8       0x34 ./emlib/em_cmu.o
 .text.usbCClkGet
                0x0000000000000bec       0x4c ./emlib/em_cmu.o
 .text.CMU_ClockEnable
                0x0000000000000c38       0xd8 ./emlib/em_cmu.o
                0x0000000000000c38                CMU_ClockEnable
 .text.CMU_ClockFreqGet
                0x0000000000000d10      0x1d8 ./emlib/em_cmu.o
                0x0000000000000d10                CMU_ClockFreqGet
 .text.CMU_ClockSelectGet
                0x0000000000000ee8      0x15c ./emlib/em_cmu.o
                0x0000000000000ee8                CMU_ClockSelectGet
 .text.CMU_ClockSelectSet
                0x0000000000001044      0x2b8 ./emlib/em_cmu.o
                0x0000000000001044                CMU_ClockSelectSet
 .text.CMU_OscillatorEnable
                0x00000000000012fc       0xc0 ./emlib/em_cmu.o
                0x00000000000012fc                CMU_OscillatorEnable
 .text.CORE_EnterAtomic
                0x00000000000013bc       0x20 ./emlib/em_core.o
                0x00000000000013bc                CORE_EnterAtomic
 .text.CORE_ExitAtomic
                0x00000000000013dc       0x1c ./emlib/em_core.o
                0x00000000000013dc                CORE_ExitAtomic
 .text.NVIC_EnableIRQ
                0x00000000000013f8       0x30 ./emlib/em_dma.o
 .text.NVIC_DisableIRQ
                0x0000000000001428       0x34 ./emlib/em_dma.o
 .text.NVIC_ClearPendingIRQ
                0x000000000000145c       0x34 ./emlib/em_dma.o
 .text.BUS_RegBitWrite
                0x0000000000001490       0x2c ./emlib/em_dma.o
 .text.DMA_IRQHandler
                0x00000000000014bc       0xd8 ./emlib/em_dma.o
                0x00000000000014bc                DMA_IRQHandler
 .text.DMA_CfgChannel
                0x0000000000001594       0x90 ./emlib/em_dma.o
                0x0000000000001594                DMA_CfgChannel
 .text.DMA_CfgDescr
                0x0000000000001624       0x70 ./emlib/em_dma.o
                0x0000000000001624                DMA_CfgDescr
 .text.DMA_Init
                0x0000000000001694       0x54 ./emlib/em_dma.o
                0x0000000000001694                DMA_Init
 .text.DMA_Reset
                0x00000000000016e8       0x88 ./emlib/em_dma.o
                0x00000000000016e8                DMA_Reset
 .text.SystemCoreClockUpdate
                0x0000000000001770        0xc ./emlib/em_emu.o
 .text.CMU_Lock
                0x000000000000177c       0x18 ./emlib/em_emu.o
 .text.CMU_Unlock
                0x0000000000001794       0x1c ./emlib/em_emu.o
 .text.emuRestore
                0x00000000000017b0       0xf0 ./emlib/em_emu.o
 .text.getErrataFixEmuE107En
                0x00000000000018a0       0x64 ./emlib/em_emu.o
 .text.EMU_EnterEM2
                0x0000000000001904       0x9c ./emlib/em_emu.o
                0x0000000000001904                EMU_EnterEM2
 .text.EMU_EnterEM3
                0x00000000000019a0       0xbc ./emlib/em_emu.o
                0x00000000000019a0                EMU_EnterEM3
 .text.EMU_UpdateOscConfig
                0x0000000000001a5c       0x1c ./emlib/em_emu.o
                0x0000000000001a5c                EMU_UpdateOscConfig
 .text.GPIO_PinOutClear
                0x0000000000001a78       0x58 ./emlib/em_gpio.o
 .text.GPIO_PinOutSet
                0x0000000000001ad0       0x58 ./emlib/em_gpio.o
 .text.GPIO_DriveModeSet
                0x0000000000001b28       0x70 ./emlib/em_gpio.o
                0x0000000000001b28                GPIO_DriveModeSet
 .text.GPIO_PinModeSet
                0x0000000000001b98      0x10c ./emlib/em_gpio.o
                0x0000000000001b98                GPIO_PinModeSet
 .text.BUS_RegBitWrite
                0x0000000000001ca4       0x2c ./emlib/em_lesense.o
 .text.LESENSE_Init
                0x0000000000001cd0      0x168 ./emlib/em_lesense.o
                0x0000000000001cd0                LESENSE_Init
 .text.LESENSE_ScanFreqSet
                0x0000000000001e38       0xbc ./emlib/em_lesense.o
                0x0000000000001e38                LESENSE_ScanFreqSet
 .text.LESENSE_ScanModeSet
                0x0000000000001ef4       0x3c ./emlib/em_lesense.o
                0x0000000000001ef4                LESENSE_ScanModeSet
 .text.LESENSE_StartDelaySet
                0x0000000000001f30       0x34 ./emlib/em_lesense.o
                0x0000000000001f30                LESENSE_StartDelaySet
 .text.LESENSE_ClkDivSet
                0x0000000000001f64       0x60 ./emlib/em_lesense.o
                0x0000000000001f64                LESENSE_ClkDivSet
 .text.LESENSE_ChannelConfig
                0x0000000000001fc4      0x168 ./emlib/em_lesense.o
                0x0000000000001fc4                LESENSE_ChannelConfig
 .text.LESENSE_ChannelTimingSet
                0x000000000000212c       0x44 ./emlib/em_lesense.o
                0x000000000000212c                LESENSE_ChannelTimingSet
 .text.LESENSE_ChannelThresSet
                0x0000000000002170       0x78 ./emlib/em_lesense.o
                0x0000000000002170                LESENSE_ChannelThresSet
 .text.LESENSE_DecoderStateSet
                0x00000000000021e8       0x20 ./emlib/em_lesense.o
                0x00000000000021e8                LESENSE_DecoderStateSet
 .text.LESENSE_ScanStart
                0x0000000000002208       0x34 ./emlib/em_lesense.o
                0x0000000000002208                LESENSE_ScanStart
 .text.LESENSE_Reset
                0x000000000000223c       0xec ./emlib/em_lesense.o
                0x000000000000223c                LESENSE_Reset
 .text.LETIMER_CompareSet
                0x0000000000002328       0x58 ./emlib/em_letimer.o
                0x0000000000002328                LETIMER_CompareSet
 .text.LETIMER_Init
                0x0000000000002380       0xf0 ./emlib/em_letimer.o
                0x0000000000002380                LETIMER_Init
 .text.LEUART_Sync
                0x0000000000002470       0x30 ./emlib/em_leuart.o
 .text.LEUART_BaudrateSet
                0x00000000000024a0       0x80 ./emlib/em_leuart.o
                0x00000000000024a0                LEUART_BaudrateSet
 .text.LEUART_FreezeEnable
                0x0000000000002520       0x34 ./emlib/em_leuart.o
                0x0000000000002520                LEUART_FreezeEnable
 .text.LEUART_Init
                0x0000000000002554       0x84 ./emlib/em_leuart.o
                0x0000000000002554                LEUART_Init
 .text.LEUART_Reset
                0x00000000000025d8       0x70 ./emlib/em_leuart.o
                0x00000000000025d8                LEUART_Reset
 .text.BUS_RegBitWrite
                0x0000000000002648       0x2c ./emlib/em_rtc.o
 .text.RTC_CompareSet
                0x0000000000002674       0x4c ./emlib/em_rtc.o
                0x0000000000002674                RTC_CompareSet
 .text.RTC_Enable
                0x00000000000026c0       0x20 ./emlib/em_rtc.o
                0x00000000000026c0                RTC_Enable
 .text.RTC_Init
                0x00000000000026e0       0x50 ./emlib/em_rtc.o
                0x00000000000026e0                RTC_Init
 .text.RTC_CounterReset
                0x0000000000002730       0x14 ./emlib/em_rtc.o
                0x0000000000002730                RTC_CounterReset
 .text.SYSTEM_ChipRevisionGet
                0x0000000000002744       0x74 ./emlib/em_system.o
                0x0000000000002744                SYSTEM_ChipRevisionGet
 .text.TIMER_Init
                0x00000000000027b8      0x10c ./emlib/em_timer.o
                0x00000000000027b8                TIMER_Init
 .text.NVIC_EnableIRQ
                0x00000000000028c4       0x30 ./src/MCIoT_ADC.o
 .text.ADC_IntClear
                0x00000000000028f4       0x1c ./src/MCIoT_ADC.o
 .text.ADC_IntEnable
                0x0000000000002910       0x20 ./src/MCIoT_ADC.o
 .text.ADC_SetUp
                0x0000000000002930       0xa4 ./src/MCIoT_ADC.o
                0x0000000000002930                ADC_SetUp
 .text.ADC_Interrupt_Enable
                0x00000000000029d4       0x20 ./src/MCIoT_ADC.o
                0x00000000000029d4                ADC_Interrupt_Enable
 .text.ADC0_IRQHandler
                0x00000000000029f4      0x19c ./src/MCIoT_ADC.o
                0x00000000000029f4                ADC0_IRQHandler
 .text.converttoCelsius
                0x0000000000002b90       0x6c ./src/MCIoT_ADC.o
                0x0000000000002b90                converttoCelsius
 .text.compute_adc_data_average
                0x0000000000002bfc       0x70 ./src/MCIoT_ADC.o
                0x0000000000002bfc                compute_adc_data_average
 .text.CMU_SetUp
                0x0000000000002c6c       0xf4 ./src/MCIoT_CMU.o
                0x0000000000002c6c                CMU_SetUp
 .text.Calibrate_ULFRCO
                0x0000000000002d60      0x130 ./src/MCIoT_CMU.o
                0x0000000000002d60                Calibrate_ULFRCO
 .text.CMU_Obtain_Freq_Count
                0x0000000000002e90       0xa8 ./src/MCIoT_CMU.o
                0x0000000000002e90                CMU_Obtain_Freq_Count
 .text.check_and_comp_prescaler_if
                0x0000000000002f38       0x54 ./src/MCIoT_CMU.o
                0x0000000000002f38                check_and_comp_prescaler_if
 .text.cal_prescaler_value
                0x0000000000002f8c       0x70 ./src/MCIoT_CMU.o
                0x0000000000002f8c                cal_prescaler_value
 .text.DMA_SetUp
                0x0000000000002ffc       0x74 ./src/MCIoT_DMA.o
                0x0000000000002ffc                DMA_SetUp
 .text.ADC_dma_ch0_TransferComplete
                0x0000000000003070       0xdc ./src/MCIoT_DMA.o
                0x0000000000003070                ADC_dma_ch0_TransferComplete
 .text.GPIO_PinOutClear
                0x000000000000314c       0x58 ./src/MCIoT_GPIO.o
 .text.GPIO_PinOutSet
                0x00000000000031a4       0x58 ./src/MCIoT_GPIO.o
 .text.GPIO_SetUp
                0x00000000000031fc       0x28 ./src/MCIoT_GPIO.o
                0x00000000000031fc                GPIO_SetUp
 .text.LED_On   0x0000000000003224       0x1c ./src/MCIoT_GPIO.o
                0x0000000000003224                LED_On
 .text.LED_Off  0x0000000000003240       0x1c ./src/MCIoT_GPIO.o
                0x0000000000003240                LED_Off
 .text.NVIC_EnableIRQ
                0x000000000000325c       0x30 ./src/MCIoT_I2C.o
 .text.GPIO_IntClear
                0x000000000000328c       0x20 ./src/MCIoT_I2C.o
 .text.I2C_Write_And_Wait_for_ACK
                0x00000000000032ac       0x20 ./src/MCIoT_I2C.o
                0x00000000000032ac                I2C_Write_And_Wait_for_ACK
 .text.I2C_Wait_For_Ack
                0x00000000000032cc       0x24 ./src/MCIoT_I2C.o
                0x00000000000032cc                I2C_Wait_For_Ack
 .text.I2C_Send_Start
                0x00000000000032f0       0x1c ./src/MCIoT_I2C.o
                0x00000000000032f0                I2C_Send_Start
 .text.I2C_Send_Stop
                0x000000000000330c       0x1c ./src/MCIoT_I2C.o
                0x000000000000330c                I2C_Send_Stop
 .text.I2C_Check_Data_Valid_and_Store
                0x0000000000003328       0x3c ./src/MCIoT_I2C.o
                0x0000000000003328                I2C_Check_Data_Valid_and_Store
 .text.GPIO_ODD_IRQHandler
                0x0000000000003364      0x1a0 ./src/MCIoT_I2C.o
                0x0000000000003364                GPIO_ODD_IRQHandler
 .text.NVIC_EnableIRQ
                0x0000000000003504       0x30 ./src/MCIoT_LESENSE_LETouch.o
 .text.SystemCoreClockUpdate
                0x0000000000003534        0xc ./src/MCIoT_LESENSE_LETouch.o
 .text.RTC_IntClear
                0x0000000000003540       0x1c ./src/MCIoT_LESENSE_LETouch.o
 .text.RTC_IntEnable
                0x000000000000355c       0x24 ./src/MCIoT_LESENSE_LETouch.o
 .text.LESENSE_ScanResultDataBufferGet
                0x0000000000003580       0x28 ./src/MCIoT_LESENSE_LETouch.o
 .text.LESENSE_IntClear
                0x00000000000035a8       0x1c ./src/MCIoT_LESENSE_LETouch.o
 .text.LESENSE_IntGet
                0x00000000000035c4       0x18 ./src/MCIoT_LESENSE_LETouch.o
 .text.LETOUCH_Init
                0x00000000000035dc       0xe4 ./src/MCIoT_LESENSE_LETouch.o
                0x00000000000035dc                LETOUCH_Init
 .text.LETOUCH_GetChannelsTouched
                0x00000000000036c0       0x18 ./src/MCIoT_LESENSE_LETouch.o
                0x00000000000036c0                LETOUCH_GetChannelsTouched
 .text.LETOUCH_setupCMU
                0x00000000000036d8       0x6c ./src/MCIoT_LESENSE_LETouch.o
 .text.LETOUCH_setupACMP
                0x0000000000003744       0x24 ./src/MCIoT_LESENSE_LETouch.o
 .text.LETOUCH_setupLESENSE
                0x0000000000003768       0x6c ./src/MCIoT_LESENSE_LETouch.o
 .text.LETOUCH_setupGPIO
                0x00000000000037d4       0x44 ./src/MCIoT_LESENSE_LETouch.o
 .text.LETOUCH_setupRTC
                0x0000000000003818       0x28 ./src/MCIoT_LESENSE_LETouch.o
 .text.LETOUCH_Calibration
                0x0000000000003840      0x1c0 ./src/MCIoT_LESENSE_LETouch.o
                0x0000000000003840                LETOUCH_Calibration
 .text.GetMaxValue
                0x0000000000003a00       0x50 ./src/MCIoT_LESENSE_LETouch.o
 .text.GetMinValue
                0x0000000000003a50       0x54 ./src/MCIoT_LESENSE_LETouch.o
 .text.RTC_IRQHandler
                0x0000000000003aa4       0x14 ./src/MCIoT_LESENSE_LETouch.o
                0x0000000000003aa4                RTC_IRQHandler
 .text.LESENSE_IRQHandler
                0x0000000000003ab8      0x188 ./src/MCIoT_LESENSE_LETouch.o
                0x0000000000003ab8                LESENSE_IRQHandler
 .text.LESENSE_SetUp
                0x0000000000003c40      0x3d8 ./src/MCIoT_LESENSE_Main.o
                0x0000000000003c40                LESENSE_SetUp
 .text.LETIMER_IntClear
                0x0000000000004018       0x1c ./src/MCIoT_LETimer.o
 .text.LETIMER_IntEnable
                0x0000000000004034       0x20 ./src/MCIoT_LETimer.o
 .text.ADC_Start
                0x0000000000004054       0x1c ./src/MCIoT_LETimer.o
 .text.LETimer_Config_LETimer
                0x0000000000004070      0x158 ./src/MCIoT_LETimer.o
                0x0000000000004070                LETimer_Config_LETimer
 .text.LETIMER_Setup
                0x00000000000041c8       0x48 ./src/MCIoT_LETimer.o
                0x00000000000041c8                LETIMER_Setup
 .text.LETimer_Config
                0x0000000000004210       0xa4 ./src/MCIoT_LETimer.o
                0x0000000000004210                LETimer_Config
 .text.LETIMER_Interrupt_Enable
                0x00000000000042b4       0x2c ./src/MCIoT_LETimer.o
                0x00000000000042b4                LETIMER_Interrupt_Enable
 .text.LETIMER0_IRQHandler
                0x00000000000042e0       0x74 ./src/MCIoT_LETimer.o
                0x00000000000042e0                LETIMER0_IRQHandler
 .text.NVIC_DisableIRQ
                0x0000000000004354       0x34 ./src/MCIoT_LEUART.o
 .text.LEUART_IntClear
                0x0000000000004388       0x1c ./src/MCIoT_LEUART.o
 .text.LEUART_IntEnable
                0x00000000000043a4       0x20 ./src/MCIoT_LEUART.o
 .text.LEUART_SetUp
                0x00000000000043c4       0xb8 ./src/MCIoT_LEUART.o
                0x00000000000043c4                LEUART_SetUp
 .text.LEUART_Interrupt_Enable
                0x000000000000447c       0x28 ./src/MCIoT_LEUART.o
                0x000000000000447c                LEUART_Interrupt_Enable
 .text.LEUART0_IRQHandler
                0x00000000000044a4       0xc8 ./src/MCIoT_LEUART.o
                0x00000000000044a4                LEUART0_IRQHandler
 .text.WriteDataToCircBuff
                0x000000000000456c       0x64 ./src/MCIoT_LEUART.o
                0x000000000000456c                WriteDataToCircBuff
 .text.ReadDataFromCircBuff
                0x00000000000045d0       0x68 ./src/MCIoT_LEUART.o
                0x00000000000045d0                ReadDataFromCircBuff
 .text.EMU_EnterEM1
                0x0000000000004638       0x20 ./src/MCIoT_Sleep.o
 .text.blockSleepMode
                0x0000000000004658       0x34 ./src/MCIoT_Sleep.o
                0x0000000000004658                blockSleepMode
 .text.unblockSleepMode
                0x000000000000468c       0x40 ./src/MCIoT_Sleep.o
                0x000000000000468c                unblockSleepMode
 .text.Sleep    0x00000000000046cc       0x48 ./src/MCIoT_Sleep.o
                0x00000000000046cc                Sleep
 .text.TIMER_Setup
                0x0000000000004714       0x2c ./src/MCIoT_Timer.o
                0x0000000000004714                TIMER_Setup
 .text.NVIC_EnableIRQ
                0x0000000000004740       0x30 ./src/MCIoT_main.o
 .text.CHIP_Init
                0x0000000000004770       0x40 ./src/MCIoT_main.o
 .text.main     0x00000000000047b0       0xcc ./src/MCIoT_main.o
                0x00000000000047b0                main
 .text          0x000000000000487c      0x370 /Applications/Simplicity Studio.app/Contents/Eclipse/developer/toolchains/gnu_arm/4.9_2015q3/bin/../lib/gcc/arm-none-eabi/4.9.3/armv7-m/libgcc.a(_arm_addsubdf3.o)
                0x000000000000487c                __aeabi_drsub
                0x0000000000004884                __subdf3
                0x0000000000004884                __aeabi_dsub
                0x0000000000004888                __aeabi_dadd
                0x0000000000004888                __adddf3
                0x0000000000004b00                __aeabi_ui2d
                0x0000000000004b00                __floatunsidf
                0x0000000000004b20                __floatsidf
                0x0000000000004b20                __aeabi_i2d
                0x0000000000004b44                __extendsfdf2
                0x0000000000004b44                __aeabi_f2d
                0x0000000000004b80                __aeabi_ul2d
                0x0000000000004b80                __floatundidf
                0x0000000000004b90                __aeabi_l2d
                0x0000000000004b90                __floatdidf
 .text          0x0000000000004bec      0x424 /Applications/Simplicity Studio.app/Contents/Eclipse/developer/toolchains/gnu_arm/4.9_2015q3/bin/../lib/gcc/arm-none-eabi/4.9.3/armv7-m/libgcc.a(_arm_muldivdf3.o)
                0x0000000000004bec                __aeabi_dmul
                0x0000000000004bec                __muldf3
                0x0000000000004e40                __aeabi_ddiv
                0x0000000000004e40                __divdf3
 .text          0x0000000000005010       0x40 /Applications/Simplicity Studio.app/Contents/Eclipse/developer/toolchains/gnu_arm/4.9_2015q3/bin/../lib/gcc/arm-none-eabi/4.9.3/armv7-m/libgcc.a(_arm_fixunsdfsi.o)
                0x0000000000005010                __fixunsdfsi
                0x0000000000005010                __aeabi_d2uiz
 .text          0x0000000000005050      0x21c /Applications/Simplicity Studio.app/Contents/Eclipse/developer/toolchains/gnu_arm/4.9_2015q3/bin/../lib/gcc/arm-none-eabi/4.9.3/armv7-m/libgcc.a(_arm_addsubsf3.o)
                0x0000000000005050                __aeabi_frsub
                0x0000000000005058                __aeabi_fsub
                0x0000000000005058                __subsf3
                0x000000000000505c                __aeabi_fadd
                0x000000000000505c                __addsf3
                0x00000000000051bc                __aeabi_ui2f
                0x00000000000051bc                __floatunsisf
                0x00000000000051c4                __floatsisf
                0x00000000000051c4                __aeabi_i2f
                0x00000000000051e0                __aeabi_ul2f
                0x00000000000051e0                __floatundisf
                0x00000000000051f0                __aeabi_l2f
                0x00000000000051f0                __floatdisf
 .text          0x000000000000526c      0x2a0 /Applications/Simplicity Studio.app/Contents/Eclipse/developer/toolchains/gnu_arm/4.9_2015q3/bin/../lib/gcc/arm-none-eabi/4.9.3/armv7-m/libgcc.a(_arm_muldivsf3.o)
                0x000000000000526c                __mulsf3
                0x000000000000526c                __aeabi_fmul
                0x00000000000053d4                __divsf3
                0x00000000000053d4                __aeabi_fdiv
 .text          0x000000000000550c       0xec /Applications/Simplicity Studio.app/Contents/Eclipse/developer/toolchains/gnu_arm/4.9_2015q3/bin/../lib/gcc/arm-none-eabi/4.9.3/armv7-m/libgcc.a(_arm_cmpsf2.o)
                0x000000000000550c                __gesf2
                0x000000000000550c                __gtsf2
                0x0000000000005514                __ltsf2
                0x0000000000005514                __lesf2
                0x000000000000551c                __nesf2
                0x000000000000551c                __eqsf2
                0x000000000000551c                __cmpsf2
                0x000000000000557c                __aeabi_cfrcmple
                0x0000000000005584                __aeabi_cfcmpeq
                0x0000000000005584                __aeabi_cfcmple
                0x0000000000005594                __aeabi_fcmpeq
                0x00000000000055a8                __aeabi_fcmplt
                0x00000000000055bc                __aeabi_fcmple
                0x00000000000055d0                __aeabi_fcmpge
                0x00000000000055e4                __aeabi_fcmpgt
 .text          0x00000000000055f8       0x4c /Applications/Simplicity Studio.app/Contents/Eclipse/developer/toolchains/gnu_arm/4.9_2015q3/bin/../lib/gcc/arm-none-eabi/4.9.3/armv7-m/libgcc.a(_arm_fixsfsi.o)
                0x00000000000055f8                __fixsfsi
                0x00000000000055f8                __aeabi_f2iz
 .text          0x0000000000005644       0x40 /Applications/Simplicity Studio.app/Contents/Eclipse/developer/toolchains/gnu_arm/4.9_2015q3/bin/../lib/gcc/arm-none-eabi/4.9.3/armv7-m/libgcc.a(_arm_fixunssfsi.o)
                0x0000000000005644                __aeabi_f2uiz
                0x0000000000005644                __fixunssfsi
 .text.exit     0x0000000000005684       0x28 /Applications/Simplicity Studio.app/Contents/Eclipse/developer/toolchains/gnu_arm/4.9_2015q3/bin/../lib/gcc/arm-none-eabi/4.9.3/../../../../arm-none-eabi/lib/armv7-m/libc_nano.a(lib_a-exit.o)
                0x0000000000005684                exit
 .text.__libc_init_array
                0x00000000000056ac       0x4c /Applications/Simplicity Studio.app/Contents/Eclipse/developer/toolchains/gnu_arm/4.9_2015q3/bin/../lib/gcc/arm-none-eabi/4.9.3/../../../../arm-none-eabi/lib/armv7-m/libc_nano.a(lib_a-init.o)
                0x00000000000056ac                __libc_init_array
 .text.malloc   0x00000000000056f8       0x10 /Applications/Simplicity Studio.app/Contents/Eclipse/developer/toolchains/gnu_arm/4.9_2015q3/bin/../lib/gcc/arm-none-eabi/4.9.3/../../../../arm-none-eabi/lib/armv7-m/libc_nano.a(lib_a-malloc.o)
                0x00000000000056f8                malloc
 .text.memcpy   0x0000000000005708       0x16 /Applications/Simplicity Studio.app/Contents/Eclipse/developer/toolchains/gnu_arm/4.9_2015q3/bin/../lib/gcc/arm-none-eabi/4.9.3/../../../../arm-none-eabi/lib/armv7-m/libc_nano.a(lib_a-memcpy.o)
                0x0000000000005708                memcpy
 .text.memset   0x000000000000571e       0x10 /Applications/Simplicity Studio.app/Contents/Eclipse/developer/toolchains/gnu_arm/4.9_2015q3/bin/../lib/gcc/arm-none-eabi/4.9.3/../../../../arm-none-eabi/lib/armv7-m/libc_nano.a(lib_a-memset.o)
                0x000000000000571e                memset
 *fill*         0x000000000000572e        0x2 
 .text._malloc_r
                0x0000000000005730       0xac /Applications/Simplicity Studio.app/Contents/Eclipse/developer/toolchains/gnu_arm/4.9_2015q3/bin/../lib/gcc/arm-none-eabi/4.9.3/../../../../arm-none-eabi/lib/armv7-m/libc_nano.a(lib_a-nano-mallocr.o)
                0x0000000000005730                _malloc_r
 .text._sbrk_r  0x00000000000057dc       0x20 /Applications/Simplicity Studio.app/Contents/Eclipse/developer/toolchains/gnu_arm/4.9_2015q3/bin/../lib/gcc/arm-none-eabi/4.9.3/../../../../arm-none-eabi/lib/armv7-m/libc_nano.a(lib_a-sbrkr.o)
                0x00000000000057dc                _sbrk_r
 .text._sbrk    0x00000000000057fc       0x1c /Applications/Simplicity Studio.app/Contents/Eclipse/developer/toolchains/gnu_arm/4.9_2015q3/bin/../lib/gcc/arm-none-eabi/4.9.3/../../../../arm-none-eabi/lib/armv7-m/libnosys.a(sbrk.o)
                0x00000000000057fc                _sbrk
 .text._exit    0x0000000000005818        0x4 /Applications/Simplicity Studio.app/Contents/Eclipse/developer/toolchains/gnu_arm/4.9_2015q3/bin/../lib/gcc/arm-none-eabi/4.9.3/../../../../arm-none-eabi/lib/armv7-m/libnosys.a(_exit.o)
                0x0000000000005818                _exit
 *(.init)
 .init          0x000000000000581c        0x4 /Applications/Simplicity Studio.app/Contents/Eclipse/developer/toolchains/gnu_arm/4.9_2015q3/bin/../lib/gcc/arm-none-eabi/4.9.3/armv7-m/crti.o
                0x000000000000581c                _init
 .init          0x0000000000005820        0x8 /Applications/Simplicity Studio.app/Contents/Eclipse/developer/toolchains/gnu_arm/4.9_2015q3/bin/../lib/gcc/arm-none-eabi/4.9.3/armv7-m/crtn.o
 *(.fini)
 .fini          0x0000000000005828        0x4 /Applications/Simplicity Studio.app/Contents/Eclipse/developer/toolchains/gnu_arm/4.9_2015q3/bin/../lib/gcc/arm-none-eabi/4.9.3/armv7-m/crti.o
                0x0000000000005828                _fini
 .fini          0x000000000000582c        0x8 /Applications/Simplicity Studio.app/Contents/Eclipse/developer/toolchains/gnu_arm/4.9_2015q3/bin/../lib/gcc/arm-none-eabi/4.9.3/armv7-m/crtn.o
 *crtbegin.o(.ctors)
 *crtbegin?.o(.ctors)
 *(EXCLUDE_FILE(*crtend.o *crtend?.o) .ctors)
 *(SORT(.ctors.*))
 *(.ctors)
 *crtbegin.o(.dtors)
 *crtbegin?.o(.dtors)
 *(EXCLUDE_FILE(*crtend.o *crtend?.o) .dtors)
 *(SORT(.dtors.*))
 *(.dtors)
 *(.rodata*)
 .rodata        0x0000000000005834        0x9 ./src/MCIoT_ADC.o
 *fill*         0x000000000000583d        0x3 
 .rodata.letimer_calibration_init_params.5634
                0x0000000000005840        0xb ./src/MCIoT_CMU.o
 *fill*         0x000000000000584b        0x1 
 .rodata.acmpInit.6217
                0x000000000000584c       0x14 ./src/MCIoT_LESENSE_LETouch.o
 .rodata.initLesense.6222
                0x0000000000005860       0x40 ./src/MCIoT_LESENSE_LETouch.o
 .rodata.initLesenseCh.6223
                0x00000000000058a0       0x20 ./src/MCIoT_LESENSE_LETouch.o
 .rodata.rtcInit.6237
                0x00000000000058c0        0x3 ./src/MCIoT_LESENSE_LETouch.o
 *fill*         0x00000000000058c3        0x1 
 .rodata        0x00000000000058c4       0x40 ./src/MCIoT_LESENSE_Main.o
 .rodata        0x0000000000005904       0x10 ./src/MCIoT_LEUART.o
 .rodata.letimer0_init_params.7481
                0x0000000000005914        0xb ./src/MCIoT_main.o
 .rodata.str1.1
                0x000000000000591f        0x2 /Applications/Simplicity Studio.app/Contents/Eclipse/developer/toolchains/gnu_arm/4.9_2015q3/bin/../lib/gcc/arm-none-eabi/4.9.3/../../../../arm-none-eabi/lib/armv7-m/libc_nano.a(lib_a-impure.o)
 *fill*         0x0000000000005921        0x3 
 .rodata._global_impure_ptr
                0x0000000000005924        0x4 /Applications/Simplicity Studio.app/Contents/Eclipse/developer/toolchains/gnu_arm/4.9_2015q3/bin/../lib/gcc/arm-none-eabi/4.9.3/../../../../arm-none-eabi/lib/armv7-m/libc_nano.a(lib_a-impure.o)
                0x0000000000005924                _global_impure_ptr
 *(.eh_frame*)
 .eh_frame      0x0000000000005928        0x0 /Applications/Simplicity Studio.app/Contents/Eclipse/developer/toolchains/gnu_arm/4.9_2015q3/bin/../lib/gcc/arm-none-eabi/4.9.3/armv7-m/crtbegin.o
 .eh_frame      0x0000000000005928        0x4 /Applications/Simplicity Studio.app/Contents/Eclipse/developer/toolchains/gnu_arm/4.9_2015q3/bin/../lib/gcc/arm-none-eabi/4.9.3/armv7-m/crtend.o

.glue_7         0x000000000000592c        0x0
 .glue_7        0x0000000000000000        0x0 linker stubs

.glue_7t        0x000000000000592c        0x0
 .glue_7t       0x0000000000000000        0x0 linker stubs

.vfp11_veneer   0x000000000000592c        0x0
 .vfp11_veneer  0x0000000000000000        0x0 linker stubs

.v4_bx          0x000000000000592c        0x0
 .v4_bx         0x0000000000000000        0x0 linker stubs

.iplt           0x000000000000592c        0x0
 .iplt          0x0000000000000000        0x0 /Applications/Simplicity Studio.app/Contents/Eclipse/developer/toolchains/gnu_arm/4.9_2015q3/bin/../lib/gcc/arm-none-eabi/4.9.3/armv7-m/crtbegin.o

.ARM.extab
 *(.ARM.extab* .gnu.linkonce.armextab.*)
                0x000000000000592c                __exidx_start = .

.ARM.exidx      0x000000000000592c        0x8
 *(.ARM.exidx* .gnu.linkonce.armexidx.*)
 .ARM.exidx     0x000000000000592c        0x8 /Applications/Simplicity Studio.app/Contents/Eclipse/developer/toolchains/gnu_arm/4.9_2015q3/bin/../lib/gcc/arm-none-eabi/4.9.3/../../../../arm-none-eabi/lib/armv7-m/crt0.o
                0x0000000000005934                __exidx_end = .
                0x0000000000005934                __etext = .

.rel.dyn        0x0000000000005934        0x0
 .rel.iplt      0x0000000000000000        0x0 /Applications/Simplicity Studio.app/Contents/Eclipse/developer/toolchains/gnu_arm/4.9_2015q3/bin/../lib/gcc/arm-none-eabi/4.9.3/armv7-m/crtbegin.o

.data           0x0000000020000000       0x7c load address 0x0000000000005934
                0x0000000020000000                __data_start__ = .
 *(vtable)
 *(.data*)
 .data.SystemHFXOClock
                0x0000000020000000        0x4 ./CMSIS/EFM32LG/system_efm32lg.o
 .data.SystemLFXOClock
                0x0000000020000004        0x4 ./CMSIS/EFM32LG/system_efm32lg.o
 .data.sampBuff_max
                0x0000000020000008        0x1 ./src/MCIoT_ADC.o
                0x0000000020000008                sampBuff_max
 *fill*         0x0000000020000009        0x3 
 .data.impure_data
                0x000000002000000c       0x60 /Applications/Simplicity Studio.app/Contents/Eclipse/developer/toolchains/gnu_arm/4.9_2015q3/bin/../lib/gcc/arm-none-eabi/4.9.3/../../../../arm-none-eabi/lib/armv7-m/libc_nano.a(lib_a-impure.o)
 .data._impure_ptr
                0x000000002000006c        0x4 /Applications/Simplicity Studio.app/Contents/Eclipse/developer/toolchains/gnu_arm/4.9_2015q3/bin/../lib/gcc/arm-none-eabi/4.9.3/../../../../arm-none-eabi/lib/armv7-m/libc_nano.a(lib_a-impure.o)
                0x000000002000006c                _impure_ptr
                0x0000000020000070                . = ALIGN (0x4)
 *(.ram)
                0x0000000020000070                . = ALIGN (0x4)
                0x0000000020000070                PROVIDE (__preinit_array_start, .)
 *(.preinit_array)
                0x0000000020000070                PROVIDE (__preinit_array_end, .)
                0x0000000020000070                . = ALIGN (0x4)
                0x0000000020000070                PROVIDE (__init_array_start, .)
 *(SORT(.init_array.*))
 *(.init_array)
 .init_array    0x0000000020000070        0x4 /Applications/Simplicity Studio.app/Contents/Eclipse/developer/toolchains/gnu_arm/4.9_2015q3/bin/../lib/gcc/arm-none-eabi/4.9.3/armv7-m/crtbegin.o
                0x0000000020000074                PROVIDE (__init_array_end, .)
                0x0000000020000074                . = ALIGN (0x4)
                0x0000000020000074                PROVIDE (__fini_array_start, .)
 *(SORT(.fini_array.*))
 *(.fini_array)
 .fini_array    0x0000000020000074        0x4 /Applications/Simplicity Studio.app/Contents/Eclipse/developer/toolchains/gnu_arm/4.9_2015q3/bin/../lib/gcc/arm-none-eabi/4.9.3/armv7-m/crtbegin.o
                0x0000000020000078                PROVIDE (__fini_array_end, .)
 *(.jcr*)
 .jcr           0x0000000020000078        0x0 /Applications/Simplicity Studio.app/Contents/Eclipse/developer/toolchains/gnu_arm/4.9_2015q3/bin/../lib/gcc/arm-none-eabi/4.9.3/armv7-m/crtbegin.o
 .jcr           0x0000000020000078        0x4 /Applications/Simplicity Studio.app/Contents/Eclipse/developer/toolchains/gnu_arm/4.9_2015q3/bin/../lib/gcc/arm-none-eabi/4.9.3/armv7-m/crtend.o
                0x000000002000007c                . = ALIGN (0x4)
                0x000000002000007c                __data_end__ = .

.igot.plt       0x000000002000007c        0x0 load address 0x00000000000059b0
 .igot.plt      0x0000000000000000        0x0 /Applications/Simplicity Studio.app/Contents/Eclipse/developer/toolchains/gnu_arm/4.9_2015q3/bin/../lib/gcc/arm-none-eabi/4.9.3/armv7-m/crtbegin.o

.bss            0x0000000020000100      0x904 load address 0x0000000000005b00
                0x0000000020000100                . = ALIGN (0x4)
                0x0000000020000100                __bss_start__ = .
 *(.bss*)
 .bss           0x0000000020000100       0x1c /Applications/Simplicity Studio.app/Contents/Eclipse/developer/toolchains/gnu_arm/4.9_2015q3/bin/../lib/gcc/arm-none-eabi/4.9.3/armv7-m/crtbegin.o
 .bss.cmuStatus
                0x000000002000011c        0x4 ./emlib/em_emu.o
 .bss.calibration_value
                0x0000000020000120      0x140 ./src/MCIoT_LESENSE_LETouch.o
 .bss.buttons_pressed
                0x0000000020000260        0x2 ./src/MCIoT_LESENSE_LETouch.o
 *fill*         0x0000000020000262        0x2 
 .bss.channel_max_value
                0x0000000020000264       0x20 ./src/MCIoT_LESENSE_LETouch.o
 .bss.channel_min_value
                0x0000000020000284       0x20 ./src/MCIoT_LESENSE_LETouch.o
 .bss.channels_used_mask
                0x00000000200002a4        0x2 ./src/MCIoT_LESENSE_LETouch.o
 .bss.num_channels_used
                0x00000000200002a6        0x1 ./src/MCIoT_LESENSE_LETouch.o
 *fill*         0x00000000200002a7        0x1 
 .bss.channel_threshold_percent
                0x00000000200002a8       0x40 ./src/MCIoT_LESENSE_LETouch.o
 .bss.calibration_value_index.6244
                0x00000000200002e8        0x1 ./src/MCIoT_LESENSE_LETouch.o
 *fill*         0x00000000200002e9        0x3 
 .bss.__malloc_sbrk_start
                0x00000000200002ec        0x4 /Applications/Simplicity Studio.app/Contents/Eclipse/developer/toolchains/gnu_arm/4.9_2015q3/bin/../lib/gcc/arm-none-eabi/4.9.3/../../../../arm-none-eabi/lib/armv7-m/libc_nano.a(lib_a-nano-mallocr.o)
                0x00000000200002ec                __malloc_sbrk_start
 .bss.__malloc_free_list
                0x00000000200002f0        0x4 /Applications/Simplicity Studio.app/Contents/Eclipse/developer/toolchains/gnu_arm/4.9_2015q3/bin/../lib/gcc/arm-none-eabi/4.9.3/../../../../arm-none-eabi/lib/armv7-m/libc_nano.a(lib_a-nano-mallocr.o)
                0x00000000200002f0                __malloc_free_list
 .bss.heap_end.4079
                0x00000000200002f4        0x4 /Applications/Simplicity Studio.app/Contents/Eclipse/developer/toolchains/gnu_arm/4.9_2015q3/bin/../lib/gcc/arm-none-eabi/4.9.3/../../../../arm-none-eabi/lib/armv7-m/libnosys.a(sbrk.o)
 *(COMMON)
 COMMON         0x00000000200002f8        0x4 ./CMSIS/EFM32LG/system_efm32lg.o
                0x00000000200002f8                SystemCoreClock
 COMMON         0x00000000200002fc       0x28 ./src/MCIoT_ACMP.o
                0x00000000200002fc                osc_ratio
                0x0000000020000300                is_lesense_auth_done
                0x0000000020000304                prescaled_two_power
                0x0000000020000308                LEUART_is_Enabled
                0x0000000020000309                e_letimer_energy_modes
                0x000000002000030c                letimer0_prescaler
                0x0000000020000310                sleep_block_counter
 COMMON         0x0000000020000324      0x438 ./src/MCIoT_ADC.o
                0x0000000020000324                adc_InitSingle
                0x000000002000032d                leuart_temp_mantissa_data
                0x0000000020000330                dma_cb_fn
                0x000000002000033c                leuart_nvic_is_enabled
                0x000000002000033d                leuart_temp_exponent_data
                0x0000000020000340                ADCDataRAMBuffer
                0x0000000020000728                sampBuff_idx
                0x0000000020000729                leuart_led_data
                0x000000002000072c                adc_Samples_in_RAM
                0x0000000020000730                leuart_temp_sign_data
                0x0000000020000731                state_is_em1_for_leuart_tx
                0x0000000020000732                temp_data_available
                0x0000000020000733                led_data_available
                0x0000000020000734                sampleBuffer
                0x0000000020000744                DataValue
                0x0000000020000748                p_ADCDataRAMBuffer
                0x000000002000074c                leuart_circ_buff
 COMMON         0x000000002000075c        0x1 ./src/MCIoT_I2C.o
                0x000000002000075c                i2c_als_state
 *fill*         0x000000002000075d       0xa3 
 COMMON         0x0000000020000800      0x200 ./src/dmactrl.o
                0x0000000020000800                dmaControlBlock
 COMMON         0x0000000020000a00        0x4 /Applications/Simplicity Studio.app/Contents/Eclipse/developer/toolchains/gnu_arm/4.9_2015q3/bin/../lib/gcc/arm-none-eabi/4.9.3/../../../../arm-none-eabi/lib/armv7-m/libc_nano.a(lib_a-reent.o)
                0x0000000020000a00                errno
                0x0000000020000a04                . = ALIGN (0x4)
                0x0000000020000a04                __bss_end__ = .

.heap           0x0000000020000a08      0xc00
                0x0000000020000a08                __HeapBase = .
                0x0000000020000a08                __end__ = .
                0x0000000020000a08                end = __end__
                0x0000000020000a08                _end = __end__
 *(.heap*)
 .heap          0x0000000020000a08      0xc00 ./CMSIS/EFM32LG/startup_efm32lg.o
                0x0000000020001608                __HeapLimit = .

.stack_dummy    0x0000000020000a08      0x400
 *(.stack*)
 .stack         0x0000000020000a08      0x400 ./CMSIS/EFM32LG/startup_efm32lg.o
                0x0000000020008000                __StackTop = (ORIGIN (RAM) + 0x8000)
                0x0000000020007c00                __StackLimit = (__StackTop - SIZEOF (.stack_dummy))
                0x0000000020008000                PROVIDE (__stack, __StackTop)
                0x0000000000000001                ASSERT ((__StackLimit >= __HeapLimit), region RAM overflowed with stack)
                0x0000000000000001                ASSERT ((0x40000 >= (__etext + SIZEOF (.data))), FLASH memory overflowed !)
OUTPUT(LeopardGecko_Slave_Code.axf elf32-littlearm)

.ARM.attributes
                0x0000000000000000       0x29
 .ARM.attributes
                0x0000000000000000       0x1d /Applications/Simplicity Studio.app/Contents/Eclipse/developer/toolchains/gnu_arm/4.9_2015q3/bin/../lib/gcc/arm-none-eabi/4.9.3/armv7-m/crti.o
 .ARM.attributes
                0x000000000000001d       0x2d /Applications/Simplicity Studio.app/Contents/Eclipse/developer/toolchains/gnu_arm/4.9_2015q3/bin/../lib/gcc/arm-none-eabi/4.9.3/armv7-m/crtbegin.o
 .ARM.attributes
                0x000000000000004a       0x1b /Applications/Simplicity Studio.app/Contents/Eclipse/developer/toolchains/gnu_arm/4.9_2015q3/bin/../lib/gcc/arm-none-eabi/4.9.3/../../../../arm-none-eabi/lib/armv7-m/crt0.o
 .ARM.attributes
                0x0000000000000065       0x1b ./CMSIS/EFM32LG/startup_efm32lg.o
 .ARM.attributes
                0x0000000000000080       0x33 ./CMSIS/EFM32LG/system_efm32lg.o
 .ARM.attributes
                0x00000000000000b3       0x33 ./emlib/em_acmp.o
 .ARM.attributes
                0x00000000000000e6       0x33 ./emlib/em_adc.o
 .ARM.attributes
                0x0000000000000119       0x33 ./emlib/em_cmu.o
 .ARM.attributes
                0x000000000000014c       0x33 ./emlib/em_core.o
 .ARM.attributes
                0x000000000000017f       0x33 ./emlib/em_dma.o
 .ARM.attributes
                0x00000000000001b2       0x33 ./emlib/em_emu.o
 .ARM.attributes
                0x00000000000001e5       0x33 ./emlib/em_gpio.o
 .ARM.attributes
                0x0000000000000218       0x33 ./emlib/em_lesense.o
 .ARM.attributes
                0x000000000000024b       0x33 ./emlib/em_letimer.o
 .ARM.attributes
                0x000000000000027e       0x33 ./emlib/em_leuart.o
 .ARM.attributes
                0x00000000000002b1       0x33 ./emlib/em_rtc.o
 .ARM.attributes
                0x00000000000002e4       0x33 ./emlib/em_system.o
 .ARM.attributes
                0x0000000000000317       0x33 ./emlib/em_timer.o
 .ARM.attributes
                0x000000000000034a       0x33 ./src/MCIoT_ACMP.o
 .ARM.attributes
                0x000000000000037d       0x33 ./src/MCIoT_ADC.o
 .ARM.attributes
                0x00000000000003b0       0x33 ./src/MCIoT_CMU.o
 .ARM.attributes
                0x00000000000003e3       0x33 ./src/MCIoT_DMA.o
 .ARM.attributes
                0x0000000000000416       0x33 ./src/MCIoT_GPIO.o
 .ARM.attributes
                0x0000000000000449       0x33 ./src/MCIoT_I2C.o
 .ARM.attributes
                0x000000000000047c       0x33 ./src/MCIoT_LESENSE_LETouch.o
 .ARM.attributes
                0x00000000000004af       0x33 ./src/MCIoT_LESENSE_Main.o
 .ARM.attributes
                0x00000000000004e2       0x33 ./src/MCIoT_LETimer.o
 .ARM.attributes
                0x0000000000000515       0x33 ./src/MCIoT_LEUART.o
 .ARM.attributes
                0x0000000000000548       0x33 ./src/MCIoT_Sleep.o
 .ARM.attributes
                0x000000000000057b       0x33 ./src/MCIoT_Timer.o
 .ARM.attributes
                0x00000000000005ae       0x33 ./src/MCIoT_main.o
 .ARM.attributes
                0x00000000000005e1       0x33 ./src/dmactrl.o
 .ARM.attributes
                0x0000000000000614       0x1d /Applications/Simplicity Studio.app/Contents/Eclipse/developer/toolchains/gnu_arm/4.9_2015q3/bin/../lib/gcc/arm-none-eabi/4.9.3/armv7-m/libgcc.a(_arm_addsubdf3.o)
 .ARM.attributes
                0x0000000000000631       0x1d /Applications/Simplicity Studio.app/Contents/Eclipse/developer/toolchains/gnu_arm/4.9_2015q3/bin/../lib/gcc/arm-none-eabi/4.9.3/armv7-m/libgcc.a(_arm_muldivdf3.o)
 .ARM.attributes
                0x000000000000064e       0x1d /Applications/Simplicity Studio.app/Contents/Eclipse/developer/toolchains/gnu_arm/4.9_2015q3/bin/../lib/gcc/arm-none-eabi/4.9.3/armv7-m/libgcc.a(_arm_fixunsdfsi.o)
 .ARM.attributes
                0x000000000000066b       0x1d /Applications/Simplicity Studio.app/Contents/Eclipse/developer/toolchains/gnu_arm/4.9_2015q3/bin/../lib/gcc/arm-none-eabi/4.9.3/armv7-m/libgcc.a(_arm_addsubsf3.o)
 .ARM.attributes
                0x0000000000000688       0x1d /Applications/Simplicity Studio.app/Contents/Eclipse/developer/toolchains/gnu_arm/4.9_2015q3/bin/../lib/gcc/arm-none-eabi/4.9.3/armv7-m/libgcc.a(_arm_muldivsf3.o)
 .ARM.attributes
                0x00000000000006a5       0x1d /Applications/Simplicity Studio.app/Contents/Eclipse/developer/toolchains/gnu_arm/4.9_2015q3/bin/../lib/gcc/arm-none-eabi/4.9.3/armv7-m/libgcc.a(_arm_cmpsf2.o)
 .ARM.attributes
                0x00000000000006c2       0x1d /Applications/Simplicity Studio.app/Contents/Eclipse/developer/toolchains/gnu_arm/4.9_2015q3/bin/../lib/gcc/arm-none-eabi/4.9.3/armv7-m/libgcc.a(_arm_fixsfsi.o)
 .ARM.attributes
                0x00000000000006df       0x1d /Applications/Simplicity Studio.app/Contents/Eclipse/developer/toolchains/gnu_arm/4.9_2015q3/bin/../lib/gcc/arm-none-eabi/4.9.3/armv7-m/libgcc.a(_arm_fixunssfsi.o)
 .ARM.attributes
                0x00000000000006fc       0x2d /Applications/Simplicity Studio.app/Contents/Eclipse/developer/toolchains/gnu_arm/4.9_2015q3/bin/../lib/gcc/arm-none-eabi/4.9.3/../../../../arm-none-eabi/lib/armv7-m/libc_nano.a(lib_a-exit.o)
 .ARM.attributes
                0x0000000000000729       0x2d /Applications/Simplicity Studio.app/Contents/Eclipse/developer/toolchains/gnu_arm/4.9_2015q3/bin/../lib/gcc/arm-none-eabi/4.9.3/../../../../arm-none-eabi/lib/armv7-m/libc_nano.a(lib_a-impure.o)
 .ARM.attributes
                0x0000000000000756       0x2d /Applications/Simplicity Studio.app/Contents/Eclipse/developer/toolchains/gnu_arm/4.9_2015q3/bin/../lib/gcc/arm-none-eabi/4.9.3/../../../../arm-none-eabi/lib/armv7-m/libc_nano.a(lib_a-init.o)
 .ARM.attributes
                0x0000000000000783       0x2d /Applications/Simplicity Studio.app/Contents/Eclipse/developer/toolchains/gnu_arm/4.9_2015q3/bin/../lib/gcc/arm-none-eabi/4.9.3/../../../../arm-none-eabi/lib/armv7-m/libc_nano.a(lib_a-malloc.o)
 .ARM.attributes
                0x00000000000007b0       0x2d /Applications/Simplicity Studio.app/Contents/Eclipse/developer/toolchains/gnu_arm/4.9_2015q3/bin/../lib/gcc/arm-none-eabi/4.9.3/../../../../arm-none-eabi/lib/armv7-m/libc_nano.a(lib_a-memcpy.o)
 .ARM.attributes
                0x00000000000007dd       0x2d /Applications/Simplicity Studio.app/Contents/Eclipse/developer/toolchains/gnu_arm/4.9_2015q3/bin/../lib/gcc/arm-none-eabi/4.9.3/../../../../arm-none-eabi/lib/armv7-m/libc_nano.a(lib_a-memset.o)
 .ARM.attributes
                0x000000000000080a       0x2d /Applications/Simplicity Studio.app/Contents/Eclipse/developer/toolchains/gnu_arm/4.9_2015q3/bin/../lib/gcc/arm-none-eabi/4.9.3/../../../../arm-none-eabi/lib/armv7-m/libc_nano.a(lib_a-nano-mallocr.o)
 .ARM.attributes
                0x0000000000000837       0x2d /Applications/Simplicity Studio.app/Contents/Eclipse/developer/toolchains/gnu_arm/4.9_2015q3/bin/../lib/gcc/arm-none-eabi/4.9.3/../../../../arm-none-eabi/lib/armv7-m/libc_nano.a(lib_a-sbrkr.o)
 .ARM.attributes
                0x0000000000000864       0x2d /Applications/Simplicity Studio.app/Contents/Eclipse/developer/toolchains/gnu_arm/4.9_2015q3/bin/../lib/gcc/arm-none-eabi/4.9.3/../../../../arm-none-eabi/lib/armv7-m/libc_nano.a(lib_a-reent.o)
 .ARM.attributes
                0x0000000000000891       0x2d /Applications/Simplicity Studio.app/Contents/Eclipse/developer/toolchains/gnu_arm/4.9_2015q3/bin/../lib/gcc/arm-none-eabi/4.9.3/../../../../arm-none-eabi/lib/armv7-m/libnosys.a(sbrk.o)
 .ARM.attributes
                0x00000000000008be       0x2d /Applications/Simplicity Studio.app/Contents/Eclipse/developer/toolchains/gnu_arm/4.9_2015q3/bin/../lib/gcc/arm-none-eabi/4.9.3/../../../../arm-none-eabi/lib/armv7-m/libnosys.a(_exit.o)
 .ARM.attributes
                0x00000000000008eb       0x2d /Applications/Simplicity Studio.app/Contents/Eclipse/developer/toolchains/gnu_arm/4.9_2015q3/bin/../lib/gcc/arm-none-eabi/4.9.3/armv7-m/crtend.o
 .ARM.attributes
                0x0000000000000918       0x1d /Applications/Simplicity Studio.app/Contents/Eclipse/developer/toolchains/gnu_arm/4.9_2015q3/bin/../lib/gcc/arm-none-eabi/4.9.3/armv7-m/crtn.o

.comment        0x0000000000000000       0x70
 .comment       0x0000000000000000       0x70 ./CMSIS/EFM32LG/system_efm32lg.o
                                         0x71 (size before relaxing)
 .comment       0x0000000000000000       0x71 ./emlib/em_acmp.o
 .comment       0x0000000000000000       0x71 ./emlib/em_adc.o
 .comment       0x0000000000000000       0x71 ./emlib/em_cmu.o
 .comment       0x0000000000000000       0x71 ./emlib/em_core.o
 .comment       0x0000000000000000       0x71 ./emlib/em_dma.o
 .comment       0x0000000000000000       0x71 ./emlib/em_emu.o
 .comment       0x0000000000000000       0x71 ./emlib/em_gpio.o
 .comment       0x0000000000000000       0x71 ./emlib/em_lesense.o
 .comment       0x0000000000000000       0x71 ./emlib/em_letimer.o
 .comment       0x0000000000000000       0x71 ./emlib/em_leuart.o
 .comment       0x0000000000000000       0x71 ./emlib/em_rtc.o
 .comment       0x0000000000000000       0x71 ./emlib/em_system.o
 .comment       0x0000000000000000       0x71 ./emlib/em_timer.o
 .comment       0x0000000000000000       0x71 ./src/MCIoT_ACMP.o
 .comment       0x0000000000000000       0x71 ./src/MCIoT_ADC.o
 .comment       0x0000000000000000       0x71 ./src/MCIoT_CMU.o
 .comment       0x0000000000000000       0x71 ./src/MCIoT_DMA.o
 .comment       0x0000000000000000       0x71 ./src/MCIoT_GPIO.o
 .comment       0x0000000000000000       0x71 ./src/MCIoT_I2C.o
 .comment       0x0000000000000000       0x71 ./src/MCIoT_LESENSE_LETouch.o
 .comment       0x0000000000000000       0x71 ./src/MCIoT_LESENSE_Main.o
 .comment       0x0000000000000000       0x71 ./src/MCIoT_LETimer.o
 .comment       0x0000000000000000       0x71 ./src/MCIoT_LEUART.o
 .comment       0x0000000000000000       0x71 ./src/MCIoT_Sleep.o
 .comment       0x0000000000000000       0x71 ./src/MCIoT_Timer.o
 .comment       0x0000000000000000       0x71 ./src/MCIoT_main.o
 .comment       0x0000000000000000       0x71 ./src/dmactrl.o

.debug_line     0x0000000000000000     0x848e
 .debug_line    0x0000000000000000       0xdf ./CMSIS/EFM32LG/startup_efm32lg.o
 .debug_line    0x00000000000000df      0x3d3 ./CMSIS/EFM32LG/system_efm32lg.o
 .debug_line    0x00000000000004b2      0x43a ./emlib/em_acmp.o
 .debug_line    0x00000000000008ec      0x3f8 ./emlib/em_adc.o
 .debug_line    0x0000000000000ce4      0xa5c ./emlib/em_cmu.o
 .debug_line    0x0000000000001740      0x639 ./emlib/em_core.o
 .debug_line    0x0000000000001d79      0x5cc ./emlib/em_dma.o
 .debug_line    0x0000000000002345      0x593 ./emlib/em_emu.o
 .debug_line    0x00000000000028d8      0x4b7 ./emlib/em_gpio.o
 .debug_line    0x0000000000002d8f      0x6f6 ./emlib/em_lesense.o
 .debug_line    0x0000000000003485      0x3ed ./emlib/em_letimer.o
 .debug_line    0x0000000000003872      0x46c ./emlib/em_leuart.o
 .debug_line    0x0000000000003cde      0x39b ./emlib/em_rtc.o
 .debug_line    0x0000000000004079      0x367 ./emlib/em_system.o
 .debug_line    0x00000000000043e0      0x5cd ./emlib/em_timer.o
 .debug_line    0x00000000000049ad      0x372 ./src/MCIoT_ACMP.o
 .debug_line    0x0000000000004d1f      0x48e ./src/MCIoT_ADC.o
 .debug_line    0x00000000000051ad      0x42c ./src/MCIoT_CMU.o
 .debug_line    0x00000000000055d9      0x46a ./src/MCIoT_DMA.o
 .debug_line    0x0000000000005a43      0x437 ./src/MCIoT_GPIO.o
 .debug_line    0x0000000000005e7a      0x65b ./src/MCIoT_I2C.o
 .debug_line    0x00000000000064d5      0x650 ./src/MCIoT_LESENSE_LETouch.o
 .debug_line    0x0000000000006b25      0x350 ./src/MCIoT_LESENSE_Main.o
 .debug_line    0x0000000000006e75      0x4b0 ./src/MCIoT_LETimer.o
 .debug_line    0x0000000000007325      0x46d ./src/MCIoT_LEUART.o
 .debug_line    0x0000000000007792      0x330 ./src/MCIoT_Sleep.o
 .debug_line    0x0000000000007ac2      0x350 ./src/MCIoT_Timer.o
 .debug_line    0x0000000000007e12      0x423 ./src/MCIoT_main.o
 .debug_line    0x0000000000008235      0x259 ./src/dmactrl.o

.debug_info     0x0000000000000000    0x11d68
 .debug_info    0x0000000000000000      0x11f ./CMSIS/EFM32LG/startup_efm32lg.o
 .debug_info    0x000000000000011f      0x57e ./CMSIS/EFM32LG/system_efm32lg.o
 .debug_info    0x000000000000069d      0x640 ./emlib/em_acmp.o
 .debug_info    0x0000000000000cdd      0xa91 ./emlib/em_adc.o
 .debug_info    0x000000000000176e     0x13bd ./emlib/em_cmu.o
 .debug_info    0x0000000000002b2b      0xcfe ./emlib/em_core.o
 .debug_info    0x0000000000003829     0x12e9 ./emlib/em_dma.o
 .debug_info    0x0000000000004b12      0xdb2 ./emlib/em_emu.o
 .debug_info    0x00000000000058c4      0x65e ./emlib/em_gpio.o
 .debug_info    0x0000000000005f22     0x142b ./emlib/em_lesense.o
 .debug_info    0x000000000000734d      0x523 ./emlib/em_letimer.o
 .debug_info    0x0000000000007870      0x854 ./emlib/em_leuart.o
 .debug_info    0x00000000000080c4      0x343 ./emlib/em_rtc.o
 .debug_info    0x0000000000008407      0x269 ./emlib/em_system.o
 .debug_info    0x0000000000008670      0x8e3 ./emlib/em_timer.o
 .debug_info    0x0000000000008f53      0x4dc ./src/MCIoT_ACMP.o
 .debug_info    0x000000000000942f      0xf9e ./src/MCIoT_ADC.o
 .debug_info    0x000000000000a3cd      0xc3b ./src/MCIoT_CMU.o
 .debug_info    0x000000000000b008      0xb8f ./src/MCIoT_DMA.o
 .debug_info    0x000000000000bb97      0x64c ./src/MCIoT_GPIO.o
 .debug_info    0x000000000000c1e3      0xd7e ./src/MCIoT_I2C.o
 .debug_info    0x000000000000cf61     0x1798 ./src/MCIoT_LESENSE_LETouch.o
 .debug_info    0x000000000000e6f9      0x4ac ./src/MCIoT_LESENSE_Main.o
 .debug_info    0x000000000000eba5      0xdc0 ./src/MCIoT_LETimer.o
 .debug_info    0x000000000000f965      0xad0 ./src/MCIoT_LEUART.o
 .debug_info    0x0000000000010435      0x6dd ./src/MCIoT_Sleep.o
 .debug_info    0x0000000000010b12      0x53f ./src/MCIoT_Timer.o
 .debug_info    0x0000000000011051      0xbee ./src/MCIoT_main.o
 .debug_info    0x0000000000011c3f      0x129 ./src/dmactrl.o

.debug_abbrev   0x0000000000000000     0x3141
 .debug_abbrev  0x0000000000000000       0x14 ./CMSIS/EFM32LG/startup_efm32lg.o
 .debug_abbrev  0x0000000000000014      0x16b ./CMSIS/EFM32LG/system_efm32lg.o
 .debug_abbrev  0x000000000000017f      0x1bb ./emlib/em_acmp.o
 .debug_abbrev  0x000000000000033a      0x1b0 ./emlib/em_adc.o
 .debug_abbrev  0x00000000000004ea      0x2e0 ./emlib/em_cmu.o
 .debug_abbrev  0x00000000000007ca      0x239 ./emlib/em_core.o
 .debug_abbrev  0x0000000000000a03      0x23b ./emlib/em_dma.o
 .debug_abbrev  0x0000000000000c3e      0x254 ./emlib/em_emu.o
 .debug_abbrev  0x0000000000000e92      0x1cf ./emlib/em_gpio.o
 .debug_abbrev  0x0000000000001061      0x230 ./emlib/em_lesense.o
 .debug_abbrev  0x0000000000001291      0x1a3 ./emlib/em_letimer.o
 .debug_abbrev  0x0000000000001434      0x1bb ./emlib/em_leuart.o
 .debug_abbrev  0x00000000000015ef      0x198 ./emlib/em_rtc.o
 .debug_abbrev  0x0000000000001787       0xde ./emlib/em_system.o
 .debug_abbrev  0x0000000000001865      0x19b ./emlib/em_timer.o
 .debug_abbrev  0x0000000000001a00      0x172 ./src/MCIoT_ACMP.o
 .debug_abbrev  0x0000000000001b72      0x206 ./src/MCIoT_ADC.o
 .debug_abbrev  0x0000000000001d78      0x1bb ./src/MCIoT_CMU.o
 .debug_abbrev  0x0000000000001f33      0x19b ./src/MCIoT_DMA.o
 .debug_abbrev  0x00000000000020ce      0x187 ./src/MCIoT_GPIO.o
 .debug_abbrev  0x0000000000002255      0x26d ./src/MCIoT_I2C.o
 .debug_abbrev  0x00000000000024c2      0x2be ./src/MCIoT_LESENSE_LETouch.o
 .debug_abbrev  0x0000000000002780       0xfd ./src/MCIoT_LESENSE_Main.o
 .debug_abbrev  0x000000000000287d      0x1bf ./src/MCIoT_LETimer.o
 .debug_abbrev  0x0000000000002a3c      0x1f6 ./src/MCIoT_LEUART.o
 .debug_abbrev  0x0000000000002c32      0x16b ./src/MCIoT_Sleep.o
 .debug_abbrev  0x0000000000002d9d      0x135 ./src/MCIoT_Timer.o
 .debug_abbrev  0x0000000000002ed2      0x1d7 ./src/MCIoT_main.o
 .debug_abbrev  0x00000000000030a9       0x98 ./src/dmactrl.o

.debug_aranges  0x0000000000000000      0xc28
 .debug_aranges
                0x0000000000000000       0x20 ./CMSIS/EFM32LG/startup_efm32lg.o
 .debug_aranges
                0x0000000000000020       0x70 ./CMSIS/EFM32LG/system_efm32lg.o
 .debug_aranges
                0x0000000000000090       0x68 ./emlib/em_acmp.o
 .debug_aranges
                0x00000000000000f8       0x50 ./emlib/em_adc.o
 .debug_aranges
                0x0000000000000148      0x168 ./emlib/em_cmu.o
 .debug_aranges
                0x00000000000002b0       0xe8 ./emlib/em_core.o
 .debug_aranges
                0x0000000000000398       0xc0 ./emlib/em_dma.o
 .debug_aranges
                0x0000000000000458       0xa8 ./emlib/em_emu.o
 .debug_aranges
                0x0000000000000500       0x70 ./emlib/em_gpio.o
 .debug_aranges
                0x0000000000000570       0xc8 ./emlib/em_lesense.o
 .debug_aranges
                0x0000000000000638       0x58 ./emlib/em_letimer.o
 .debug_aranges
                0x0000000000000690       0x88 ./emlib/em_leuart.o
 .debug_aranges
                0x0000000000000718       0x58 ./emlib/em_rtc.o
 .debug_aranges
                0x0000000000000770       0x28 ./emlib/em_system.o
 .debug_aranges
                0x0000000000000798       0x50 ./emlib/em_timer.o
 .debug_aranges
                0x00000000000007e8       0x30 ./src/MCIoT_ACMP.o
 .debug_aranges
                0x0000000000000818       0x58 ./src/MCIoT_ADC.o
 .debug_aranges
                0x0000000000000870       0x40 ./src/MCIoT_CMU.o
 .debug_aranges
                0x00000000000008b0       0x28 ./src/MCIoT_DMA.o
 .debug_aranges
                0x00000000000008d8       0x50 ./src/MCIoT_GPIO.o
 .debug_aranges
                0x0000000000000928       0xd0 ./src/MCIoT_I2C.o
 .debug_aranges
                0x00000000000009f8       0xc0 ./src/MCIoT_LESENSE_LETouch.o
 .debug_aranges
                0x0000000000000ab8       0x20 ./src/MCIoT_LESENSE_Main.o
 .debug_aranges
                0x0000000000000ad8       0x58 ./src/MCIoT_LETimer.o
 .debug_aranges
                0x0000000000000b30       0x58 ./src/MCIoT_LEUART.o
 .debug_aranges
                0x0000000000000b88       0x38 ./src/MCIoT_Sleep.o
 .debug_aranges
                0x0000000000000bc0       0x20 ./src/MCIoT_Timer.o
 .debug_aranges
                0x0000000000000be0       0x30 ./src/MCIoT_main.o
 .debug_aranges
                0x0000000000000c10       0x18 ./src/dmactrl.o

.debug_loc      0x0000000000000000     0x5fb8
 .debug_loc     0x0000000000000000      0x31c ./CMSIS/EFM32LG/system_efm32lg.o
 .debug_loc     0x000000000000031c      0x368 ./emlib/em_acmp.o
 .debug_loc     0x0000000000000684      0x23c ./emlib/em_adc.o
 .debug_loc     0x00000000000008c0      0xd50 ./emlib/em_cmu.o
 .debug_loc     0x0000000000001610      0x88c ./emlib/em_core.o
 .debug_loc     0x0000000000001e9c      0x72c ./emlib/em_dma.o
 .debug_loc     0x00000000000025c8      0x5a0 ./emlib/em_emu.o
 .debug_loc     0x0000000000002b68      0x3d0 ./emlib/em_gpio.o
 .debug_loc     0x0000000000002f38      0x710 ./emlib/em_lesense.o
 .debug_loc     0x0000000000003648      0x2d4 ./emlib/em_letimer.o
 .debug_loc     0x000000000000391c      0x49c ./emlib/em_leuart.o
 .debug_loc     0x0000000000003db8      0x28c ./emlib/em_rtc.o
 .debug_loc     0x0000000000004044       0xb8 ./emlib/em_system.o
 .debug_loc     0x00000000000040fc      0x278 ./emlib/em_timer.o
 .debug_loc     0x0000000000004374       0xd8 ./src/MCIoT_ACMP.o
 .debug_loc     0x000000000000444c      0x280 ./src/MCIoT_ADC.o
 .debug_loc     0x00000000000046cc      0x179 ./src/MCIoT_CMU.o
 .debug_loc     0x0000000000004845       0xa0 ./src/MCIoT_DMA.o
 .debug_loc     0x00000000000048e5      0x200 ./src/MCIoT_GPIO.o
 .debug_loc     0x0000000000004ae5      0x694 ./src/MCIoT_I2C.o
 .debug_loc     0x0000000000005179      0x630 ./src/MCIoT_LESENSE_LETouch.o
 .debug_loc     0x00000000000057a9       0x52 ./src/MCIoT_LESENSE_Main.o
 .debug_loc     0x00000000000057fb      0x2a5 ./src/MCIoT_LETimer.o
 .debug_loc     0x0000000000005aa0      0x2bc ./src/MCIoT_LEUART.o
 .debug_loc     0x0000000000005d5c      0x110 ./src/MCIoT_Sleep.o
 .debug_loc     0x0000000000005e6c       0x74 ./src/MCIoT_Timer.o
 .debug_loc     0x0000000000005ee0       0xd8 ./src/MCIoT_main.o

.debug_ranges   0x0000000000000000      0xa40
 .debug_ranges  0x0000000000000000       0x60 ./CMSIS/EFM32LG/system_efm32lg.o
 .debug_ranges  0x0000000000000060       0x58 ./emlib/em_acmp.o
 .debug_ranges  0x00000000000000b8       0x40 ./emlib/em_adc.o
 .debug_ranges  0x00000000000000f8      0x158 ./emlib/em_cmu.o
 .debug_ranges  0x0000000000000250       0xd8 ./emlib/em_core.o
 .debug_ranges  0x0000000000000328       0xb0 ./emlib/em_dma.o
 .debug_ranges  0x00000000000003d8       0x98 ./emlib/em_emu.o
 .debug_ranges  0x0000000000000470       0x60 ./emlib/em_gpio.o
 .debug_ranges  0x00000000000004d0       0xb8 ./emlib/em_lesense.o
 .debug_ranges  0x0000000000000588       0x48 ./emlib/em_letimer.o
 .debug_ranges  0x00000000000005d0       0x78 ./emlib/em_leuart.o
 .debug_ranges  0x0000000000000648       0x48 ./emlib/em_rtc.o
 .debug_ranges  0x0000000000000690       0x18 ./emlib/em_system.o
 .debug_ranges  0x00000000000006a8       0x40 ./emlib/em_timer.o
 .debug_ranges  0x00000000000006e8       0x20 ./src/MCIoT_ACMP.o
 .debug_ranges  0x0000000000000708       0x48 ./src/MCIoT_ADC.o
 .debug_ranges  0x0000000000000750       0x30 ./src/MCIoT_CMU.o
 .debug_ranges  0x0000000000000780       0x18 ./src/MCIoT_DMA.o
 .debug_ranges  0x0000000000000798       0x40 ./src/MCIoT_GPIO.o
 .debug_ranges  0x00000000000007d8       0xc0 ./src/MCIoT_I2C.o
 .debug_ranges  0x0000000000000898       0xb0 ./src/MCIoT_LESENSE_LETouch.o
 .debug_ranges  0x0000000000000948       0x10 ./src/MCIoT_LESENSE_Main.o
 .debug_ranges  0x0000000000000958       0x48 ./src/MCIoT_LETimer.o
 .debug_ranges  0x00000000000009a0       0x48 ./src/MCIoT_LEUART.o
 .debug_ranges  0x00000000000009e8       0x28 ./src/MCIoT_Sleep.o
 .debug_ranges  0x0000000000000a10       0x10 ./src/MCIoT_Timer.o
 .debug_ranges  0x0000000000000a20       0x20 ./src/MCIoT_main.o

.debug_str      0x0000000000000000     0x5c95
 .debug_str     0x0000000000000000      0x44e ./CMSIS/EFM32LG/system_efm32lg.o
                                        0x4d5 (size before relaxing)
 .debug_str     0x000000000000044e      0x4b5 ./emlib/em_acmp.o
                                        0x66f (size before relaxing)
 .debug_str     0x0000000000000903      0x924 ./emlib/em_adc.o
                                        0xbf1 (size before relaxing)
 .debug_str     0x0000000000001227      0x982 ./emlib/em_cmu.o
                                        0xfdf (size before relaxing)
 .debug_str     0x0000000000001ba9      0x608 ./emlib/em_core.o
                                        0x862 (size before relaxing)
 .debug_str     0x00000000000021b1      0x5f3 ./emlib/em_dma.o
                                        0xd9b (size before relaxing)
 .debug_str     0x00000000000027a4      0x41c ./emlib/em_emu.o
                                        0x86f (size before relaxing)
 .debug_str     0x0000000000002bc0      0x3b2 ./emlib/em_gpio.o
                                        0x612 (size before relaxing)
 .debug_str     0x0000000000002f72     0x10f2 ./emlib/em_lesense.o
                                       0x15c9 (size before relaxing)
 .debug_str     0x0000000000004064      0x20b ./emlib/em_letimer.o
                                        0x45e (size before relaxing)
 .debug_str     0x000000000000426f      0x2b2 ./emlib/em_leuart.o
                                        0x7a0 (size before relaxing)
 .debug_str     0x0000000000004521       0x8d ./emlib/em_rtc.o
                                        0x2f8 (size before relaxing)
 .debug_str     0x00000000000045ae      0x101 ./emlib/em_system.o
                                        0x2f0 (size before relaxing)
 .debug_str     0x00000000000046af      0x707 ./emlib/em_timer.o
                                        0x99a (size before relaxing)
 .debug_str     0x0000000000004db6      0x160 ./src/MCIoT_ACMP.o
                                        0x808 (size before relaxing)
 .debug_str     0x0000000000004f16      0x269 ./src/MCIoT_ADC.o
                                       0x120c (size before relaxing)
 .debug_str     0x000000000000517f       0xec ./src/MCIoT_CMU.o
                                        0xc94 (size before relaxing)
 .debug_str     0x000000000000526b       0x68 ./src/MCIoT_DMA.o
                                        0xe7a (size before relaxing)
 .debug_str     0x00000000000052d3       0x73 ./src/MCIoT_GPIO.o
                                        0x685 (size before relaxing)
 .debug_str     0x0000000000005346      0x2c4 ./src/MCIoT_I2C.o
                                        0xd2a (size before relaxing)
 .debug_str     0x000000000000560a      0x286 ./src/MCIoT_LESENSE_LETouch.o
                                       0x1aca (size before relaxing)
 .debug_str     0x0000000000005890       0xf0 ./src/MCIoT_LESENSE_Main.o
                                        0x6ce (size before relaxing)
 .debug_str     0x0000000000005980      0x13e ./src/MCIoT_LETimer.o
                                        0xff2 (size before relaxing)
 .debug_str     0x0000000000005abe      0x12e ./src/MCIoT_LEUART.o
                                        0xc2f (size before relaxing)
 .debug_str     0x0000000000005bec       0x39 ./src/MCIoT_Sleep.o
                                        0x82f (size before relaxing)
 .debug_str     0x0000000000005c25       0x1f ./src/MCIoT_Timer.o
                                        0x61d (size before relaxing)
 .debug_str     0x0000000000005c44       0x40 ./src/MCIoT_main.o
                                        0xe13 (size before relaxing)
 .debug_str     0x0000000000005c84       0x11 ./src/dmactrl.o
                                        0x244 (size before relaxing)

.debug_frame    0x0000000000000000     0x2f0c
 .debug_frame   0x0000000000000000      0x180 ./CMSIS/EFM32LG/system_efm32lg.o
 .debug_frame   0x0000000000000180      0x190 ./emlib/em_acmp.o
 .debug_frame   0x0000000000000310      0x110 ./emlib/em_adc.o
 .debug_frame   0x0000000000000420      0x630 ./emlib/em_cmu.o
 .debug_frame   0x0000000000000a50      0x3dc ./emlib/em_core.o
 .debug_frame   0x0000000000000e2c      0x340 ./emlib/em_dma.o
 .debug_frame   0x000000000000116c      0x29c ./emlib/em_emu.o
 .debug_frame   0x0000000000001408      0x1c0 ./emlib/em_gpio.o
 .debug_frame   0x00000000000015c8      0x33c ./emlib/em_lesense.o
 .debug_frame   0x0000000000001904      0x14c ./emlib/em_letimer.o
 .debug_frame   0x0000000000001a50      0x21c ./emlib/em_leuart.o
 .debug_frame   0x0000000000001c6c      0x138 ./emlib/em_rtc.o
 .debug_frame   0x0000000000001da4       0x60 ./emlib/em_system.o
 .debug_frame   0x0000000000001e04      0x124 ./emlib/em_timer.o
 .debug_frame   0x0000000000001f28       0x7c ./src/MCIoT_ACMP.o
 .debug_frame   0x0000000000001fa4      0x138 ./src/MCIoT_ADC.o
 .debug_frame   0x00000000000020dc       0xc4 ./src/MCIoT_CMU.o
 .debug_frame   0x00000000000021a0       0x5c ./src/MCIoT_DMA.o
 .debug_frame   0x00000000000021fc      0x104 ./src/MCIoT_GPIO.o
 .debug_frame   0x0000000000002300      0x33c ./src/MCIoT_I2C.o
 .debug_frame   0x000000000000263c      0x300 ./src/MCIoT_LESENSE_LETouch.o
 .debug_frame   0x000000000000293c       0x3c ./src/MCIoT_LESENSE_Main.o
 .debug_frame   0x0000000000002978      0x140 ./src/MCIoT_LETimer.o
 .debug_frame   0x0000000000002ab8      0x148 ./src/MCIoT_LEUART.o
 .debug_frame   0x0000000000002c00       0x94 ./src/MCIoT_Sleep.o
 .debug_frame   0x0000000000002c94       0x40 ./src/MCIoT_Timer.o
 .debug_frame   0x0000000000002cd4       0x78 ./src/MCIoT_main.o
 .debug_frame   0x0000000000002d4c       0x28 /Applications/Simplicity Studio.app/Contents/Eclipse/developer/toolchains/gnu_arm/4.9_2015q3/bin/../lib/gcc/arm-none-eabi/4.9.3/../../../../arm-none-eabi/lib/armv7-m/libc_nano.a(lib_a-exit.o)
 .debug_frame   0x0000000000002d74       0x2c /Applications/Simplicity Studio.app/Contents/Eclipse/developer/toolchains/gnu_arm/4.9_2015q3/bin/../lib/gcc/arm-none-eabi/4.9.3/../../../../arm-none-eabi/lib/armv7-m/libc_nano.a(lib_a-init.o)
 .debug_frame   0x0000000000002da0       0x30 /Applications/Simplicity Studio.app/Contents/Eclipse/developer/toolchains/gnu_arm/4.9_2015q3/bin/../lib/gcc/arm-none-eabi/4.9.3/../../../../arm-none-eabi/lib/armv7-m/libc_nano.a(lib_a-malloc.o)
 .debug_frame   0x0000000000002dd0       0x28 /Applications/Simplicity Studio.app/Contents/Eclipse/developer/toolchains/gnu_arm/4.9_2015q3/bin/../lib/gcc/arm-none-eabi/4.9.3/../../../../arm-none-eabi/lib/armv7-m/libc_nano.a(lib_a-memcpy.o)
 .debug_frame   0x0000000000002df8       0x20 /Applications/Simplicity Studio.app/Contents/Eclipse/developer/toolchains/gnu_arm/4.9_2015q3/bin/../lib/gcc/arm-none-eabi/4.9.3/../../../../arm-none-eabi/lib/armv7-m/libc_nano.a(lib_a-memset.o)
 .debug_frame   0x0000000000002e18       0x2c /Applications/Simplicity Studio.app/Contents/Eclipse/developer/toolchains/gnu_arm/4.9_2015q3/bin/../lib/gcc/arm-none-eabi/4.9.3/../../../../arm-none-eabi/lib/armv7-m/libc_nano.a(lib_a-nano-mallocr.o)
 .debug_frame   0x0000000000002e44       0x2c /Applications/Simplicity Studio.app/Contents/Eclipse/developer/toolchains/gnu_arm/4.9_2015q3/bin/../lib/gcc/arm-none-eabi/4.9.3/../../../../arm-none-eabi/lib/armv7-m/libc_nano.a(lib_a-sbrkr.o)
 .debug_frame   0x0000000000002e70       0x5c /Applications/Simplicity Studio.app/Contents/Eclipse/developer/toolchains/gnu_arm/4.9_2015q3/bin/../lib/gcc/arm-none-eabi/4.9.3/../../../../arm-none-eabi/lib/armv7-m/libc_nano.a(lib_a-reent.o)
 .debug_frame   0x0000000000002ecc       0x20 /Applications/Simplicity Studio.app/Contents/Eclipse/developer/toolchains/gnu_arm/4.9_2015q3/bin/../lib/gcc/arm-none-eabi/4.9.3/../../../../arm-none-eabi/lib/armv7-m/libnosys.a(sbrk.o)
 .debug_frame   0x0000000000002eec       0x20 /Applications/Simplicity Studio.app/Contents/Eclipse/developer/toolchains/gnu_arm/4.9_2015q3/bin/../lib/gcc/arm-none-eabi/4.9.3/../../../../arm-none-eabi/lib/armv7-m/libnosys.a(_exit.o)
