Archive member included because of file (symbol)

c:/siliconlabs/simplicitystudio/v4/developer/toolchains/gnu_arm/4.9_2015q3/bin/../lib/gcc/arm-none-eabi/4.9.3/armv7-m\libgcc.a(_arm_addsubdf3.o)
                              ./src/MCIoT_LETimer.o (__aeabi_ui2d)
c:/siliconlabs/simplicitystudio/v4/developer/toolchains/gnu_arm/4.9_2015q3/bin/../lib/gcc/arm-none-eabi/4.9.3/armv7-m\libgcc.a(_arm_muldivdf3.o)
                              ./src/MCIoT_LETimer.o (__aeabi_dmul)
c:/siliconlabs/simplicitystudio/v4/developer/toolchains/gnu_arm/4.9_2015q3/bin/../lib/gcc/arm-none-eabi/4.9.3/armv7-m\libgcc.a(_arm_fixunsdfsi.o)
                              ./src/MCIoT_LETimer.o (__aeabi_d2uiz)
c:/siliconlabs/simplicitystudio/v4/developer/toolchains/gnu_arm/4.9_2015q3/bin/../lib/gcc/arm-none-eabi/4.9.3/armv7-m\libgcc.a(_arm_addsubsf3.o)
                              ./src/MCIoT_ADC.o (__aeabi_fsub)
c:/siliconlabs/simplicitystudio/v4/developer/toolchains/gnu_arm/4.9_2015q3/bin/../lib/gcc/arm-none-eabi/4.9.3/armv7-m\libgcc.a(_arm_muldivsf3.o)
                              ./src/MCIoT_ADC.o (__aeabi_fmul)
c:/siliconlabs/simplicitystudio/v4/developer/toolchains/gnu_arm/4.9_2015q3/bin/../lib/gcc/arm-none-eabi/4.9.3/armv7-m\libgcc.a(_arm_cmpsf2.o)
                              ./src/MCIoT_DMA.o (__aeabi_fcmple)
c:/siliconlabs/simplicitystudio/v4/developer/toolchains/gnu_arm/4.9_2015q3/bin/../lib/gcc/arm-none-eabi/4.9.3/armv7-m\libgcc.a(_arm_fixsfsi.o)
                              ./src/MCIoT_ADC.o (__aeabi_f2iz)
c:/siliconlabs/simplicitystudio/v4/developer/toolchains/gnu_arm/4.9_2015q3/bin/../lib/gcc/arm-none-eabi/4.9.3/armv7-m\libgcc.a(_arm_fixunssfsi.o)
                              ./src/MCIoT_ADC.o (__aeabi_f2uiz)
c:/siliconlabs/simplicitystudio/v4/developer/toolchains/gnu_arm/4.9_2015q3/bin/../lib/gcc/arm-none-eabi/4.9.3/armv7-m\libgcc.a(_aeabi_uldivmod.o)
                              ./emlib/em_usart.o (__aeabi_uldivmod)
c:/siliconlabs/simplicitystudio/v4/developer/toolchains/gnu_arm/4.9_2015q3/bin/../lib/gcc/arm-none-eabi/4.9.3/armv7-m\libgcc.a(bpabi.o)
                              c:/siliconlabs/simplicitystudio/v4/developer/toolchains/gnu_arm/4.9_2015q3/bin/../lib/gcc/arm-none-eabi/4.9.3/armv7-m\libgcc.a(_aeabi_uldivmod.o) (__gnu_uldivmod_helper)
c:/siliconlabs/simplicitystudio/v4/developer/toolchains/gnu_arm/4.9_2015q3/bin/../lib/gcc/arm-none-eabi/4.9.3/armv7-m\libgcc.a(_dvmd_tls.o)
                              c:/siliconlabs/simplicitystudio/v4/developer/toolchains/gnu_arm/4.9_2015q3/bin/../lib/gcc/arm-none-eabi/4.9.3/armv7-m\libgcc.a(_aeabi_uldivmod.o) (__aeabi_ldiv0)
c:/siliconlabs/simplicitystudio/v4/developer/toolchains/gnu_arm/4.9_2015q3/bin/../lib/gcc/arm-none-eabi/4.9.3/armv7-m\libgcc.a(_divdi3.o)
                              c:/siliconlabs/simplicitystudio/v4/developer/toolchains/gnu_arm/4.9_2015q3/bin/../lib/gcc/arm-none-eabi/4.9.3/armv7-m\libgcc.a(bpabi.o) (__divdi3)
c:/siliconlabs/simplicitystudio/v4/developer/toolchains/gnu_arm/4.9_2015q3/bin/../lib/gcc/arm-none-eabi/4.9.3/armv7-m\libgcc.a(_udivdi3.o)
                              c:/siliconlabs/simplicitystudio/v4/developer/toolchains/gnu_arm/4.9_2015q3/bin/../lib/gcc/arm-none-eabi/4.9.3/armv7-m\libgcc.a(bpabi.o) (__udivdi3)
c:/siliconlabs/simplicitystudio/v4/developer/toolchains/gnu_arm/4.9_2015q3/bin/../lib/gcc/arm-none-eabi/4.9.3/../../../../arm-none-eabi/lib/armv7-m\libc_nano.a(lib_a-exit.o)
                              c:/siliconlabs/simplicitystudio/v4/developer/toolchains/gnu_arm/4.9_2015q3/bin/../lib/gcc/arm-none-eabi/4.9.3/../../../../arm-none-eabi/lib/armv7-m/crt0.o (exit)
c:/siliconlabs/simplicitystudio/v4/developer/toolchains/gnu_arm/4.9_2015q3/bin/../lib/gcc/arm-none-eabi/4.9.3/../../../../arm-none-eabi/lib/armv7-m\libc_nano.a(lib_a-impure.o)
                              c:/siliconlabs/simplicitystudio/v4/developer/toolchains/gnu_arm/4.9_2015q3/bin/../lib/gcc/arm-none-eabi/4.9.3/../../../../arm-none-eabi/lib/armv7-m\libc_nano.a(lib_a-exit.o) (_global_impure_ptr)
c:/siliconlabs/simplicitystudio/v4/developer/toolchains/gnu_arm/4.9_2015q3/bin/../lib/gcc/arm-none-eabi/4.9.3/../../../../arm-none-eabi/lib/armv7-m\libc_nano.a(lib_a-init.o)
                              c:/siliconlabs/simplicitystudio/v4/developer/toolchains/gnu_arm/4.9_2015q3/bin/../lib/gcc/arm-none-eabi/4.9.3/../../../../arm-none-eabi/lib/armv7-m/crt0.o (__libc_init_array)
c:/siliconlabs/simplicitystudio/v4/developer/toolchains/gnu_arm/4.9_2015q3/bin/../lib/gcc/arm-none-eabi/4.9.3/../../../../arm-none-eabi/lib/armv7-m\libc_nano.a(lib_a-malloc.o)
                              ./src/MCIoT_LEUART.o (malloc)
c:/siliconlabs/simplicitystudio/v4/developer/toolchains/gnu_arm/4.9_2015q3/bin/../lib/gcc/arm-none-eabi/4.9.3/../../../../arm-none-eabi/lib/armv7-m\libc_nano.a(lib_a-memset.o)
[...]
Memory Configuration

Name             Origin             Length             Attributes
FLASH            0x00000000         0x00040000         xr
RAM              0x20000000         0x00008000         xrw
*default*        0x00000000         0xffffffff

Linker script and memory map

LOAD c:/siliconlabs/simplicitystudio/v4/developer/toolchains/gnu_arm/4.9_2015q3/bin/../lib/gcc/arm-none-eabi/4.9.3/armv7-m/crti.o
LOAD c:/siliconlabs/simplicitystudio/v4/developer/toolchains/gnu_arm/4.9_2015q3/bin/../lib/gcc/arm-none-eabi/4.9.3/armv7-m/crtbegin.o
LOAD c:/siliconlabs/simplicitystudio/v4/developer/toolchains/gnu_arm/4.9_2015q3/bin/../lib/gcc/arm-none-eabi/4.9.3/../../../../arm-none-eabi/lib/armv7-m/crt0.o
LOAD ./CMSIS/EFM32LG/startup_efm32lg.o
LOAD ./CMSIS/EFM32LG/system_efm32lg.o
LOAD ./emlib/em_acmp.o
LOAD ./emlib/em_adc.o
LOAD ./emlib/em_aes.o
LOAD ./emlib/em_assert.o
LOAD ./emlib/em_burtc.o
LOAD ./emlib/em_cmu.o
LOAD ./emlib/em_core.o
LOAD ./emlib/em_cryotimer.o
LOAD ./emlib/em_crypto.o
LOAD ./emlib/em_dac.o
LOAD ./emlib/em_dbg.o
LOAD ./emlib/em_dma.o
LOAD ./emlib/em_ebi.o
LOAD ./emlib/em_emu.o
LOAD ./emlib/em_gpcrc.o
LOAD ./emlib/em_gpio.o
LOAD ./emlib/em_i2c.o
LOAD ./emlib/em_idac.o
LOAD ./emlib/em_int.o
LOAD ./emlib/em_lcd.o
LOAD ./emlib/em_ldma.o
LOAD ./emlib/em_lesense.o
LOAD ./emlib/em_letimer.o
LOAD ./emlib/em_leuart.o
LOAD ./emlib/em_mpu.o
LOAD ./emlib/em_msc.o
LOAD ./emlib/em_opamp.o
LOAD ./emlib/em_pcnt.o
LOAD ./emlib/em_prs.o
LOAD ./emlib/em_rmu.o
LOAD ./emlib/em_rtc.o
LOAD ./emlib/em_rtcc.o
LOAD ./emlib/em_system.o
LOAD ./emlib/em_timer.o
LOAD ./emlib/em_usart.o
LOAD ./emlib/em_vcmp.o
LOAD ./emlib/em_wdog.o
LOAD ./src/MCIoT_ACMP.o
LOAD ./src/MCIoT_ADC.o
LOAD ./src/MCIoT_CMU.o
LOAD ./src/MCIoT_DMA.o
LOAD ./src/MCIoT_GPIO.o
LOAD ./src/MCIoT_I2C.o
LOAD ./src/MCIoT_LETimer.o
LOAD ./src/MCIoT_LEUART.o
LOAD ./src/MCIoT_Sleep.o
LOAD ./src/MCIoT_Timer.o
LOAD ./src/MCIoT_main.o
LOAD ./src/dmactrl.o
START GROUP
LOAD c:/siliconlabs/simplicitystudio/v4/developer/toolchains/gnu_arm/4.9_2015q3/bin/../lib/gcc/arm-none-eabi/4.9.3/armv7-m\libgcc.a
LOAD c:/siliconlabs/simplicitystudio/v4/developer/toolchains/gnu_arm/4.9_2015q3/bin/../lib/gcc/arm-none-eabi/4.9.3/../../../../arm-none-eabi/lib/armv7-m\libc_nano.a
LOAD c:/siliconlabs/simplicitystudio/v4/developer/toolchains/gnu_arm/4.9_2015q3/bin/../lib/gcc/arm-none-eabi/4.9.3/../../../../arm-none-eabi/lib/armv7-m\libnosys.a
END GROUP
START GROUP
LOAD c:/siliconlabs/simplicitystudio/v4/developer/toolchains/gnu_arm/4.9_2015q3/bin/../lib/gcc/arm-none-eabi/4.9.3/armv7-m\libgcc.a
LOAD c:/siliconlabs/simplicitystudio/v4/developer/toolchains/gnu_arm/4.9_2015q3/bin/../lib/gcc/arm-none-eabi/4.9.3/../../../../arm-none-eabi/lib/armv7-m\libg_nano.a
LOAD c:/siliconlabs/simplicitystudio/v4/developer/toolchains/gnu_arm/4.9_2015q3/bin/../lib/gcc/arm-none-eabi/4.9.3/../../../../arm-none-eabi/lib/armv7-m\libc_nano.a
END GROUP
START GROUP
LOAD c:/siliconlabs/simplicitystudio/v4/developer/toolchains/gnu_arm/4.9_2015q3/bin/../lib/gcc/arm-none-eabi/4.9.3/armv7-m\libgcc.a
LOAD c:/siliconlabs/simplicitystudio/v4/developer/toolchains/gnu_arm/4.9_2015q3/bin/../lib/gcc/arm-none-eabi/4.9.3/../../../../arm-none-eabi/lib/armv7-m\libc_nano.a
END GROUP
LOAD c:/siliconlabs/simplicitystudio/v4/developer/toolchains/gnu_arm/4.9_2015q3/bin/../lib/gcc/arm-none-eabi/4.9.3/armv7-m/crtend.o
LOAD c:/siliconlabs/simplicitystudio/v4/developer/toolchains/gnu_arm/4.9_2015q3/bin/../lib/gcc/arm-none-eabi/4.9.3/armv7-m/crtn.o

.text           0x00000000     0x44d8
 *(.vectors)
 .vectors       0x00000000       0xe0 ./CMSIS/EFM32LG/startup_efm32lg.o
                0x00000000                __Vectors
                0x000000e0                __Vectors_End = .
                0x000000e0                __Vectors_Size = (__Vectors_End - __Vectors)
                0x000000e0                __end__ = .
 *(.text*)
 .text          0x000000e0       0x5c c:/siliconlabs/simplicitystudio/v4/developer/toolchains/gnu_arm/4.9_2015q3/bin/../lib/gcc/arm-none-eabi/4.9.3/armv7-m/crtbegin.o
 .text          0x0000013c       0x74 c:/siliconlabs/simplicitystudio/v4/developer/toolchains/gnu_arm/4.9_2015q3/bin/../lib/gcc/arm-none-eabi/4.9.3/../../../../arm-none-eabi/lib/armv7-m/crt0.o
                0x0000013c                _start
                0x0000013c                _mainCRTStartup
 .text          0x000001b0       0x30 ./CMSIS/EFM32LG/startup_efm32lg.o
                0x000001b0                Reset_Handler
                0x000001dc                DebugMon_Handler
                0x000001dc                USART0_TX_IRQHandler
                0x000001dc                I2C0_IRQHandler
                0x000001dc                HardFault_Handler
                0x000001dc                LEUART1_IRQHandler
                0x000001dc                SysTick_Handler
                0x000001dc                USART1_RX_IRQHandler
                0x000001dc                PendSV_Handler
                0x000001dc                NMI_Handler
                0x000001dc                I2C1_IRQHandler
                0x000001dc                TIMER3_IRQHandler
                0x000001dc                USART1_TX_IRQHandler
                0x000001dc                MSC_IRQHandler
                0x000001dc                UsageFault_Handler
                0x000001dc                GPIO_EVEN_IRQHandler
                0x000001dc                UART0_TX_IRQHandler
                0x000001dc                UART1_TX_IRQHandler
                0x000001dc                RTC_IRQHandler
                0x000001dc                TIMER0_IRQHandler
                0x000001dc                TIMER2_IRQHandler
                0x000001dc                LCD_IRQHandler
                0x000001dc                PCNT2_IRQHandler
                0x000001dc                UART0_RX_IRQHandler
                0x000001dc                TIMER1_IRQHandler
                0x000001dc                USART2_RX_IRQHandler
                0x000001dc                Default_Handler
                0x000001dc                EMU_IRQHandler
                0x000001dc                PCNT0_IRQHandler
                0x000001dc                USB_IRQHandler
                0x000001dc                BURTC_IRQHandler
                0x000001dc                PCNT1_IRQHandler
                0x000001dc                ACMP0_IRQHandler
                0x000001dc                USART0_RX_IRQHandler
                0x000001dc                MemManage_Handler
                0x000001dc                SVC_Handler
                0x000001dc                DAC0_IRQHandler
                0x000001dc                UART1_RX_IRQHandler
                0x000001dc                CMU_IRQHandler
                0x000001dc                EBI_IRQHandler
                0x000001dc                LESENSE_IRQHandler
                0x000001dc                AES_IRQHandler
                0x000001dc                VCMP_IRQHandler
                0x000001dc                BusFault_Handler
                0x000001dc                USART2_TX_IRQHandler
 .text.GetProdRev
                0x000001e0       0x1c ./CMSIS/EFM32LG/system_efm32lg.o
 .text.SystemCoreClockGet
                0x000001fc       0x34 ./CMSIS/EFM32LG/system_efm32lg.o
                0x000001fc                SystemCoreClockGet
 .text.SystemMaxCoreClockGet
                0x00000230       0x14 ./CMSIS/EFM32LG/system_efm32lg.o
                0x00000230                SystemMaxCoreClockGet
 .text.SystemHFClockGet
                0x00000244      0x100 ./CMSIS/EFM32LG/system_efm32lg.o
                0x00000244                SystemHFClockGet
 .text.SystemHFXOClockGet
                0x00000344       0x18 ./CMSIS/EFM32LG/system_efm32lg.o
                0x00000344                SystemHFXOClockGet
 .text.SystemInit
                0x0000035c        0xc ./CMSIS/EFM32LG/system_efm32lg.o
                0x0000035c                SystemInit
 .text.SystemLFRCOClockGet
                0x00000368       0x14 ./CMSIS/EFM32LG/system_efm32lg.o
                0x00000368                SystemLFRCOClockGet
 .text.SystemULFRCOClockGet
                0x0000037c       0x14 ./CMSIS/EFM32LG/system_efm32lg.o
                0x0000037c                SystemULFRCOClockGet
 .text.SystemLFXOClockGet
                0x00000390       0x18 ./CMSIS/EFM32LG/system_efm32lg.o
                0x00000390                SystemLFXOClockGet
 .text.ADC_LoadDevinfoCal
                0x000003a8      0x120 ./emlib/em_adc.o
 .text.ADC_Init
                0x000004c8       0x88 ./emlib/em_adc.o
                0x000004c8                ADC_Init
 .text.ADC_InitSingle
                0x00000550       0x9c ./emlib/em_adc.o
                0x00000550                ADC_InitSingle
 .text.ADC_PrescaleCalc
                0x000005ec       0x64 ./emlib/em_adc.o
                0x000005ec                ADC_PrescaleCalc
 .text.ADC_TimebaseCalc
                0x00000650       0x60 ./emlib/em_adc.o
                0x00000650                ADC_TimebaseCalc
 .text.BUS_RegBitWrite
                0x000006b0       0x2c ./emlib/em_cmu.o
 .text.BUS_RegBitRead
                0x000006dc       0x2c ./emlib/em_cmu.o
 .text.CMU_DivToLog2
                0x00000708       0x34 ./emlib/em_cmu.o
 .text.SYSTEM_GetProdRev
                0x0000073c       0x1c ./emlib/em_cmu.o
 .text.SYSTEM_GetFamily
                0x00000758       0x20 ./emlib/em_cmu.o
 .text.maxFreqHfle
                0x00000778       0x78 ./emlib/em_cmu.o
 .text.setHfLeConfig
                0x000007f0       0x3c ./emlib/em_cmu.o
 .text.getHfLeConfig
                0x0000082c       0x2c ./emlib/em_cmu.o
 .text.auxClkGet
                0x00000858       0xb0 ./emlib/em_cmu.o
 .text.dbgClkGet
                0x00000908       0x40 ./emlib/em_cmu.o
 .text.flashWaitStateControl
                0x00000948       0xb8 ./emlib/em_cmu.o
 .text.flashWaitStateMax
                0x00000a00       0x14 ./emlib/em_cmu.o
 .text.lfClkGet
                0x00000a14       0xec ./emlib/em_cmu.o
 .text.syncReg  0x00000b00       0x34 ./emlib/em_cmu.o
 .text.usbCClkGet
                0x00000b34       0x4c ./emlib/em_cmu.o
 .text.CMU_ClockEnable
                0x00000b80       0xd8 ./emlib/em_cmu.o
                0x00000b80                CMU_ClockEnable
 .text.CMU_ClockFreqGet
                0x00000c58      0x1d8 ./emlib/em_cmu.o
                0x00000c58                CMU_ClockFreqGet
 .text.CMU_ClockSelectGet
                0x00000e30      0x15c ./emlib/em_cmu.o
                0x00000e30                CMU_ClockSelectGet
 .text.CMU_ClockSelectSet
                0x00000f8c      0x2b8 ./emlib/em_cmu.o
                0x00000f8c                CMU_ClockSelectSet
 .text.CMU_OscillatorEnable
                0x00001244       0xc0 ./emlib/em_cmu.o
                0x00001244                CMU_OscillatorEnable
 .text.CORE_EnterAtomic
                0x00001304       0x20 ./emlib/em_core.o
                0x00001304                CORE_EnterAtomic
 .text.CORE_ExitAtomic
                0x00001324       0x1c ./emlib/em_core.o
                0x00001324                CORE_ExitAtomic
 .text.NVIC_EnableIRQ
                0x00001340       0x30 ./emlib/em_dma.o
 .text.NVIC_DisableIRQ
                0x00001370       0x34 ./emlib/em_dma.o
 .text.NVIC_ClearPendingIRQ
                0x000013a4       0x34 ./emlib/em_dma.o
 .text.BUS_RegBitWrite
                0x000013d8       0x2c ./emlib/em_dma.o
 .text.DMA_IRQHandler
                0x00001404       0xd8 ./emlib/em_dma.o
                0x00001404                DMA_IRQHandler
 .text.DMA_CfgChannel
                0x000014dc       0x90 ./emlib/em_dma.o
                0x000014dc                DMA_CfgChannel
 .text.DMA_CfgDescr
                0x0000156c       0x70 ./emlib/em_dma.o
                0x0000156c                DMA_CfgDescr
 .text.DMA_Init
                0x000015dc       0x54 ./emlib/em_dma.o
                0x000015dc                DMA_Init
 .text.DMA_Reset
                0x00001630       0x88 ./emlib/em_dma.o
                0x00001630                DMA_Reset
 .text.SystemCoreClockUpdate
                0x000016b8        0xc ./emlib/em_emu.o
 .text.CMU_Lock
                0x000016c4       0x18 ./emlib/em_emu.o
 .text.CMU_Unlock
                0x000016dc       0x1c ./emlib/em_emu.o
 .text.emuRestore
                0x000016f8       0xf0 ./emlib/em_emu.o
 .text.getErrataFixEmuE107En
                0x000017e8       0x64 ./emlib/em_emu.o
 .text.EMU_EnterEM2
                0x0000184c       0x9c ./emlib/em_emu.o
                0x0000184c                EMU_EnterEM2
 .text.EMU_EnterEM3
                0x000018e8       0xbc ./emlib/em_emu.o
                0x000018e8                EMU_EnterEM3
 .text.EMU_UpdateOscConfig
                0x000019a4       0x1c ./emlib/em_emu.o
                0x000019a4                EMU_UpdateOscConfig
 .text.GPIO_PinOutClear
                0x000019c0       0x58 ./emlib/em_gpio.o
 .text.GPIO_PinOutSet
                0x00001a18       0x58 ./emlib/em_gpio.o
 .text.GPIO_DriveModeSet
                0x00001a70       0x70 ./emlib/em_gpio.o
                0x00001a70                GPIO_DriveModeSet
 .text.GPIO_PinModeSet
                0x00001ae0      0x10c ./emlib/em_gpio.o
                0x00001ae0                GPIO_PinModeSet
 .text.LETIMER_CompareSet
                0x00001bec       0x58 ./emlib/em_letimer.o
                0x00001bec                LETIMER_CompareSet
 .text.LETIMER_Init
                0x00001c44       0xf0 ./emlib/em_letimer.o
                0x00001c44                LETIMER_Init
 .text.LEUART_Sync
                0x00001d34       0x30 ./emlib/em_leuart.o
 .text.LEUART_BaudrateSet
                0x00001d64       0x80 ./emlib/em_leuart.o
                0x00001d64                LEUART_BaudrateSet
 .text.LEUART_FreezeEnable
                0x00001de4       0x34 ./emlib/em_leuart.o
                0x00001de4                LEUART_FreezeEnable
 .text.LEUART_Init
                0x00001e18       0x84 ./emlib/em_leuart.o
                0x00001e18                LEUART_Init
 .text.LEUART_Reset
                0x00001e9c       0x70 ./emlib/em_leuart.o
                0x00001e9c                LEUART_Reset
 .text.SYSTEM_ChipRevisionGet
                0x00001f0c       0x74 ./emlib/em_system.o
                0x00001f0c                SYSTEM_ChipRevisionGet
 .text.TIMER_Init
                0x00001f80      0x10c ./emlib/em_timer.o
                0x00001f80                TIMER_Init
 .text.NVIC_EnableIRQ
                0x0000208c       0x30 ./src/MCIoT_ADC.o
 .text.ADC_IntClear
                0x000020bc       0x1c ./src/MCIoT_ADC.o
 .text.ADC_IntEnable
                0x000020d8       0x20 ./src/MCIoT_ADC.o
 .text.ADC_SetUp
                0x000020f8       0xa4 ./src/MCIoT_ADC.o
                0x000020f8                ADC_SetUp
 .text.ADC_Interrupt_Enable
                0x0000219c       0x20 ./src/MCIoT_ADC.o
                0x0000219c                ADC_Interrupt_Enable
 .text.ADC0_IRQHandler
                0x000021bc      0x19c ./src/MCIoT_ADC.o
                0x000021bc                ADC0_IRQHandler
 .text.converttoCelsius
                0x00002358       0x6c ./src/MCIoT_ADC.o
                0x00002358                converttoCelsius
 .text.compute_adc_data_average
                0x000023c4       0x70 ./src/MCIoT_ADC.o
                0x000023c4                compute_adc_data_average
 .text.CMU_SetUp
                0x00002434       0xf4 ./src/MCIoT_CMU.o
                0x00002434                CMU_SetUp
 .text.Calibrate_ULFRCO
                0x00002528      0x130 ./src/MCIoT_CMU.o
                0x00002528                Calibrate_ULFRCO
 .text.CMU_Obtain_Freq_Count
                0x00002658       0xa8 ./src/MCIoT_CMU.o
                0x00002658                CMU_Obtain_Freq_Count
 .text.check_and_comp_prescaler_if
                0x00002700       0x54 ./src/MCIoT_CMU.o
                0x00002700                check_and_comp_prescaler_if
 .text.cal_prescaler_value
                0x00002754       0x70 ./src/MCIoT_CMU.o
                0x00002754                cal_prescaler_value
 .text.DMA_SetUp
                0x000027c4       0x74 ./src/MCIoT_DMA.o
                0x000027c4                DMA_SetUp
 .text.ADC_dma_ch0_TransferComplete
                0x00002838       0xdc ./src/MCIoT_DMA.o
                0x00002838                ADC_dma_ch0_TransferComplete
 .text.GPIO_PinOutClear
                0x00002914       0x58 ./src/MCIoT_GPIO.o
 .text.GPIO_PinOutSet
                0x0000296c       0x58 ./src/MCIoT_GPIO.o
 .text.GPIO_SetUp
                0x000029c4       0x28 ./src/MCIoT_GPIO.o
                0x000029c4                GPIO_SetUp
 .text.LED_On   0x000029ec       0x1c ./src/MCIoT_GPIO.o
                0x000029ec                LED_On
 .text.LED_Off  0x00002a08       0x1c ./src/MCIoT_GPIO.o
                0x00002a08                LED_Off
 .text.NVIC_EnableIRQ
                0x00002a24       0x30 ./src/MCIoT_I2C.o
 .text.GPIO_IntClear
                0x00002a54       0x20 ./src/MCIoT_I2C.o
 .text.I2C_Write_And_Wait_for_ACK
                0x00002a74       0x20 ./src/MCIoT_I2C.o
                0x00002a74                I2C_Write_And_Wait_for_ACK
 .text.I2C_Wait_For_Ack
                0x00002a94       0x24 ./src/MCIoT_I2C.o
                0x00002a94                I2C_Wait_For_Ack
 .text.I2C_Send_Start
                0x00002ab8       0x1c ./src/MCIoT_I2C.o
                0x00002ab8                I2C_Send_Start
 .text.I2C_Send_Stop
                0x00002ad4       0x1c ./src/MCIoT_I2C.o
                0x00002ad4                I2C_Send_Stop
 .text.I2C_Check_Data_Valid_and_Store
                0x00002af0       0x3c ./src/MCIoT_I2C.o
                0x00002af0                I2C_Check_Data_Valid_and_Store
 .text.GPIO_ODD_IRQHandler
                0x00002b2c      0x1a0 ./src/MCIoT_I2C.o
                0x00002b2c                GPIO_ODD_IRQHandler
 .text.LETIMER_IntClear
                0x00002ccc       0x1c ./src/MCIoT_LETimer.o
 .text.LETIMER_IntEnable
                0x00002ce8       0x20 ./src/MCIoT_LETimer.o
 .text.ADC_Start
                0x00002d08       0x1c ./src/MCIoT_LETimer.o
 .text.LETimer_Config_LETimer
                0x00002d24      0x158 ./src/MCIoT_LETimer.o
                0x00002d24                LETimer_Config_LETimer
 .text.LETIMER_Setup
                0x00002e7c       0x48 ./src/MCIoT_LETimer.o
                0x00002e7c                LETIMER_Setup
 .text.LETimer_Config
                0x00002ec4       0xa4 ./src/MCIoT_LETimer.o
                0x00002ec4                LETimer_Config
 .text.LETIMER_Interrupt_Enable
                0x00002f68       0x2c ./src/MCIoT_LETimer.o
                0x00002f68                LETIMER_Interrupt_Enable
 .text.LETIMER0_IRQHandler
                0x00002f94       0x74 ./src/MCIoT_LETimer.o
                0x00002f94                LETIMER0_IRQHandler
 .text.NVIC_DisableIRQ
                0x00003008       0x34 ./src/MCIoT_LEUART.o
 .text.LEUART_IntClear
                0x0000303c       0x1c ./src/MCIoT_LEUART.o
 .text.LEUART_IntEnable
                0x00003058       0x20 ./src/MCIoT_LEUART.o
 .text.LEUART_SetUp
                0x00003078       0xb8 ./src/MCIoT_LEUART.o
                0x00003078                LEUART_SetUp
 .text.LEUART_Interrupt_Enable
                0x00003130       0x28 ./src/MCIoT_LEUART.o
                0x00003130                LEUART_Interrupt_Enable
 .text.LEUART0_IRQHandler
                0x00003158       0xc8 ./src/MCIoT_LEUART.o
                0x00003158                LEUART0_IRQHandler
 .text.WriteDataToCircBuff
                0x00003220       0x64 ./src/MCIoT_LEUART.o
                0x00003220                WriteDataToCircBuff
 .text.ReadDataFromCircBuff
                0x00003284       0x68 ./src/MCIoT_LEUART.o
                0x00003284                ReadDataFromCircBuff
 .text.EMU_EnterEM1
                0x000032ec       0x20 ./src/MCIoT_Sleep.o
 .text.blockSleepMode
                0x0000330c       0x34 ./src/MCIoT_Sleep.o
                0x0000330c                blockSleepMode
 .text.unblockSleepMode
                0x00003340       0x40 ./src/MCIoT_Sleep.o
                0x00003340                unblockSleepMode
 .text.Sleep    0x00003380       0x48 ./src/MCIoT_Sleep.o
                0x00003380                Sleep
 .text.TIMER_Setup
                0x000033c8       0x2c ./src/MCIoT_Timer.o
                0x000033c8                TIMER_Setup
 .text.NVIC_EnableIRQ
                0x000033f4       0x30 ./src/MCIoT_main.o
 .text.CHIP_Init
                0x00003424       0x40 ./src/MCIoT_main.o
 .text.main     0x00003464       0x94 ./src/MCIoT_main.o
                0x00003464                main
 .text          0x000034f8      0x370 c:/siliconlabs/simplicitystudio/v4/developer/toolchains/gnu_arm/4.9_2015q3/bin/../lib/gcc/arm-none-eabi/4.9.3/armv7-m\libgcc.a(_arm_addsubdf3.o)
                0x000034f8                __aeabi_drsub
                0x00003500                __aeabi_dsub
                0x00003500                __subdf3
                0x00003504                __aeabi_dadd
                0x00003504                __adddf3
                0x0000377c                __floatunsidf
                0x0000377c                __aeabi_ui2d
                0x0000379c                __floatsidf
                0x0000379c                __aeabi_i2d
                0x000037c0                __aeabi_f2d
                0x000037c0                __extendsfdf2
                0x000037fc                __floatundidf
                0x000037fc                __aeabi_ul2d
                0x0000380c                __floatdidf
                0x0000380c                __aeabi_l2d
 .text          0x00003868      0x424 c:/siliconlabs/simplicitystudio/v4/developer/toolchains/gnu_arm/4.9_2015q3/bin/../lib/gcc/arm-none-eabi/4.9.3/armv7-m\libgcc.a(_arm_muldivdf3.o)
                0x00003868                __aeabi_dmul
                0x00003868                __muldf3
                0x00003abc                __divdf3
                0x00003abc                __aeabi_ddiv
 .text          0x00003c8c       0x40 c:/siliconlabs/simplicitystudio/v4/developer/toolchains/gnu_arm/4.9_2015q3/bin/../lib/gcc/arm-none-eabi/4.9.3/armv7-m\libgcc.a(_arm_fixunsdfsi.o)
                0x00003c8c                __aeabi_d2uiz
                0x00003c8c                __fixunsdfsi
 .text          0x00003ccc      0x21c c:/siliconlabs/simplicitystudio/v4/developer/toolchains/gnu_arm/4.9_2015q3/bin/../lib/gcc/arm-none-eabi/4.9.3/armv7-m\libgcc.a(_arm_addsubsf3.o)
                0x00003ccc                __aeabi_frsub
                0x00003cd4                __subsf3
                0x00003cd4                __aeabi_fsub
                0x00003cd8                __aeabi_fadd
                0x00003cd8                __addsf3
                0x00003e38                __aeabi_ui2f
                0x00003e38                __floatunsisf
                0x00003e40                __aeabi_i2f
                0x00003e40                __floatsisf
                0x00003e5c                __aeabi_ul2f
                0x00003e5c                __floatundisf
                0x00003e6c                __aeabi_l2f
                0x00003e6c                __floatdisf
 .text          0x00003ee8      0x2a0 c:/siliconlabs/simplicitystudio/v4/developer/toolchains/gnu_arm/4.9_2015q3/bin/../lib/gcc/arm-none-eabi/4.9.3/armv7-m\libgcc.a(_arm_muldivsf3.o)
                0x00003ee8                __mulsf3
                0x00003ee8                __aeabi_fmul
                0x00004050                __aeabi_fdiv
                0x00004050                __divsf3
 .text          0x00004188       0xec c:/siliconlabs/simplicitystudio/v4/developer/toolchains/gnu_arm/4.9_2015q3/bin/../lib/gcc/arm-none-eabi/4.9.3/armv7-m\libgcc.a(_arm_cmpsf2.o)
                0x00004188                __gesf2
                0x00004188                __gtsf2
                0x00004190                __lesf2
                0x00004190                __ltsf2
                0x00004198                __nesf2
                0x00004198                __eqsf2
                0x00004198                __cmpsf2
                0x000041f8                __aeabi_cfrcmple
                0x00004200                __aeabi_cfcmpeq
                0x00004200                __aeabi_cfcmple
                0x00004210                __aeabi_fcmpeq
                0x00004224                __aeabi_fcmplt
                0x00004238                __aeabi_fcmple
                0x0000424c                __aeabi_fcmpge
                0x00004260                __aeabi_fcmpgt
 .text          0x00004274       0x4c c:/siliconlabs/simplicitystudio/v4/developer/toolchains/gnu_arm/4.9_2015q3/bin/../lib/gcc/arm-none-eabi/4.9.3/armv7-m\libgcc.a(_arm_fixsfsi.o)
                0x00004274                __aeabi_f2iz
                0x00004274                __fixsfsi
 .text          0x000042c0       0x40 c:/siliconlabs/simplicitystudio/v4/developer/toolchains/gnu_arm/4.9_2015q3/bin/../lib/gcc/arm-none-eabi/4.9.3/armv7-m\libgcc.a(_arm_fixunssfsi.o)
                0x000042c0                __fixunssfsi
                0x000042c0                __aeabi_f2uiz
 .text.exit     0x00004300       0x28 c:/siliconlabs/simplicitystudio/v4/developer/toolchains/gnu_arm/4.9_2015q3/bin/../lib/gcc/arm-none-eabi/4.9.3/../../../../arm-none-eabi/lib/armv7-m\libc_nano.a(lib_a-exit.o)
                0x00004300                exit
 .text.__libc_init_array
                0x00004328       0x4c c:/siliconlabs/simplicitystudio/v4/developer/toolchains/gnu_arm/4.9_2015q3/bin/../lib/gcc/arm-none-eabi/4.9.3/../../../../arm-none-eabi/lib/armv7-m\libc_nano.a(lib_a-init.o)
                0x00004328                __libc_init_array
 .text.malloc   0x00004374       0x10 c:/siliconlabs/simplicitystudio/v4/developer/toolchains/gnu_arm/4.9_2015q3/bin/../lib/gcc/arm-none-eabi/4.9.3/../../../../arm-none-eabi/lib/armv7-m\libc_nano.a(lib_a-malloc.o)
                0x00004374                malloc
 .text.memset   0x00004384       0x10 c:/siliconlabs/simplicitystudio/v4/developer/toolchains/gnu_arm/4.9_2015q3/bin/../lib/gcc/arm-none-eabi/4.9.3/../../../../arm-none-eabi/lib/armv7-m\libc_nano.a(lib_a-memset.o)
                0x00004384                memset
 .text._malloc_r
                0x00004394       0xac c:/siliconlabs/simplicitystudio/v4/developer/toolchains/gnu_arm/4.9_2015q3/bin/../lib/gcc/arm-none-eabi/4.9.3/../../../../arm-none-eabi/lib/armv7-m\libc_nano.a(lib_a-nano-mallocr.o)
                0x00004394                _malloc_r
 .text._sbrk_r  0x00004440       0x20 c:/siliconlabs/simplicitystudio/v4/developer/toolchains/gnu_arm/4.9_2015q3/bin/../lib/gcc/arm-none-eabi/4.9.3/../../../../arm-none-eabi/lib/armv7-m\libc_nano.a(lib_a-sbrkr.o)
                0x00004440                _sbrk_r
 .text._sbrk    0x00004460       0x1c c:/siliconlabs/simplicitystudio/v4/developer/toolchains/gnu_arm/4.9_2015q3/bin/../lib/gcc/arm-none-eabi/4.9.3/../../../../arm-none-eabi/lib/armv7-m\libnosys.a(sbrk.o)
                0x00004460                _sbrk
 .text._exit    0x0000447c        0x4 c:/siliconlabs/simplicitystudio/v4/developer/toolchains/gnu_arm/4.9_2015q3/bin/../lib/gcc/arm-none-eabi/4.9.3/../../../../arm-none-eabi/lib/armv7-m\libnosys.a(_exit.o)
                0x0000447c                _exit
 *(.init)
 .init          0x00004480        0x4 c:/siliconlabs/simplicitystudio/v4/developer/toolchains/gnu_arm/4.9_2015q3/bin/../lib/gcc/arm-none-eabi/4.9.3/armv7-m/crti.o
                0x00004480                _init
 .init          0x00004484        0x8 c:/siliconlabs/simplicitystudio/v4/developer/toolchains/gnu_arm/4.9_2015q3/bin/../lib/gcc/arm-none-eabi/4.9.3/armv7-m/crtn.o
 *(.fini)
 .fini          0x0000448c        0x4 c:/siliconlabs/simplicitystudio/v4/developer/toolchains/gnu_arm/4.9_2015q3/bin/../lib/gcc/arm-none-eabi/4.9.3/armv7-m/crti.o
                0x0000448c                _fini
 .fini          0x00004490        0x8 c:/siliconlabs/simplicitystudio/v4/developer/toolchains/gnu_arm/4.9_2015q3/bin/../lib/gcc/arm-none-eabi/4.9.3/armv7-m/crtn.o
 *crtbegin.o(.ctors)
 *crtbegin?.o(.ctors)
 *(EXCLUDE_FILE(*crtend.o *crtend?.o) .ctors)
 *(SORT(.ctors.*))
 *(.ctors)
 *crtbegin.o(.dtors)
 *crtbegin?.o(.dtors)
 *(EXCLUDE_FILE(*crtend.o *crtend?.o) .dtors)
 *(SORT(.dtors.*))
 *(.dtors)
 *(.rodata*)
 .rodata        0x00004498        0x9 ./src/MCIoT_ADC.o
 *fill*         0x000044a1        0x3 
 .rodata.letimer_calibration_init_params.5633
                0x000044a4        0xb ./src/MCIoT_CMU.o
 *fill*         0x000044af        0x1 
 .rodata        0x000044b0       0x10 ./src/MCIoT_LEUART.o
 .rodata.letimer0_init_params.7478
                0x000044c0        0xb ./src/MCIoT_main.o
 .rodata.str1.1
                0x000044cb        0x2 c:/siliconlabs/simplicitystudio/v4/developer/toolchains/gnu_arm/4.9_2015q3/bin/../lib/gcc/arm-none-eabi/4.9.3/../../../../arm-none-eabi/lib/armv7-m\libc_nano.a(lib_a-impure.o)
 *fill*         0x000044cd        0x3 
 .rodata._global_impure_ptr
                0x000044d0        0x4 c:/siliconlabs/simplicitystudio/v4/developer/toolchains/gnu_arm/4.9_2015q3/bin/../lib/gcc/arm-none-eabi/4.9.3/../../../../arm-none-eabi/lib/armv7-m\libc_nano.a(lib_a-impure.o)
                0x000044d0                _global_impure_ptr
 *(.eh_frame*)
 .eh_frame      0x000044d4        0x0 c:/siliconlabs/simplicitystudio/v4/developer/toolchains/gnu_arm/4.9_2015q3/bin/../lib/gcc/arm-none-eabi/4.9.3/armv7-m/crtbegin.o
 .eh_frame      0x000044d4        0x4 c:/siliconlabs/simplicitystudio/v4/developer/toolchains/gnu_arm/4.9_2015q3/bin/../lib/gcc/arm-none-eabi/4.9.3/armv7-m/crtend.o

.glue_7         0x000044d8        0x0
 .glue_7        0x00000000        0x0 linker stubs

.glue_7t        0x000044d8        0x0
 .glue_7t       0x00000000        0x0 linker stubs

.vfp11_veneer   0x000044d8        0x0
 .vfp11_veneer  0x00000000        0x0 linker stubs

.v4_bx          0x000044d8        0x0
 .v4_bx         0x00000000        0x0 linker stubs

.iplt           0x000044d8        0x0
 .iplt          0x00000000        0x0 c:/siliconlabs/simplicitystudio/v4/developer/toolchains/gnu_arm/4.9_2015q3/bin/../lib/gcc/arm-none-eabi/4.9.3/armv7-m/crtbegin.o

.ARM.extab
 *(.ARM.extab* .gnu.linkonce.armextab.*)
                0x000044d8                __exidx_start = .

.ARM.exidx      0x000044d8        0x8
 *(.ARM.exidx* .gnu.linkonce.armexidx.*)
 .ARM.exidx     0x000044d8        0x8 c:/siliconlabs/simplicitystudio/v4/developer/toolchains/gnu_arm/4.9_2015q3/bin/../lib/gcc/arm-none-eabi/4.9.3/../../../../arm-none-eabi/lib/armv7-m/crt0.o
                0x000044e0                __exidx_end = .
                0x000044e0                __etext = .

.rel.dyn        0x000044e0        0x0
 .rel.iplt      0x00000000        0x0 c:/siliconlabs/simplicitystudio/v4/developer/toolchains/gnu_arm/4.9_2015q3/bin/../lib/gcc/arm-none-eabi/4.9.3/armv7-m/crtbegin.o

.data           0x20000000       0x7c load address 0x000044e0
                0x20000000                __data_start__ = .
 *(vtable)
 *(.data*)
 .data.SystemHFXOClock
                0x20000000        0x4 ./CMSIS/EFM32LG/system_efm32lg.o
 .data.SystemLFXOClock
                0x20000004        0x4 ./CMSIS/EFM32LG/system_efm32lg.o
 .data.sampBuff_max
                0x20000008        0x1 ./src/MCIoT_ADC.o
                0x20000008                sampBuff_max
 *fill*         0x20000009        0x3 
 .data.impure_data
                0x2000000c       0x60 c:/siliconlabs/simplicitystudio/v4/developer/toolchains/gnu_arm/4.9_2015q3/bin/../lib/gcc/arm-none-eabi/4.9.3/../../../../arm-none-eabi/lib/armv7-m\libc_nano.a(lib_a-impure.o)
 .data._impure_ptr
                0x2000006c        0x4 c:/siliconlabs/simplicitystudio/v4/developer/toolchains/gnu_arm/4.9_2015q3/bin/../lib/gcc/arm-none-eabi/4.9.3/../../../../arm-none-eabi/lib/armv7-m\libc_nano.a(lib_a-impure.o)
                0x2000006c                _impure_ptr
                0x20000070                . = ALIGN (0x4)
 *(.ram)
                0x20000070                . = ALIGN (0x4)
                0x20000070                PROVIDE (__preinit_array_start, .)
 *(.preinit_array)
                0x20000070                PROVIDE (__preinit_array_end, .)
                0x20000070                . = ALIGN (0x4)
                0x20000070                PROVIDE (__init_array_start, .)
 *(SORT(.init_array.*))
 *(.init_array)
 .init_array    0x20000070        0x4 c:/siliconlabs/simplicitystudio/v4/developer/toolchains/gnu_arm/4.9_2015q3/bin/../lib/gcc/arm-none-eabi/4.9.3/armv7-m/crtbegin.o
                0x20000074                PROVIDE (__init_array_end, .)
                0x20000074                . = ALIGN (0x4)
                0x20000074                PROVIDE (__fini_array_start, .)
 *(SORT(.fini_array.*))
 *(.fini_array)
 .fini_array    0x20000074        0x4 c:/siliconlabs/simplicitystudio/v4/developer/toolchains/gnu_arm/4.9_2015q3/bin/../lib/gcc/arm-none-eabi/4.9.3/armv7-m/crtbegin.o
                0x20000078                PROVIDE (__fini_array_end, .)
 *(.jcr*)
 .jcr           0x20000078        0x0 c:/siliconlabs/simplicitystudio/v4/developer/toolchains/gnu_arm/4.9_2015q3/bin/../lib/gcc/arm-none-eabi/4.9.3/armv7-m/crtbegin.o
 .jcr           0x20000078        0x4 c:/siliconlabs/simplicitystudio/v4/developer/toolchains/gnu_arm/4.9_2015q3/bin/../lib/gcc/arm-none-eabi/4.9.3/armv7-m/crtend.o
                0x2000007c                . = ALIGN (0x4)
                0x2000007c                __data_end__ = .

.igot.plt       0x2000007c        0x0 load address 0x0000455c
 .igot.plt      0x00000000        0x0 c:/siliconlabs/simplicitystudio/v4/developer/toolchains/gnu_arm/4.9_2015q3/bin/../lib/gcc/arm-none-eabi/4.9.3/armv7-m/crtbegin.o

.bss            0x20000100      0x704 load address 0x00004600
                0x20000100                . = ALIGN (0x4)
                0x20000100                __bss_start__ = .
 *(.bss*)
 .bss           0x20000100       0x1c c:/siliconlabs/simplicitystudio/v4/developer/toolchains/gnu_arm/4.9_2015q3/bin/../lib/gcc/arm-none-eabi/4.9.3/armv7-m/crtbegin.o
 .bss.cmuStatus
                0x2000011c        0x4 ./emlib/em_emu.o
 .bss.__malloc_sbrk_start
                0x20000120        0x4 c:/siliconlabs/simplicitystudio/v4/developer/toolchains/gnu_arm/4.9_2015q3/bin/../lib/gcc/arm-none-eabi/4.9.3/../../../../arm-none-eabi/lib/armv7-m\libc_nano.a(lib_a-nano-mallocr.o)
                0x20000120                __malloc_sbrk_start
 .bss.__malloc_free_list
                0x20000124        0x4 c:/siliconlabs/simplicitystudio/v4/developer/toolchains/gnu_arm/4.9_2015q3/bin/../lib/gcc/arm-none-eabi/4.9.3/../../../../arm-none-eabi/lib/armv7-m\libc_nano.a(lib_a-nano-mallocr.o)
                0x20000124                __malloc_free_list
 .bss.heap_end.4079
                0x20000128        0x4 c:/siliconlabs/simplicitystudio/v4/developer/toolchains/gnu_arm/4.9_2015q3/bin/../lib/gcc/arm-none-eabi/4.9.3/../../../../arm-none-eabi/lib/armv7-m\libnosys.a(sbrk.o)
 *(COMMON)
 COMMON         0x2000012c        0x4 ./CMSIS/EFM32LG/system_efm32lg.o
                0x2000012c                SystemCoreClock
 COMMON         0x20000130       0x24 ./src/MCIoT_ACMP.o
                0x20000130                osc_ratio
                0x20000134                prescaled_two_power
                0x20000138                LEUART_is_Enabled
                0x20000139                e_letimer_energy_modes
                0x2000013c                letimer0_prescaler
                0x20000140                sleep_block_counter
 COMMON         0x20000154      0x438 ./src/MCIoT_ADC.o
                0x20000154                adc_InitSingle
                0x2000015d                leuart_temp_mantissa_data
                0x20000160                dma_cb_fn
                0x2000016c                leuart_nvic_is_enabled
                0x2000016d                leuart_temp_exponent_data
                0x20000170                ADCDataRAMBuffer
                0x20000558                sampBuff_idx
                0x20000559                leuart_led_data
                0x2000055c                adc_Samples_in_RAM
                0x20000560                leuart_temp_sign_data
                0x20000561                state_is_em1_for_leuart_tx
                0x20000562                temp_data_available
                0x20000563                led_data_available
                0x20000564                sampleBuffer
                0x20000574                DataValue
                0x20000578                p_ADCDataRAMBuffer
                0x2000057c                leuart_circ_buff
 COMMON         0x2000058c        0x1 ./src/MCIoT_I2C.o
                0x2000058c                i2c_als_state
 *fill*         0x2000058d       0x73 
 COMMON         0x20000600      0x200 ./src/dmactrl.o
                0x20000600                dmaControlBlock
 COMMON         0x20000800        0x4 c:/siliconlabs/simplicitystudio/v4/developer/toolchains/gnu_arm/4.9_2015q3/bin/../lib/gcc/arm-none-eabi/4.9.3/../../../../arm-none-eabi/lib/armv7-m\libc_nano.a(lib_a-reent.o)
                0x20000800                errno
                0x20000804                . = ALIGN (0x4)
                0x20000804                __bss_end__ = .

.heap           0x20000808      0xc00
                0x20000808                __HeapBase = .
                0x20000808                __end__ = .
                0x20000808                end = __end__
                0x20000808                _end = __end__
 *(.heap*)
 .heap          0x20000808      0xc00 ./CMSIS/EFM32LG/startup_efm32lg.o
                0x20001408                __HeapLimit = .

.stack_dummy    0x20000808      0x400
 *(.stack*)
 .stack         0x20000808      0x400 ./CMSIS/EFM32LG/startup_efm32lg.o
                0x20008000                __StackTop = (ORIGIN (RAM) + 0x8000)
                0x20007c00                __StackLimit = (__StackTop - SIZEOF (.stack_dummy))
                0x20008000                PROVIDE (__stack, __StackTop)
                0x00000001                ASSERT ((__StackLimit >= __HeapLimit), region RAM overflowed with stack)
                0x00000001                ASSERT ((0x40000 >= (__etext + SIZEOF (.data))), FLASH memory overflowed !)
OUTPUT(MCIoT_Assignment_6.axf elf32-littlearm)

.ARM.attributes
                0x00000000       0x29
 .ARM.attributes
                0x00000000       0x1d c:/siliconlabs/simplicitystudio/v4/developer/toolchains/gnu_arm/4.9_2015q3/bin/../lib/gcc/arm-none-eabi/4.9.3/armv7-m/crti.o
 .ARM.attributes
                0x0000001d       0x2d c:/siliconlabs/simplicitystudio/v4/developer/toolchains/gnu_arm/4.9_2015q3/bin/../lib/gcc/arm-none-eabi/4.9.3/armv7-m/crtbegin.o
 .ARM.attributes
                0x0000004a       0x1b c:/siliconlabs/simplicitystudio/v4/developer/toolchains/gnu_arm/4.9_2015q3/bin/../lib/gcc/arm-none-eabi/4.9.3/../../../../arm-none-eabi/lib/armv7-m/crt0.o
 .ARM.attributes
                0x00000065       0x1b ./CMSIS/EFM32LG/startup_efm32lg.o
 .ARM.attributes
                0x00000080       0x33 ./CMSIS/EFM32LG/system_efm32lg.o
 .ARM.attributes
                0x000000b3       0x33 ./emlib/em_adc.o
 .ARM.attributes
                0x000000e6       0x33 ./emlib/em_cmu.o
 .ARM.attributes
                0x00000119       0x33 ./emlib/em_core.o
 .ARM.attributes
                0x0000014c       0x33 ./emlib/em_dma.o
 .ARM.attributes
                0x0000017f       0x33 ./emlib/em_emu.o
 .ARM.attributes
                0x000001b2       0x33 ./emlib/em_gpio.o
 .ARM.attributes
                0x000001e5       0x33 ./emlib/em_letimer.o
 .ARM.attributes
                0x00000218       0x33 ./emlib/em_leuart.o
 .ARM.attributes
                0x0000024b       0x33 ./emlib/em_system.o
 .ARM.attributes
                0x0000027e       0x33 ./emlib/em_timer.o
 .ARM.attributes
                0x000002b1       0x33 ./src/MCIoT_ACMP.o
 .ARM.attributes
                0x000002e4       0x33 ./src/MCIoT_ADC.o
 .ARM.attributes
                0x00000317       0x33 ./src/MCIoT_CMU.o
 .ARM.attributes
                0x0000034a       0x33 ./src/MCIoT_DMA.o
 .ARM.attributes
                0x0000037d       0x33 ./src/MCIoT_GPIO.o
 .ARM.attributes
                0x000003b0       0x33 ./src/MCIoT_I2C.o
 .ARM.attributes
                0x000003e3       0x33 ./src/MCIoT_LETimer.o
 .ARM.attributes
                0x00000416       0x33 ./src/MCIoT_LEUART.o
 .ARM.attributes
                0x00000449       0x33 ./src/MCIoT_Sleep.o
 .ARM.attributes
                0x0000047c       0x33 ./src/MCIoT_Timer.o
 .ARM.attributes
                0x000004af       0x33 ./src/MCIoT_main.o
 .ARM.attributes
                0x000004e2       0x33 ./src/dmactrl.o
 .ARM.attributes
                0x00000515       0x1d c:/siliconlabs/simplicitystudio/v4/developer/toolchains/gnu_arm/4.9_2015q3/bin/../lib/gcc/arm-none-eabi/4.9.3/armv7-m\libgcc.a(_arm_addsubdf3.o)
 .ARM.attributes
                0x00000532       0x1d c:/siliconlabs/simplicitystudio/v4/developer/toolchains/gnu_arm/4.9_2015q3/bin/../lib/gcc/arm-none-eabi/4.9.3/armv7-m\libgcc.a(_arm_muldivdf3.o)
 .ARM.attributes
                0x0000054f       0x1d c:/siliconlabs/simplicitystudio/v4/developer/toolchains/gnu_arm/4.9_2015q3/bin/../lib/gcc/arm-none-eabi/4.9.3/armv7-m\libgcc.a(_arm_fixunsdfsi.o)
 .ARM.attributes
                0x0000056c       0x1d c:/siliconlabs/simplicitystudio/v4/developer/toolchains/gnu_arm/4.9_2015q3/bin/../lib/gcc/arm-none-eabi/4.9.3/armv7-m\libgcc.a(_arm_addsubsf3.o)
 .ARM.attributes
                0x00000589       0x1d c:/siliconlabs/simplicitystudio/v4/developer/toolchains/gnu_arm/4.9_2015q3/bin/../lib/gcc/arm-none-eabi/4.9.3/armv7-m\libgcc.a(_arm_muldivsf3.o)
 .ARM.attributes
                0x000005a6       0x1d c:/siliconlabs/simplicitystudio/v4/developer/toolchains/gnu_arm/4.9_2015q3/bin/../lib/gcc/arm-none-eabi/4.9.3/armv7-m\libgcc.a(_arm_cmpsf2.o)
 .ARM.attributes
                0x000005c3       0x1d c:/siliconlabs/simplicitystudio/v4/developer/toolchains/gnu_arm/4.9_2015q3/bin/../lib/gcc/arm-none-eabi/4.9.3/armv7-m\libgcc.a(_arm_fixsfsi.o)
 .ARM.attributes
                0x000005e0       0x1d c:/siliconlabs/simplicitystudio/v4/developer/toolchains/gnu_arm/4.9_2015q3/bin/../lib/gcc/arm-none-eabi/4.9.3/armv7-m\libgcc.a(_arm_fixunssfsi.o)
 .ARM.attributes
                0x000005fd       0x2d c:/siliconlabs/simplicitystudio/v4/developer/toolchains/gnu_arm/4.9_2015q3/bin/../lib/gcc/arm-none-eabi/4.9.3/../../../../arm-none-eabi/lib/armv7-m\libc_nano.a(lib_a-exit.o)
 .ARM.attributes
                0x0000062a       0x2d c:/siliconlabs/simplicitystudio/v4/developer/toolchains/gnu_arm/4.9_2015q3/bin/../lib/gcc/arm-none-eabi/4.9.3/../../../../arm-none-eabi/lib/armv7-m\libc_nano.a(lib_a-impure.o)
 .ARM.attributes
                0x00000657       0x2d c:/siliconlabs/simplicitystudio/v4/developer/toolchains/gnu_arm/4.9_2015q3/bin/../lib/gcc/arm-none-eabi/4.9.3/../../../../arm-none-eabi/lib/armv7-m\libc_nano.a(lib_a-init.o)
 .ARM.attributes
                0x00000684       0x2d c:/siliconlabs/simplicitystudio/v4/developer/toolchains/gnu_arm/4.9_2015q3/bin/../lib/gcc/arm-none-eabi/4.9.3/../../../../arm-none-eabi/lib/armv7-m\libc_nano.a(lib_a-malloc.o)
 .ARM.attributes
                0x000006b1       0x2d c:/siliconlabs/simplicitystudio/v4/developer/toolchains/gnu_arm/4.9_2015q3/bin/../lib/gcc/arm-none-eabi/4.9.3/../../../../arm-none-eabi/lib/armv7-m\libc_nano.a(lib_a-memset.o)
 .ARM.attributes
                0x000006de       0x2d c:/siliconlabs/simplicitystudio/v4/developer/toolchains/gnu_arm/4.9_2015q3/bin/../lib/gcc/arm-none-eabi/4.9.3/../../../../arm-none-eabi/lib/armv7-m\libc_nano.a(lib_a-nano-mallocr.o)
 .ARM.attributes
                0x0000070b       0x2d c:/siliconlabs/simplicitystudio/v4/developer/toolchains/gnu_arm/4.9_2015q3/bin/../lib/gcc/arm-none-eabi/4.9.3/../../../../arm-none-eabi/lib/armv7-m\libc_nano.a(lib_a-sbrkr.o)
 .ARM.attributes
                0x00000738       0x2d c:/siliconlabs/simplicitystudio/v4/developer/toolchains/gnu_arm/4.9_2015q3/bin/../lib/gcc/arm-none-eabi/4.9.3/../../../../arm-none-eabi/lib/armv7-m\libc_nano.a(lib_a-reent.o)
 .ARM.attributes
                0x00000765       0x2d c:/siliconlabs/simplicitystudio/v4/developer/toolchains/gnu_arm/4.9_2015q3/bin/../lib/gcc/arm-none-eabi/4.9.3/../../../../arm-none-eabi/lib/armv7-m\libnosys.a(sbrk.o)
 .ARM.attributes
                0x00000792       0x2d c:/siliconlabs/simplicitystudio/v4/developer/toolchains/gnu_arm/4.9_2015q3/bin/../lib/gcc/arm-none-eabi/4.9.3/../../../../arm-none-eabi/lib/armv7-m\libnosys.a(_exit.o)
 .ARM.attributes
                0x000007bf       0x2d c:/siliconlabs/simplicitystudio/v4/developer/toolchains/gnu_arm/4.9_2015q3/bin/../lib/gcc/arm-none-eabi/4.9.3/armv7-m/crtend.o
 .ARM.attributes
                0x000007ec       0x1d c:/siliconlabs/simplicitystudio/v4/developer/toolchains/gnu_arm/4.9_2015q3/bin/../lib/gcc/arm-none-eabi/4.9.3/armv7-m/crtn.o

.comment        0x00000000       0x70
 .comment       0x00000000       0x70 ./CMSIS/EFM32LG/system_efm32lg.o
                                 0x71 (size before relaxing)
 .comment       0x00000000       0x71 ./emlib/em_adc.o
 .comment       0x00000000       0x71 ./emlib/em_cmu.o
 .comment       0x00000000       0x71 ./emlib/em_core.o
 .comment       0x00000000       0x71 ./emlib/em_dma.o
 .comment       0x00000000       0x71 ./emlib/em_emu.o
 .comment       0x00000000       0x71 ./emlib/em_gpio.o
 .comment       0x00000000       0x71 ./emlib/em_letimer.o
 .comment       0x00000000       0x71 ./emlib/em_leuart.o
 .comment       0x00000000       0x71 ./emlib/em_system.o
 .comment       0x00000000       0x71 ./emlib/em_timer.o
 .comment       0x00000000       0x71 ./src/MCIoT_ACMP.o
 .comment       0x00000000       0x71 ./src/MCIoT_ADC.o
 .comment       0x00000000       0x71 ./src/MCIoT_CMU.o
 .comment       0x00000000       0x71 ./src/MCIoT_DMA.o
 .comment       0x00000000       0x71 ./src/MCIoT_GPIO.o
 .comment       0x00000000       0x71 ./src/MCIoT_I2C.o
 .comment       0x00000000       0x71 ./src/MCIoT_LETimer.o
 .comment       0x00000000       0x71 ./src/MCIoT_LEUART.o
 .comment       0x00000000       0x71 ./src/MCIoT_Sleep.o
 .comment       0x00000000       0x71 ./src/MCIoT_Timer.o
 .comment       0x00000000       0x71 ./src/MCIoT_main.o
 .comment       0x00000000       0x71 ./src/dmactrl.o

.debug_line     0x00000000     0x6320
 .debug_line    0x00000000       0xcd ./CMSIS/EFM32LG/startup_efm32lg.o
 .debug_line    0x000000cd      0x377 ./CMSIS/EFM32LG/system_efm32lg.o
 .debug_line    0x00000444      0x39b ./emlib/em_adc.o
 .debug_line    0x000007df      0x9ff ./emlib/em_cmu.o
 .debug_line    0x000011de      0x5dc ./emlib/em_core.o
 .debug_line    0x000017ba      0x56f ./emlib/em_dma.o
 .debug_line    0x00001d29      0x536 ./emlib/em_emu.o
 .debug_line    0x0000225f      0x45a ./emlib/em_gpio.o
 .debug_line    0x000026b9      0x390 ./emlib/em_letimer.o
 .debug_line    0x00002a49      0x40f ./emlib/em_leuart.o
 .debug_line    0x00002e58      0x2f8 ./emlib/em_system.o
 .debug_line    0x00003150      0x570 ./emlib/em_timer.o
 .debug_line    0x000036c0      0x308 ./src/MCIoT_ACMP.o
 .debug_line    0x000039c8      0x424 ./src/MCIoT_ADC.o
 .debug_line    0x00003dec      0x3c2 ./src/MCIoT_CMU.o
 .debug_line    0x000041ae      0x3ed ./src/MCIoT_DMA.o
 .debug_line    0x0000459b      0x3cd ./src/MCIoT_GPIO.o
 .debug_line    0x00004968      0x5f1 ./src/MCIoT_I2C.o
 .debug_line    0x00004f59      0x446 ./src/MCIoT_LETimer.o
 .debug_line    0x0000539f      0x403 ./src/MCIoT_LEUART.o
 .debug_line    0x000057a2      0x2d9 ./src/MCIoT_Sleep.o
 .debug_line    0x00005a7b      0x2e6 ./src/MCIoT_Timer.o
 .debug_line    0x00005d61      0x3b0 ./src/MCIoT_main.o
 .debug_line    0x00006111      0x20f ./src/dmactrl.o

.debug_info     0x00000000     0xe287
 .debug_info    0x00000000      0x100 ./CMSIS/EFM32LG/startup_efm32lg.o
 .debug_info    0x00000100      0x57e ./CMSIS/EFM32LG/system_efm32lg.o
 .debug_info    0x0000067e      0xa91 ./emlib/em_adc.o
 .debug_info    0x0000110f     0x13bd ./emlib/em_cmu.o
 .debug_info    0x000024cc      0xcfe ./emlib/em_core.o
 .debug_info    0x000031ca     0x12e9 ./emlib/em_dma.o
 .debug_info    0x000044b3      0xdb2 ./emlib/em_emu.o
 .debug_info    0x00005265      0x65e ./emlib/em_gpio.o
 .debug_info    0x000058c3      0x523 ./emlib/em_letimer.o
 .debug_info    0x00005de6      0x854 ./emlib/em_leuart.o
 .debug_info    0x0000663a      0x269 ./emlib/em_system.o
 .debug_info    0x000068a3      0x8e3 ./emlib/em_timer.o
 .debug_info    0x00007186      0x4ca ./src/MCIoT_ACMP.o
 .debug_info    0x00007650      0xf8c ./src/MCIoT_ADC.o
 .debug_info    0x000085dc      0xc29 ./src/MCIoT_CMU.o
 .debug_info    0x00009205      0xb7d ./src/MCIoT_DMA.o
 .debug_info    0x00009d82      0x63a ./src/MCIoT_GPIO.o
 .debug_info    0x0000a3bc      0xd6c ./src/MCIoT_I2C.o
 .debug_info    0x0000b128      0xdae ./src/MCIoT_LETimer.o
 .debug_info    0x0000bed6      0xabe ./src/MCIoT_LEUART.o
 .debug_info    0x0000c994      0x6cb ./src/MCIoT_Sleep.o
 .debug_info    0x0000d05f      0x52d ./src/MCIoT_Timer.o
 .debug_info    0x0000d58c      0xbd2 ./src/MCIoT_main.o
 .debug_info    0x0000e15e      0x129 ./src/dmactrl.o

.debug_abbrev   0x00000000     0x27fa
 .debug_abbrev  0x00000000       0x14 ./CMSIS/EFM32LG/startup_efm32lg.o
 .debug_abbrev  0x00000014      0x16b ./CMSIS/EFM32LG/system_efm32lg.o
 .debug_abbrev  0x0000017f      0x1b0 ./emlib/em_adc.o
 .debug_abbrev  0x0000032f      0x2e0 ./emlib/em_cmu.o
 .debug_abbrev  0x0000060f      0x239 ./emlib/em_core.o
 .debug_abbrev  0x00000848      0x23b ./emlib/em_dma.o
 .debug_abbrev  0x00000a83      0x254 ./emlib/em_emu.o
 .debug_abbrev  0x00000cd7      0x1cf ./emlib/em_gpio.o
 .debug_abbrev  0x00000ea6      0x1a3 ./emlib/em_letimer.o
 .debug_abbrev  0x00001049      0x1bb ./emlib/em_leuart.o
 .debug_abbrev  0x00001204       0xde ./emlib/em_system.o
 .debug_abbrev  0x000012e2      0x19b ./emlib/em_timer.o
 .debug_abbrev  0x0000147d      0x172 ./src/MCIoT_ACMP.o
 .debug_abbrev  0x000015ef      0x206 ./src/MCIoT_ADC.o
 .debug_abbrev  0x000017f5      0x1bb ./src/MCIoT_CMU.o
 .debug_abbrev  0x000019b0      0x19b ./src/MCIoT_DMA.o
 .debug_abbrev  0x00001b4b      0x187 ./src/MCIoT_GPIO.o
 .debug_abbrev  0x00001cd2      0x26d ./src/MCIoT_I2C.o
 .debug_abbrev  0x00001f3f      0x1bf ./src/MCIoT_LETimer.o
 .debug_abbrev  0x000020fe      0x1f6 ./src/MCIoT_LEUART.o
 .debug_abbrev  0x000022f4      0x16b ./src/MCIoT_Sleep.o
 .debug_abbrev  0x0000245f      0x135 ./src/MCIoT_Timer.o
 .debug_abbrev  0x00002594      0x1ce ./src/MCIoT_main.o
 .debug_abbrev  0x00002762       0x98 ./src/dmactrl.o

.debug_aranges  0x00000000      0x9c0
 .debug_aranges
                0x00000000       0x20 ./CMSIS/EFM32LG/startup_efm32lg.o
 .debug_aranges
                0x00000020       0x70 ./CMSIS/EFM32LG/system_efm32lg.o
 .debug_aranges
                0x00000090       0x50 ./emlib/em_adc.o
 .debug_aranges
                0x000000e0      0x168 ./emlib/em_cmu.o
 .debug_aranges
                0x00000248       0xe8 ./emlib/em_core.o
 .debug_aranges
                0x00000330       0xc0 ./emlib/em_dma.o
 .debug_aranges
                0x000003f0       0xa8 ./emlib/em_emu.o
 .debug_aranges
                0x00000498       0x70 ./emlib/em_gpio.o
 .debug_aranges
                0x00000508       0x58 ./emlib/em_letimer.o
 .debug_aranges
                0x00000560       0x88 ./emlib/em_leuart.o
 .debug_aranges
                0x000005e8       0x28 ./emlib/em_system.o
 .debug_aranges
                0x00000610       0x50 ./emlib/em_timer.o
 .debug_aranges
                0x00000660       0x30 ./src/MCIoT_ACMP.o
 .debug_aranges
                0x00000690       0x58 ./src/MCIoT_ADC.o
 .debug_aranges
                0x000006e8       0x40 ./src/MCIoT_CMU.o
 .debug_aranges
                0x00000728       0x28 ./src/MCIoT_DMA.o
 .debug_aranges
                0x00000750       0x50 ./src/MCIoT_GPIO.o
 .debug_aranges
                0x000007a0       0xd0 ./src/MCIoT_I2C.o
 .debug_aranges
                0x00000870       0x58 ./src/MCIoT_LETimer.o
 .debug_aranges
                0x000008c8       0x58 ./src/MCIoT_LEUART.o
 .debug_aranges
                0x00000920       0x38 ./src/MCIoT_Sleep.o
 .debug_aranges
                0x00000958       0x20 ./src/MCIoT_Timer.o
 .debug_aranges
                0x00000978       0x30 ./src/MCIoT_main.o
 .debug_aranges
                0x000009a8       0x18 ./src/dmactrl.o

.debug_loc      0x00000000     0x4c32
 .debug_loc     0x00000000      0x31c ./CMSIS/EFM32LG/system_efm32lg.o
 .debug_loc     0x0000031c      0x23c ./emlib/em_adc.o
 .debug_loc     0x00000558      0xd50 ./emlib/em_cmu.o
 .debug_loc     0x000012a8      0x88c ./emlib/em_core.o
 .debug_loc     0x00001b34      0x72c ./emlib/em_dma.o
 .debug_loc     0x00002260      0x5a0 ./emlib/em_emu.o
 .debug_loc     0x00002800      0x3d0 ./emlib/em_gpio.o
 .debug_loc     0x00002bd0      0x2d4 ./emlib/em_letimer.o
 .debug_loc     0x00002ea4      0x49c ./emlib/em_leuart.o
 .debug_loc     0x00003340       0xb8 ./emlib/em_system.o
 .debug_loc     0x000033f8      0x278 ./emlib/em_timer.o
 .debug_loc     0x00003670       0xd8 ./src/MCIoT_ACMP.o
 .debug_loc     0x00003748      0x280 ./src/MCIoT_ADC.o
 .debug_loc     0x000039c8      0x179 ./src/MCIoT_CMU.o
 .debug_loc     0x00003b41       0xa0 ./src/MCIoT_DMA.o
 .debug_loc     0x00003be1      0x200 ./src/MCIoT_GPIO.o
 .debug_loc     0x00003de1      0x694 ./src/MCIoT_I2C.o
 .debug_loc     0x00004475      0x2a5 ./src/MCIoT_LETimer.o
 .debug_loc     0x0000471a      0x2bc ./src/MCIoT_LEUART.o
 .debug_loc     0x000049d6      0x110 ./src/MCIoT_Sleep.o
 .debug_loc     0x00004ae6       0x74 ./src/MCIoT_Timer.o
 .debug_loc     0x00004b5a       0xd8 ./src/MCIoT_main.o

.debug_ranges   0x00000000      0x828
 .debug_ranges  0x00000000       0x60 ./CMSIS/EFM32LG/system_efm32lg.o
 .debug_ranges  0x00000060       0x40 ./emlib/em_adc.o
 .debug_ranges  0x000000a0      0x158 ./emlib/em_cmu.o
 .debug_ranges  0x000001f8       0xd8 ./emlib/em_core.o
 .debug_ranges  0x000002d0       0xb0 ./emlib/em_dma.o
 .debug_ranges  0x00000380       0x98 ./emlib/em_emu.o
 .debug_ranges  0x00000418       0x60 ./emlib/em_gpio.o
 .debug_ranges  0x00000478       0x48 ./emlib/em_letimer.o
 .debug_ranges  0x000004c0       0x78 ./emlib/em_leuart.o
 .debug_ranges  0x00000538       0x18 ./emlib/em_system.o
 .debug_ranges  0x00000550       0x40 ./emlib/em_timer.o
 .debug_ranges  0x00000590       0x20 ./src/MCIoT_ACMP.o
 .debug_ranges  0x000005b0       0x48 ./src/MCIoT_ADC.o
 .debug_ranges  0x000005f8       0x30 ./src/MCIoT_CMU.o
 .debug_ranges  0x00000628       0x18 ./src/MCIoT_DMA.o
 .debug_ranges  0x00000640       0x40 ./src/MCIoT_GPIO.o
 .debug_ranges  0x00000680       0xc0 ./src/MCIoT_I2C.o
 .debug_ranges  0x00000740       0x48 ./src/MCIoT_LETimer.o
 .debug_ranges  0x00000788       0x48 ./src/MCIoT_LEUART.o
 .debug_ranges  0x000007d0       0x28 ./src/MCIoT_Sleep.o
 .debug_ranges  0x000007f8       0x10 ./src/MCIoT_Timer.o
 .debug_ranges  0x00000808       0x20 ./src/MCIoT_main.o

.debug_str      0x00000000     0x465a
 .debug_str     0x00000000      0x43c ./CMSIS/EFM32LG/system_efm32lg.o
                                0x4c3 (size before relaxing)
 .debug_str     0x0000043c      0x980 ./emlib/em_adc.o
                                0xbe4 (size before relaxing)
 .debug_str     0x00000dbc      0x9bb ./emlib/em_cmu.o
                                0xfd2 (size before relaxing)
 .debug_str     0x00001777      0x608 ./emlib/em_core.o
                                0x855 (size before relaxing)
 .debug_str     0x00001d7f      0x5fb ./emlib/em_dma.o
                                0xd8e (size before relaxing)
 .debug_str     0x0000237a      0x425 ./emlib/em_emu.o
                                0x862 (size before relaxing)
 .debug_str     0x0000279f      0x3bb ./emlib/em_gpio.o
                                0x605 (size before relaxing)
 .debug_str     0x00002b5a      0x214 ./emlib/em_letimer.o
                                0x451 (size before relaxing)
 .debug_str     0x00002d6e      0x2ba ./emlib/em_leuart.o
                                0x793 (size before relaxing)
 .debug_str     0x00003028       0xef ./emlib/em_system.o
                                0x2de (size before relaxing)
 .debug_str     0x00003117      0x707 ./emlib/em_timer.o
                                0x98d (size before relaxing)
 .debug_str     0x0000381e      0x42d ./src/MCIoT_ACMP.o
                                0x7e6 (size before relaxing)
 .debug_str     0x00003c4b      0x269 ./src/MCIoT_ADC.o
                               0x11ea (size before relaxing)
 .debug_str     0x00003eb4       0xec ./src/MCIoT_CMU.o
                                0xc72 (size before relaxing)
 .debug_str     0x00003fa0       0x68 ./src/MCIoT_DMA.o
                                0xe58 (size before relaxing)
 .debug_str     0x00004008       0x79 ./src/MCIoT_GPIO.o
                                0x663 (size before relaxing)
 .debug_str     0x00004081      0x2c4 ./src/MCIoT_I2C.o
                                0xd08 (size before relaxing)
 .debug_str     0x00004345      0x13e ./src/MCIoT_LETimer.o
                                0xfd0 (size before relaxing)
 .debug_str     0x00004483      0x12e ./src/MCIoT_LEUART.o
                                0xc0d (size before relaxing)
 .debug_str     0x000045b1       0x39 ./src/MCIoT_Sleep.o
                                0x80d (size before relaxing)
 .debug_str     0x000045ea       0x1f ./src/MCIoT_Timer.o
                                0x5fb (size before relaxing)
 .debug_str     0x00004609       0x40 ./src/MCIoT_main.o
                                0xdf1 (size before relaxing)
 .debug_str     0x00004649       0x11 ./src/dmactrl.o
                                0x237 (size before relaxing)

.debug_frame    0x00000000     0x25a4
 .debug_frame   0x00000000      0x180 ./CMSIS/EFM32LG/system_efm32lg.o
 .debug_frame   0x00000180      0x110 ./emlib/em_adc.o
 .debug_frame   0x00000290      0x630 ./emlib/em_cmu.o
 .debug_frame   0x000008c0      0x3dc ./emlib/em_core.o
 .debug_frame   0x00000c9c      0x340 ./emlib/em_dma.o
 .debug_frame   0x00000fdc      0x29c ./emlib/em_emu.o
 .debug_frame   0x00001278      0x1c0 ./emlib/em_gpio.o
 .debug_frame   0x00001438      0x14c ./emlib/em_letimer.o
 .debug_frame   0x00001584      0x21c ./emlib/em_leuart.o
 .debug_frame   0x000017a0       0x60 ./emlib/em_system.o
 .debug_frame   0x00001800      0x124 ./emlib/em_timer.o
 .debug_frame   0x00001924       0x7c ./src/MCIoT_ACMP.o
 .debug_frame   0x000019a0      0x138 ./src/MCIoT_ADC.o
 .debug_frame   0x00001ad8       0xc4 ./src/MCIoT_CMU.o
 .debug_frame   0x00001b9c       0x5c ./src/MCIoT_DMA.o
 .debug_frame   0x00001bf8      0x104 ./src/MCIoT_GPIO.o
 .debug_frame   0x00001cfc      0x33c ./src/MCIoT_I2C.o
 .debug_frame   0x00002038      0x140 ./src/MCIoT_LETimer.o
 .debug_frame   0x00002178      0x148 ./src/MCIoT_LEUART.o
 .debug_frame   0x000022c0       0x94 ./src/MCIoT_Sleep.o
 .debug_frame   0x00002354       0x40 ./src/MCIoT_Timer.o
 .debug_frame   0x00002394       0x78 ./src/MCIoT_main.o
 .debug_frame   0x0000240c       0x28 c:/siliconlabs/simplicitystudio/v4/developer/toolchains/gnu_arm/4.9_2015q3/bin/../lib/gcc/arm-none-eabi/4.9.3/../../../../arm-none-eabi/lib/armv7-m\libc_nano.a(lib_a-exit.o)
 .debug_frame   0x00002434       0x2c c:/siliconlabs/simplicitystudio/v4/developer/toolchains/gnu_arm/4.9_2015q3/bin/../lib/gcc/arm-none-eabi/4.9.3/../../../../arm-none-eabi/lib/armv7-m\libc_nano.a(lib_a-init.o)
 .debug_frame   0x00002460       0x30 c:/siliconlabs/simplicitystudio/v4/developer/toolchains/gnu_arm/4.9_2015q3/bin/../lib/gcc/arm-none-eabi/4.9.3/../../../../arm-none-eabi/lib/armv7-m\libc_nano.a(lib_a-malloc.o)
 .debug_frame   0x00002490       0x20 c:/siliconlabs/simplicitystudio/v4/developer/toolchains/gnu_arm/4.9_2015q3/bin/../lib/gcc/arm-none-eabi/4.9.3/../../../../arm-none-eabi/lib/armv7-m\libc_nano.a(lib_a-memset.o)
 .debug_frame   0x000024b0       0x2c c:/siliconlabs/simplicitystudio/v4/developer/toolchains/gnu_arm/4.9_2015q3/bin/../lib/gcc/arm-none-eabi/4.9.3/../../../../arm-none-eabi/lib/armv7-m\libc_nano.a(lib_a-nano-mallocr.o)
 .debug_frame   0x000024dc       0x2c c:/siliconlabs/simplicitystudio/v4/developer/toolchains/gnu_arm/4.9_2015q3/bin/../lib/gcc/arm-none-eabi/4.9.3/../../../../arm-none-eabi/lib/armv7-m\libc_nano.a(lib_a-sbrkr.o)
 .debug_frame   0x00002508       0x5c c:/siliconlabs/simplicitystudio/v4/developer/toolchains/gnu_arm/4.9_2015q3/bin/../lib/gcc/arm-none-eabi/4.9.3/../../../../arm-none-eabi/lib/armv7-m\libc_nano.a(lib_a-reent.o)
 .debug_frame   0x00002564       0x20 c:/siliconlabs/simplicitystudio/v4/developer/toolchains/gnu_arm/4.9_2015q3/bin/../lib/gcc/arm-none-eabi/4.9.3/../../../../arm-none-eabi/lib/armv7-m\libnosys.a(sbrk.o)
 .debug_frame   0x00002584       0x20 c:/siliconlabs/simplicitystudio/v4/developer/toolchains/gnu_arm/4.9_2015q3/bin/../lib/gcc/arm-none-eabi/4.9.3/../../../../arm-none-eabi/lib/armv7-m\libnosys.a(_exit.o)
