Archive member included because of file (symbol)

/Applications/Simplicity Studio.app/Contents/Eclipse/developer/sdks/gecko_sdk_suite/v1.0//protocol/bluetooth_2.3/lib/EFR32BG1P/GCC/bgapi.a(gecko_bgapi_hardware.c.obj)
                              ./main.o (gecko_bgapi_class_hardware_init)
/Applications/Simplicity Studio.app/Contents/Eclipse/developer/sdks/gecko_sdk_suite/v1.0//protocol/bluetooth_2.3/lib/EFR32BG1P/GCC/bgapi.a(gecko_bgapi_test.c.obj)
                              ./main.o (gecko_bgapi_class_test_init)
/Applications/Simplicity Studio.app/Contents/Eclipse/developer/sdks/gecko_sdk_suite/v1.0//protocol/bluetooth_2.3/lib/EFR32BG1P/GCC/bgapi.a(gecko_bgapi_util.c.obj)
                              ./main.o (gecko_bgapi_class_util_init)
/Applications/Simplicity Studio.app/Contents/Eclipse/developer/sdks/gecko_sdk_suite/v1.0//protocol/bluetooth_2.3/lib/EFR32BG1P/GCC/bgapi.a(gecko_bgapi_dfu.c.obj)
                              ./main.o (gecko_bgapi_class_dfu_init)
/Applications/Simplicity Studio.app/Contents/Eclipse/developer/sdks/gecko_sdk_suite/v1.0//protocol/bluetooth_2.3/lib/EFR32BG1P/GCC/bgapi.a(gecko_bgapi_gap.c.obj)
                              ./main.o (gecko_bgapi_class_le_gap_init)
/Applications/Simplicity Studio.app/Contents/Eclipse/developer/sdks/gecko_sdk_suite/v1.0//protocol/bluetooth_2.3/lib/EFR32BG1P/GCC/bgapi.a(gecko_bgapi_gatt.c.obj)
                              ./main.o (gecko_bgapi_class_gatt_init)
/Applications/Simplicity Studio.app/Contents/Eclipse/developer/sdks/gecko_sdk_suite/v1.0//protocol/bluetooth_2.3/lib/EFR32BG1P/GCC/bgapi.a(gecko_bgapi_gatt_server.c.obj)
                              ./main.o (gecko_bgapi_class_gatt_server_init)
/Applications/Simplicity Studio.app/Contents/Eclipse/developer/sdks/gecko_sdk_suite/v1.0//protocol/bluetooth_2.3/lib/EFR32BG1P/GCC/bgapi.a(gecko_bgapi_flash.c.obj)
                              ./main.o (gecko_bgapi_class_flash_init)
/Applications/Simplicity Studio.app/Contents/Eclipse/developer/sdks/gecko_sdk_suite/v1.0//protocol/bluetooth_2.3/lib/EFR32BG1P/GCC/bgapi.a(gecko_bgapi_sm.c.obj)
                              ./main.o (gecko_bgapi_class_sm_init)
/Applications/Simplicity Studio.app/Contents/Eclipse/developer/sdks/gecko_sdk_suite/v1.0//protocol/bluetooth_2.3/lib/EFR32BG1P/GCC/bgapi.a(gecko_bgapi_system.c.obj)
                              ./main.o (gecko_bgapi_class_system_init)
/Applications/Simplicity Studio.app/Contents/Eclipse/developer/sdks/gecko_sdk_suite/v1.0//protocol/bluetooth_2.3/lib/EFR32BG1P/GCC/bgapi.a(gecko_bgapi_endpoint.c.obj)
                              ./main.o (gecko_bgapi_class_endpoint_init)
/Applications/Simplicity Studio.app/Contents/Eclipse/developer/sdks/gecko_sdk_suite/v1.0//protocol/bluetooth_2.3/lib/EFR32BG1P/GCC/bgapi.a(gecko_bgapi_le_connection.c.obj)
                              ./main.o (gecko_bgapi_class_le_connection_init)
/Applications/Simplicity Studio.app/Contents/Eclipse/developer/sdks/gecko_sdk_suite/v1.0//protocol/bluetooth_2.3/lib/EFR32BG1P/GCC/bgapi.a(bgapi_hardware_lib.c.obj)
                              /Applications/Simplicity Studio.app/Contents/Eclipse/developer/sdks/gecko_sdk_suite/v1.0//protocol/bluetooth_2.3/lib/EFR32BG1P/GCC/bgapi.a(gecko_bgapi_hardware.c.obj) (gecko_cmd_hardware_read_i2c)
/Applications/Simplicity Studio.app/Contents/Eclipse/developer/sdks/gecko_sdk_suite/v1.0//protocol/bluetooth_2.3/lib/EFR32BG1P/GCC/bgapi.a(bgapi_hardware.c.obj)
                              /Applications/Simplicity Studio.app/Contents/Eclipse/developer/sdks/gecko_sdk_suite/v1.0//protocol/bluetooth_2.3/lib/EFR32BG1P/GCC/bgapi.a(gecko_bgapi_hardware.c.obj) (lib_hardware_handler_init)
/Applications/Simplicity Studio.app/Contents/Eclipse/developer/sdks/gecko_sdk_suite/v1.0//protocol/bluetooth_2.3/lib/EFR32BG1P/GCC/bgapi.a(bgapi_test_lib.c.obj)
                              /Applications/Simplicity Studio.app/Contents/Eclipse/developer/sdks/gecko_sdk_suite/v1.0//protocol/bluetooth_2.3/lib/EFR32BG1P/GCC/bgapi.a(gecko_bgapi_test.c.obj) (lib_test_handler_init)
/Applications/Simplicity Studio.app/Contents/Eclipse/developer/sdks/gecko_sdk_suite/v1.0//protocol/bluetooth_2.3/lib/EFR32BG1P/GCC/bgapi.a(bgapi_util.c.obj)
                              /Applications/Simplicity Studio.app/Contents/Eclipse/developer/sdks/gecko_sdk_suite/v1.0//protocol/bluetooth_2.3/lib/EFR32BG1P/GCC/bgapi.a(gecko_bgapi_util.c.obj) (lib_util_handler_init)
/Applications/Simplicity Studio.app/Contents/Eclipse/developer/sdks/gecko_sdk_suite/v1.0//protocol/bluetooth_2.3/lib/EFR32BG1P/GCC/bgapi.a(bgapi_dfu.c.obj)
                              /Applications/Simplicity Studio.app/Contents/Eclipse/developer/sdks/gecko_sdk_suite/v1.0//protocol/bluetooth_2.3/lib/EFR32BG1P/GCC/bgapi.a(gecko_bgapi_dfu.c.obj) (lib_dfu_handler_init)
/Applications/Simplicity Studio.app/Contents/Eclipse/developer/sdks/gecko_sdk_suite/v1.0//protocol/bluetooth_2.3/lib/EFR32BG1P/GCC/bgapi.a(bgapi_gap.c.obj)
[...]
Memory Configuration

Name             Origin             Length             Attributes
FLASH            0x0000000000000000 0x000000000003f000 xr
RAM              0x0000000020003000 0x0000000000004bfc xrw
*default*        0x0000000000000000 0xffffffffffffffff

Linker script and memory map

LOAD /Applications/Simplicity Studio.app/Contents/Eclipse/developer/toolchains/gnu_arm/4.9_2015q3/bin/../lib/gcc/arm-none-eabi/4.9.3/armv7e-m/softfp/crti.o
LOAD /Applications/Simplicity Studio.app/Contents/Eclipse/developer/toolchains/gnu_arm/4.9_2015q3/bin/../lib/gcc/arm-none-eabi/4.9.3/armv7e-m/softfp/crtbegin.o
LOAD /Applications/Simplicity Studio.app/Contents/Eclipse/developer/toolchains/gnu_arm/4.9_2015q3/bin/../lib/gcc/arm-none-eabi/4.9.3/../../../../arm-none-eabi/lib/armv7e-m/softfp/crt0.o
LOAD ./advertisement.o
LOAD ./app.o
LOAD ./app_hw.o
LOAD ./app_ui.o
LOAD ./application_properties.o
LOAD ./beacon.o
LOAD ./ble-callback-stubs.o
LOAD ./ble-callbacks.o
LOAD ./gatt_db.o
LOAD ./graphics.o
LOAD ./htm.o
LOAD ./ia.o
LOAD ./main.o
LOAD ./bgapi/dmadrv.o
LOAD ./bgapi/em_adc.o
LOAD ./bgapi/em_ldma.o
LOAD ./bgapi/em_leuart.o
LOAD ./device/EFR32_B_1_1_P/gcc/startup_efr32bg1p.o
LOAD ./emlib/em_cmu.o
LOAD ./emlib/em_cryotimer.o
LOAD ./emlib/em_gpio.o
LOAD ./emlib/em_i2c.o
LOAD ./emlib/em_msc.o
LOAD ./emlib/em_rtcc.o
LOAD ./emlib/em_system.o
LOAD ./emlib/em_usart.o
LOAD ./glib/BRD4100A/bmp.o
LOAD ./glib/BRD4100A/dmd_display.o
LOAD ./glib/BRD4100A/glib.o
LOAD ./glib/BRD4100A/glib_bitmap.o
LOAD ./glib/BRD4100A/glib_circle.o
LOAD ./glib/BRD4100A/glib_font_narrow_6x8.o
LOAD ./glib/BRD4100A/glib_font_normal_8x8.o
LOAD ./glib/BRD4100A/glib_font_number_16x20.o
LOAD ./glib/BRD4100A/glib_line.o
LOAD ./glib/BRD4100A/glib_polygon.o
LOAD ./glib/BRD4100A/glib_rectangle.o
LOAD ./glib/BRD4100A/glib_string.o
LOAD ./kit/BRD4100A/bsp_bcc.o
LOAD ./kit/BRD4100A/bsp_stk.o
LOAD ./kit/BRD4100A/bsp_stk_leds.o
LOAD ./kit/BRD4100A/i2cspm.o
LOAD ./kit/BRD4100A/si7013.o
LOAD ./kit/BRD4100A/tempsens.o
LOAD ./kit/BRD4100A/udelay.o
LOAD ./kit_flashpwr/BRD4100A/mx25flash_spi.o
LOAD ./kit_lcd/BRD4100A/display.o
LOAD ./kit_lcd/BRD4100A/displayls013b7dh03.o
LOAD ./kit_lcd/BRD4100A/displaypalemlib.o
LOAD ./src/InitDevice.o
LOAD /Applications/Simplicity Studio.app/Contents/Eclipse/developer/sdks/gecko_sdk_suite/v1.0//protocol/bluetooth_2.3/lib/EFR32BG1P/GCC/bgapi.a
LOAD /Applications/Simplicity Studio.app/Contents/Eclipse/developer/sdks/gecko_sdk_suite/v1.0//protocol/bluetooth_2.3/lib/EFR32BG1P/EABI/stack.a
LOAD /Applications/Simplicity Studio.app/Contents/Eclipse/developer/sdks/gecko_sdk_suite/v1.0//protocol/bluetooth_2.3/lib/EFR32BG1P/EABI/binstack.o
LOAD /Applications/Simplicity Studio.app/Contents/Eclipse/developer/sdks/gecko_sdk_suite/v1.0//protocol/bluetooth_2.3/lib/EFR32BG1P/EABI/binbootloader.o
LOAD /Applications/Simplicity Studio.app/Contents/Eclipse/developer/toolchains/gnu_arm/4.9_2015q3/bin/../lib/gcc/arm-none-eabi/4.9.3/../../../../arm-none-eabi/lib/armv7e-m/softfp/libm.a
START GROUP
LOAD /Applications/Simplicity Studio.app/Contents/Eclipse/developer/toolchains/gnu_arm/4.9_2015q3/bin/../lib/gcc/arm-none-eabi/4.9.3/armv7e-m/softfp/libgcc.a
LOAD /Applications/Simplicity Studio.app/Contents/Eclipse/developer/toolchains/gnu_arm/4.9_2015q3/bin/../lib/gcc/arm-none-eabi/4.9.3/../../../../arm-none-eabi/lib/armv7e-m/softfp/libc.a
LOAD /Applications/Simplicity Studio.app/Contents/Eclipse/developer/toolchains/gnu_arm/4.9_2015q3/bin/../lib/gcc/arm-none-eabi/4.9.3/../../../../arm-none-eabi/lib/armv7e-m/softfp/libnosys.a
END GROUP
START GROUP
LOAD /Applications/Simplicity Studio.app/Contents/Eclipse/developer/toolchains/gnu_arm/4.9_2015q3/bin/../lib/gcc/arm-none-eabi/4.9.3/armv7e-m/softfp/libgcc.a
LOAD /Applications/Simplicity Studio.app/Contents/Eclipse/developer/toolchains/gnu_arm/4.9_2015q3/bin/../lib/gcc/arm-none-eabi/4.9.3/../../../../arm-none-eabi/lib/armv7e-m/softfp/libg.a
LOAD /Applications/Simplicity Studio.app/Contents/Eclipse/developer/toolchains/gnu_arm/4.9_2015q3/bin/../lib/gcc/arm-none-eabi/4.9.3/../../../../arm-none-eabi/lib/armv7e-m/softfp/libc.a
END GROUP
LOAD /Applications/Simplicity Studio.app/Contents/Eclipse/developer/toolchains/gnu_arm/4.9_2015q3/bin/../lib/gcc/arm-none-eabi/4.9.3/armv7e-m/softfp/crtend.o
LOAD /Applications/Simplicity Studio.app/Contents/Eclipse/developer/toolchains/gnu_arm/4.9_2015q3/bin/../lib/gcc/arm-none-eabi/4.9.3/armv7e-m/softfp/crtn.o

.text_bootloader
                0x0000000000000000     0x4000
 *(.binbootloader*)
 .binbootloader
                0x0000000000000000      0x31c /Applications/Simplicity Studio.app/Contents/Eclipse/developer/sdks/gecko_sdk_suite/v1.0//protocol/bluetooth_2.3/lib/EFR32BG1P/EABI/binbootloader.o
                0x0000000000004000                . = ALIGN (0x4000)
 *fill*         0x000000000000031c     0x3ce4 

.text_stack_bin
                0x0000000000004000    0x1d000
 *(.binstack*)
 .binstack      0x0000000000004000    0x1cc10 /Applications/Simplicity Studio.app/Contents/Eclipse/developer/sdks/gecko_sdk_suite/v1.0//protocol/bluetooth_2.3/lib/EFR32BG1P/EABI/binstack.o
                0x0000000000021000                . = ALIGN (0x800)
 *fill*         0x0000000000020c10      0x3f0 
                0x0000000000021000                __text_start__ = .

.text_app       0x0000000000021000     0xcc64
 *(.AAT)
 .AAT           0x0000000000021000       0x80 ./main.o
                0x0000000000021000                AppAddressTable
 *(.vectors)
 .vectors       0x0000000000021080       0xc8 ./device/EFR32_B_1_1_P/gcc/startup_efr32bg1p.o
                0x0000000000021080                __Vectors
                0x0000000000021148                __Vectors_End = .
                0x00000000000000c8                __Vectors_Size = (__Vectors_End - __Vectors)
                0x0000000000021148                __end__ = .
 *(.gecko_configuration)
 *(.xo_configuration)
 *(.gatt_header)
 .gatt_header   0x0000000000021148       0x30 ./gatt_db.o
                0x0000000000021148                bg_gattdb_data
 *(.gatt_data)
 .gatt_data     0x0000000000021178      0x272 ./gatt_db.o
                0x0000000000021178                bg_gattdb_data_adv_uuid128_map
                0x000000000002117c                bg_gattdb_data_adv_uuid16_map
                0x0000000000021184                bg_gattdb_data_attributes_dynamic_mapping_map
                0x0000000000021194                bg_gattdb_data_attributes_map
                0x00000000000212d8                bg_gattdb_data_attribute_field_0
                0x00000000000212dc                bg_gattdb_data_attribute_field_1
                0x00000000000212e4                bg_gattdb_data_attribute_field_2
                0x00000000000212ec                bg_gattdb_data_attribute_field_4
                0x00000000000212f0                bg_gattdb_data_attribute_field_5
                0x00000000000212f8                bg_gattdb_data_attribute_field_6
                0x0000000000021300                bg_gattdb_data_attribute_field_7
                0x0000000000021308                bg_gattdb_data_attribute_field_8
                0x000000000002130c                bg_gattdb_data_attribute_field_9
                0x0000000000021310                bg_gattdb_data_attribute_field_10
                0x0000000000021318                bg_gattdb_data_attribute_field_11
                0x0000000000021328                bg_gattdb_data_attribute_field_12
                0x000000000002132c                bg_gattdb_data_attribute_field_13
                0x0000000000021334                bg_gattdb_data_attribute_field_14
                0x000000000002133c                bg_gattdb_data_attribute_field_16
                0x0000000000021344                bg_gattdb_data_attribute_field_17
                0x000000000002134c                bg_gattdb_data_attribute_field_18
                0x0000000000021350                bg_gattdb_data_attribute_field_19
                0x0000000000021358                bg_gattdb_data_attribute_field_20
                0x0000000000021360                bg_gattdb_data_attribute_field_21
                0x0000000000021374                bg_gattdb_data_attribute_field_22
                0x000000000002138c                bg_gattdb_data_attribute_field_23
                0x0000000000021394                bg_gattdb_data_attribute_field_24
                0x0000000000021398                bg_gattdb_data_attribute_field_25
                0x00000000000213a0                bg_gattdb_data_attribute_field_26
                0x00000000000213a8                bg_gattdb_data_uuidtable_128_map
                0x00000000000213c8                bg_gattdb_data_uuidtable_16_map
 *(.text*)
 *fill*         0x00000000000213ea        0x2 
 .text          0x00000000000213ec       0x5c /Applications/Simplicity Studio.app/Contents/Eclipse/developer/toolchains/gnu_arm/4.9_2015q3/bin/../lib/gcc/arm-none-eabi/4.9.3/armv7e-m/softfp/crtbegin.o
 .text          0x0000000000021448       0x74 /Applications/Simplicity Studio.app/Contents/Eclipse/developer/toolchains/gnu_arm/4.9_2015q3/bin/../lib/gcc/arm-none-eabi/4.9.3/../../../../arm-none-eabi/lib/armv7e-m/softfp/crt0.o
                0x0000000000021448                _mainCRTStartup
                0x0000000000021448                _start
 .text.advSetup
                0x00000000000214bc       0x4c ./advertisement.o
                0x00000000000214bc                advSetup
 .text.advSwitchAdvMessage
                0x0000000000021508       0x44 ./advertisement.o
                0x0000000000021508                advSwitchAdvMessage
 .text.advConnectionStarted
                0x000000000002154c        0xc ./advertisement.o
                0x000000000002154c                advConnectionStarted
 .text.appInit  0x0000000000021558       0x88 ./app.o
                0x0000000000021558                appInit
 .text.manage_power_led
                0x00000000000215e0       0x70 ./app.o
                0x00000000000215e0                manage_power_led
 .text.manage_alarm_led
                0x0000000000021650       0x80 ./app.o
                0x0000000000021650                manage_alarm_led
 .text.rtcIntCallbackRegister
                0x00000000000216d0        0x4 ./app.o
                0x00000000000216d0                rtcIntCallbackRegister
 .text.LEUART_Setup
                0x00000000000216d4       0xb0 ./app.o
                0x00000000000216d4                LEUART_Setup
 .text.LDMA_SetUp
                0x0000000000021784       0x84 ./app.o
                0x0000000000021784                LDMA_SetUp
 .text.appHandleEvents
                0x0000000000021808      0x260 ./app.o
                0x0000000000021808                appHandleEvents
 .text.LEUART0_IRQHandler
                0x0000000000021a68       0x4c ./app.o
                0x0000000000021a68                LEUART0_IRQHandler
 .text.appBtnCback
                0x0000000000021ab4        0xc ./app_hw.o
 .text.appHwInit
                0x0000000000021ac0       0x34 ./app_hw.o
                0x0000000000021ac0                appHwInit
 .text.appUiBtnRegister
                0x0000000000021af4        0xc ./app_ui.o
                0x0000000000021af4                appUiBtnRegister
 .text.appUiLedOff
                0x0000000000021b00       0x10 ./app_ui.o
                0x0000000000021b00                appUiLedOff
 .text.appUiLedLowAlert
                0x0000000000021b10       0x10 ./app_ui.o
                0x0000000000021b10                appUiLedLowAlert
 .text.appUiLedHighAlert
                0x0000000000021b20       0x10 ./app_ui.o
                0x0000000000021b20                appUiLedHighAlert
 .text.appUiInit
                0x0000000000021b30       0x4c ./app_ui.o
                0x0000000000021b30                appUiInit
 .text.appUiTick
                0x0000000000021b7c      0x16c ./app_ui.o
                0x0000000000021b7c                appUiTick
 .text.appUiWriteString
                0x0000000000021ce8        0x4 ./app_ui.o
                0x0000000000021ce8                appUiWriteString
 .text.bcnSetupAdvBeaconing
                0x0000000000021cec       0x80 ./beacon.o
                0x0000000000021cec                bcnSetupAdvBeaconing
 .text.graphPrintCenter.constprop.0
                0x0000000000021d6c       0x94 ./graphics.o
 .text.graphInit
                0x0000000000021e00       0x44 ./graphics.o
                0x0000000000021e00                graphInit
 .text.graphWriteString
                0x0000000000021e44       0x34 ./graphics.o
                0x0000000000021e44                graphWriteString
 .text.htmInit  0x0000000000021e78       0x34 ./htm.o
                0x0000000000021e78                htmInit
 .text.htmProcMsg
                0x0000000000021eac       0xc0 ./htm.o
                0x0000000000021eac                htmProcMsg
 .text.htmTemperatureMeasure.part.0
                0x0000000000021f6c       0x94 ./htm.o
 .text.htmTemperatureMeasure
                0x0000000000022000       0x14 ./htm.o
                0x0000000000022000                htmTemperatureMeasure
 .text.htmTemperatureCharStatusChange
                0x0000000000022014       0x3c ./htm.o
                0x0000000000022014                htmTemperatureCharStatusChange
 .text.iaImmediateAlertWrite
                0x0000000000022050       0x44 ./ia.o
                0x0000000000022050                iaImmediateAlertWrite
 .text.startup.main
                0x0000000000022094       0x5c ./main.o
                0x0000000000022094                main
 .text.StartTransfer
                0x00000000000220f0      0x1dc ./bgapi/dmadrv.o
 .text.DMADRV_AllocateChannel
                0x00000000000222cc       0x60 ./bgapi/dmadrv.o
                0x00000000000222cc                DMADRV_AllocateChannel
 .text.DMADRV_Init
                0x000000000002232c       0x60 ./bgapi/dmadrv.o
                0x000000000002232c                DMADRV_Init
 .text.DMADRV_MemoryPeripheral
                0x000000000002238c       0x34 ./bgapi/dmadrv.o
                0x000000000002238c                DMADRV_MemoryPeripheral
 .text.DMADRV_PeripheralMemory
                0x00000000000223c0       0x34 ./bgapi/dmadrv.o
                0x00000000000223c0                DMADRV_PeripheralMemory
 .text.DMADRV_StopTransfer
                0x00000000000223f4       0x44 ./bgapi/dmadrv.o
                0x00000000000223f4                DMADRV_StopTransfer
 .text.DMADRV_TransferRemainingCount
                0x0000000000022438       0x50 ./bgapi/dmadrv.o
                0x0000000000022438                DMADRV_TransferRemainingCount
 .text.LDMA_IRQHandler
                0x0000000000022488       0x7c ./bgapi/dmadrv.o
                0x0000000000022488                LDMA_IRQHandler
 .text.ADC_LoadDevinfoCal
                0x0000000000022504       0xf4 ./bgapi/em_adc.o
 .text.ADC_InitSingle
                0x00000000000225f8       0xb4 ./bgapi/em_adc.o
                0x00000000000225f8                ADC_InitSingle
 .text.ADC_PrescaleCalc
                0x00000000000226ac       0x4c ./bgapi/em_adc.o
                0x00000000000226ac                ADC_PrescaleCalc
 .text.ADC_Init
                0x00000000000226f8       0x68 ./bgapi/em_adc.o
                0x00000000000226f8                ADC_Init
 .text.LDMA_Init
                0x0000000000022760       0x58 ./bgapi/em_ldma.o
                0x0000000000022760                LDMA_Init
 .text.LDMA_StartTransfer
                0x00000000000227b8       0xa8 ./bgapi/em_ldma.o
                0x00000000000227b8                LDMA_StartTransfer
 .text.LDMA_StopTransfer
                0x0000000000022860       0x28 ./bgapi/em_ldma.o
                0x0000000000022860                LDMA_StopTransfer
 .text.LDMA_TransferRemainingCount
                0x0000000000022888       0x40 ./bgapi/em_ldma.o
                0x0000000000022888                LDMA_TransferRemainingCount
 .text.LEUART_BaudrateSet
                0x00000000000228c8       0x54 ./bgapi/em_leuart.o
                0x00000000000228c8                LEUART_BaudrateSet
 .text.LEUART_Enable
                0x000000000002291c       0x1c ./bgapi/em_leuart.o
                0x000000000002291c                LEUART_Enable
 .text.LEUART_Init
                0x0000000000022938       0x4c ./bgapi/em_leuart.o
                0x0000000000022938                LEUART_Init
 .text.LEUART_RxDmaInEM2Enable
                0x0000000000022984       0x28 ./bgapi/em_leuart.o
                0x0000000000022984                LEUART_RxDmaInEM2Enable
 .text.Default_Handler
                0x00000000000229ac        0x4 ./device/EFR32_B_1_1_P/gcc/startup_efr32bg1p.o
                0x00000000000229ac                IDAC0_IRQHandler
                0x00000000000229ac                USART0_TX_IRQHandler
                0x00000000000229ac                I2C0_IRQHandler
                0x00000000000229ac                HardFault_Handler
                0x00000000000229ac                SysTick_Handler
                0x00000000000229ac                USART1_RX_IRQHandler
                0x00000000000229ac                PendSV_Handler
                0x00000000000229ac                NMI_Handler
                0x00000000000229ac                SYNTH_IRQHandler
                0x00000000000229ac                WDOG0_IRQHandler
                0x00000000000229ac                USART1_TX_IRQHandler
                0x00000000000229ac                MSC_IRQHandler
                0x00000000000229ac                ADC0_IRQHandler
                0x00000000000229ac                UsageFault_Handler
                0x00000000000229ac                FPUEH_IRQHandler
                0x00000000000229ac                GPIO_EVEN_IRQHandler
                0x00000000000229ac                TIMER0_IRQHandler
                0x00000000000229ac                LETIMER0_IRQHandler
                0x00000000000229ac                TIMER1_IRQHandler
                0x00000000000229ac                RFSENSE_IRQHandler
                0x00000000000229ac                BUFC_IRQHandler
                0x00000000000229ac                MODEM_IRQHandler
                0x00000000000229ac                Default_Handler
                0x00000000000229ac                RAC_SEQ_IRQHandler
                0x00000000000229ac                FRC_PRI_IRQHandler
                0x00000000000229ac                FRC_IRQHandler
                0x00000000000229ac                CRYOTIMER_IRQHandler
                0x00000000000229ac                PCNT0_IRQHandler
                0x00000000000229ac                AGC_IRQHandler
                0x00000000000229ac                ACMP0_IRQHandler
                0x00000000000229ac                USART0_RX_IRQHandler
                0x00000000000229ac                MemManage_Handler
                0x00000000000229ac                SVC_Handler
                0x00000000000229ac                RTCC_IRQHandler
                0x00000000000229ac                CRYPTO_IRQHandler
                0x00000000000229ac                CMU_IRQHandler
                0x00000000000229ac                RAC_RSM_IRQHandler
                0x00000000000229ac                GPIO_ODD_IRQHandler
                0x00000000000229ac                PROTIMER_IRQHandler
                0x00000000000229ac                BusFault_Handler
                0x00000000000229ac                DebugMon_Handler
 .text.Reset_Handler
                0x00000000000229b0       0x34 ./device/EFR32_B_1_1_P/gcc/startup_efr32bg1p.o
                0x00000000000229b0                Reset_Handler
 .text.flashWaitStateMax
                0x00000000000229e4       0x40 ./emlib/em_cmu.o
 .text.CMU_OscillatorTuningSet.part.2
                0x0000000000022a24       0x44 ./emlib/em_cmu.o
 .text.CMU_ClockEnable
                0x0000000000022a68       0x8c ./emlib/em_cmu.o
                0x0000000000022a68                CMU_ClockEnable
 .text.CMU_ClockPrescGet
                0x0000000000022af4       0x94 ./emlib/em_cmu.o
                0x0000000000022af4                CMU_ClockPrescGet
 .text.CMU_ClockDivGet
                0x0000000000022b88        0xc ./emlib/em_cmu.o
                0x0000000000022b88                CMU_ClockDivGet
 .text.CMU_ClockSelectGet
                0x0000000000022b94       0xa4 ./emlib/em_cmu.o
                0x0000000000022b94                CMU_ClockSelectGet
 .text.lfClkGet
                0x0000000000022c38       0x94 ./emlib/em_cmu.o
 .text.CMU_ClockFreqGet
                0x0000000000022ccc      0x128 ./emlib/em_cmu.o
                0x0000000000022ccc                CMU_ClockFreqGet
 .text.CMU_ClockPrescSet
                0x0000000000022df4      0x1ec ./emlib/em_cmu.o
                0x0000000000022df4                CMU_ClockPrescSet
 .text.CMU_ClockDivSet
                0x0000000000022fe0        0x8 ./emlib/em_cmu.o
                0x0000000000022fe0                CMU_ClockDivSet
 .text.CMU_OscillatorTuningWait
                0x0000000000022fe8       0x60 ./emlib/em_cmu.o
                0x0000000000022fe8                CMU_OscillatorTuningWait
 .text.CMU_OscillatorEnable
                0x0000000000023048      0x110 ./emlib/em_cmu.o
                0x0000000000023048                CMU_OscillatorEnable
 .text.CMU_ClockSelectSet
                0x0000000000023158      0x158 ./emlib/em_cmu.o
                0x0000000000023158                CMU_ClockSelectSet
 .text.CMU_HFXOInit
                0x00000000000232b0       0xec ./emlib/em_cmu.o
                0x00000000000232b0                CMU_HFXOInit
 .text.CMU_LFXOInit
                0x000000000002339c       0x40 ./emlib/em_cmu.o
                0x000000000002339c                CMU_LFXOInit
 .text.GPIO_PinModeSet
                0x00000000000233dc       0x8c ./emlib/em_gpio.o
                0x00000000000233dc                GPIO_PinModeSet
 .text.I2C_BusFreqSet.part.0
                0x0000000000023468       0x60 ./emlib/em_i2c.o
 .text.I2C_Init
                0x00000000000234c8       0x3c ./emlib/em_i2c.o
                0x00000000000234c8                I2C_Init
 .text.I2C_Transfer
                0x0000000000023504      0x284 ./emlib/em_i2c.o
                0x0000000000023504                I2C_Transfer
 .text.I2C_TransferInit
                0x0000000000023788       0x70 ./emlib/em_i2c.o
                0x0000000000023788                I2C_TransferInit
 .text.RTCC_Enable
                0x00000000000237f8        0xc ./emlib/em_rtcc.o
                0x00000000000237f8                RTCC_Enable
 .text.RTCC_Init
                0x0000000000023804       0x48 ./emlib/em_rtcc.o
                0x0000000000023804                RTCC_Init
 .text.SYSTEM_ChipRevisionGet
                0x000000000002384c       0x34 ./emlib/em_system.o
                0x000000000002384c                SYSTEM_ChipRevisionGet
 .text.USART_BaudrateAsyncSet
                0x0000000000023880       0x68 ./emlib/em_usart.o
                0x0000000000023880                USART_BaudrateAsyncSet
 .text.USART_BaudrateCalc
                0x00000000000238e8       0x7c ./emlib/em_usart.o
                0x00000000000238e8                USART_BaudrateCalc
 .text.USART_BaudrateGet
                0x0000000000023964       0x24 ./emlib/em_usart.o
                0x0000000000023964                USART_BaudrateGet
 .text.USART_BaudrateSyncSet
                0x0000000000023988       0x3c ./emlib/em_usart.o
                0x0000000000023988                USART_BaudrateSyncSet
 .text.USART_Enable
                0x00000000000239c4       0x10 ./emlib/em_usart.o
                0x00000000000239c4                USART_Enable
 .text.USART_InitAsync
                0x00000000000239d4       0xa4 ./emlib/em_usart.o
                0x00000000000239d4                USART_InitAsync
 .text.USART_InitSync
                0x0000000000023a78       0xc8 ./emlib/em_usart.o
                0x0000000000023a78                USART_InitSync
 .text.USART_Reset
                0x0000000000023b40       0x4c ./emlib/em_usart.o
                0x0000000000023b40                USART_Reset
 .text.USART_SpiTransfer
                0x0000000000023b8c       0x14 ./emlib/em_usart.o
                0x0000000000023b8c                USART_SpiTransfer
 .text.USART_Tx
                0x0000000000023ba0        0xc ./emlib/em_usart.o
                0x0000000000023ba0                USART_Tx
 .text.USART_TxDouble
                0x0000000000023bac        0xc ./emlib/em_usart.o
                0x0000000000023bac                USART_TxDouble
 .text.DMD_writeColor.part.0
                0x0000000000023bb8      0x180 ./glib/BRD4100A/dmd_display.o
 .text.DMD_getDisplayGeometry
                0x0000000000023d38       0x1c ./glib/BRD4100A/dmd_display.o
                0x0000000000023d38                DMD_getDisplayGeometry
 .text.DMD_setClippingArea
                0x0000000000023d54       0x44 ./glib/BRD4100A/dmd_display.o
                0x0000000000023d54                DMD_setClippingArea
 .text.DMD_writeColor
                0x0000000000023d98       0x20 ./glib/BRD4100A/dmd_display.o
                0x0000000000023d98                DMD_writeColor
 .text.DMD_allocateFramebuffer
                0x0000000000023db8       0x38 ./glib/BRD4100A/dmd_display.o
                0x0000000000023db8                DMD_allocateFramebuffer
 .text.DMD_init
                0x0000000000023df0       0x78 ./glib/BRD4100A/dmd_display.o
                0x0000000000023df0                DMD_init
 .text.DMD_updateDisplay
                0x0000000000023e68       0xc8 ./glib/BRD4100A/dmd_display.o
                0x0000000000023e68                DMD_updateDisplay
 .text.GLIB_applyClippingRegion.part.1
                0x0000000000023f30       0x1c ./glib/BRD4100A/glib.o
 .text.GLIB_setClippingRegion.part.2
                0x0000000000023f4c       0x48 ./glib/BRD4100A/glib.o
 .text.GLIB_contextInit
                0x0000000000023f94       0x58 ./glib/BRD4100A/glib.o
                0x0000000000023f94                GLIB_contextInit
 .text.GLIB_clear
                0x0000000000023fec       0x48 ./glib/BRD4100A/glib.o
                0x0000000000023fec                GLIB_clear
 .text.GLIB_drawPixel
                0x0000000000024034       0x40 ./glib/BRD4100A/glib.o
                0x0000000000024034                GLIB_drawPixel
 .text.GLIB_drawPixelColor
                0x0000000000024074       0x3c ./glib/BRD4100A/glib.o
                0x0000000000024074                GLIB_drawPixelColor
 .text.GLIB_rectContainsPoint
                0x00000000000240b0       0x24 ./glib/BRD4100A/glib_rectangle.o
                0x00000000000240b0                GLIB_rectContainsPoint
 .text.GLIB_drawChar.part.0
                0x00000000000240d4      0x164 ./glib/BRD4100A/glib_string.o
 .text.GLIB_drawString
                0x0000000000024238       0x90 ./glib/BRD4100A/glib_string.o
                0x0000000000024238                GLIB_drawString
 .text.GLIB_setFont
                0x00000000000242c8       0x30 ./glib/BRD4100A/glib_string.o
                0x00000000000242c8                GLIB_setFont
 .text.BSP_LedClear
                0x00000000000242f8       0x34 ./kit/BRD4100A/bsp_stk_leds.o
                0x00000000000242f8                BSP_LedClear
 .text.BSP_LedSet
                0x000000000002432c       0x34 ./kit/BRD4100A/bsp_stk_leds.o
                0x000000000002432c                BSP_LedSet
 .text.I2CSPM_Transfer
                0x0000000000024360       0x24 ./kit/BRD4100A/i2cspm.o
                0x0000000000024360                I2CSPM_Transfer
 .text.Si7013_Detect
                0x0000000000024384       0x58 ./kit/BRD4100A/si7013.o
                0x0000000000024384                Si7013_Detect
 .text.UDELAY_Calibrate
                0x00000000000243dc      0x1c0 ./kit/BRD4100A/udelay.o
                0x00000000000243dc                UDELAY_Calibrate
 .text.UDELAY_Delay
                0x000000000002459c       0x28 ./kit/BRD4100A/udelay.o
                0x000000000002459c                UDELAY_Delay
 .text.MX25_init
                0x00000000000245c4       0xa4 ./kit_flashpwr/BRD4100A/mx25flash_spi.o
                0x00000000000245c4                MX25_init
 .text.MX25_DP  0x0000000000024668       0x20 ./kit_flashpwr/BRD4100A/mx25flash_spi.o
                0x0000000000024668                MX25_DP
 .text.DISPLAY_Init
                0x0000000000024688       0x34 ./kit_lcd/BRD4100A/display.o
                0x0000000000024688                DISPLAY_Init
 .text.DISPLAY_DeviceGet
                0x00000000000246bc       0x50 ./kit_lcd/BRD4100A/display.o
                0x00000000000246bc                DISPLAY_DeviceGet
 .text.DISPLAY_DeviceRegister
                0x000000000002470c       0x5c ./kit_lcd/BRD4100A/display.o
                0x000000000002470c                DISPLAY_DeviceRegister
 .text.PixelMatrixAllocate
                0x0000000000024768       0x3c ./kit_lcd/BRD4100A/displayls013b7dh03.o
 .text.PixelMatrixFree
                0x00000000000247a4        0x8 ./kit_lcd/BRD4100A/displayls013b7dh03.o
 .text.DriverRefresh
                0x00000000000247ac       0x10 ./kit_lcd/BRD4100A/displayls013b7dh03.o
 .text.PixelMatrixClear
                0x00000000000247bc       0x20 ./kit_lcd/BRD4100A/displayls013b7dh03.o
 .text.PixelMatrixDraw
                0x00000000000247dc       0x8c ./kit_lcd/BRD4100A/displayls013b7dh03.o
 .text.DisplayPolarityInverse
                0x0000000000024868       0x10 ./kit_lcd/BRD4100A/displayls013b7dh03.o
 .text.DisplayEnable.part.0
                0x0000000000024878       0x18 ./kit_lcd/BRD4100A/displayls013b7dh03.o
 .text.DisplayEnable
                0x0000000000024890       0x24 ./kit_lcd/BRD4100A/displayls013b7dh03.o
 .text.DISPLAY_Ls013b7dh03Init
                0x00000000000248b4       0xfc ./kit_lcd/BRD4100A/displayls013b7dh03.o
                0x00000000000248b4                DISPLAY_Ls013b7dh03Init
 .text.PAL_SpiInit
                0x00000000000249b0       0x50 ./kit_lcd/BRD4100A/displaypalemlib.o
                0x00000000000249b0                PAL_SpiInit
 .text.PAL_SpiTransmit
                0x0000000000024a00       0x40 ./kit_lcd/BRD4100A/displaypalemlib.o
                0x0000000000024a00                PAL_SpiTransmit
 .text.PAL_TimerInit
                0x0000000000024a40        0xc ./kit_lcd/BRD4100A/displaypalemlib.o
                0x0000000000024a40                PAL_TimerInit
 .text.PAL_TimerMicroSecondsDelay
                0x0000000000024a4c        0xc ./kit_lcd/BRD4100A/displaypalemlib.o
                0x0000000000024a4c                PAL_TimerMicroSecondsDelay
 .text.PAL_TimerRepeat
                0x0000000000024a58       0x18 ./kit_lcd/BRD4100A/displaypalemlib.o
                0x0000000000024a58                PAL_TimerRepeat
 .text.PAL_GpioInit
                0x0000000000024a70       0x14 ./kit_lcd/BRD4100A/displaypalemlib.o
                0x0000000000024a70                PAL_GpioInit
 .text.PAL_GpioPinModeSet
                0x0000000000024a84       0x18 ./kit_lcd/BRD4100A/displaypalemlib.o
                0x0000000000024a84                PAL_GpioPinModeSet
 .text.PAL_GpioPinOutSet
                0x0000000000024a9c       0x1c ./kit_lcd/BRD4100A/displaypalemlib.o
                0x0000000000024a9c                PAL_GpioPinOutSet
 .text.PAL_GpioPinOutClear
                0x0000000000024ab8       0x18 ./kit_lcd/BRD4100A/displaypalemlib.o
                0x0000000000024ab8                PAL_GpioPinOutClear
 .text.PAL_GpioPinOutToggle
                0x0000000000024ad0       0x18 ./kit_lcd/BRD4100A/displaypalemlib.o
                0x0000000000024ad0                PAL_GpioPinOutToggle
 .text.EMU_enter_DefaultMode_from_RESET
                0x0000000000024ae8       0x54 ./src/InitDevice.o
                0x0000000000024ae8                EMU_enter_DefaultMode_from_RESET
 .text.CMU_enter_DefaultMode_from_RESET
                0x0000000000024b3c      0x120 ./src/InitDevice.o
                0x0000000000024b3c                CMU_enter_DefaultMode_from_RESET
 .text.RTCC_enter_DefaultMode_from_RESET
                0x0000000000024c5c       0x44 ./src/InitDevice.o
                0x0000000000024c5c                RTCC_enter_DefaultMode_from_RESET
 .text.I2C0_enter_DefaultMode_from_RESET
                0x0000000000024ca0       0x60 ./src/InitDevice.o
                0x0000000000024ca0                I2C0_enter_DefaultMode_from_RESET
 .text.PORTIO_enter_DefaultMode_from_RESET
                0x0000000000024d00       0x5c ./src/InitDevice.o
                0x0000000000024d00                PORTIO_enter_DefaultMode_from_RESET
 .text.enter_DefaultMode_from_RESET
                0x0000000000024d5c       0xa0 ./src/InitDevice.o
                0x0000000000024d5c                enter_DefaultMode_from_RESET
 .text          0x0000000000024dfc       0x60 /Applications/Simplicity Studio.app/Contents/Eclipse/developer/sdks/gecko_sdk_suite/v1.0//protocol/bluetooth_2.3/lib/EFR32BG1P/GCC/bgapi.a(gecko_bgapi_hardware.c.obj)
                0x0000000000024e44                gecko_bgapi_class_hardware_init
 .text          0x0000000000024e5c       0x60 /Applications/Simplicity Studio.app/Contents/Eclipse/developer/sdks/gecko_sdk_suite/v1.0//protocol/bluetooth_2.3/lib/EFR32BG1P/GCC/bgapi.a(gecko_bgapi_test.c.obj)
                0x0000000000024ea4                gecko_bgapi_class_test_init
 .text          0x0000000000024ebc       0x60 /Applications/Simplicity Studio.app/Contents/Eclipse/developer/sdks/gecko_sdk_suite/v1.0//protocol/bluetooth_2.3/lib/EFR32BG1P/GCC/bgapi.a(gecko_bgapi_util.c.obj)
                0x0000000000024f04                gecko_bgapi_class_util_init
 .text          0x0000000000024f1c       0x60 /Applications/Simplicity Studio.app/Contents/Eclipse/developer/sdks/gecko_sdk_suite/v1.0//protocol/bluetooth_2.3/lib/EFR32BG1P/GCC/bgapi.a(gecko_bgapi_dfu.c.obj)
                0x0000000000024f64                gecko_bgapi_class_dfu_init
 .text          0x0000000000024f7c       0x60 /Applications/Simplicity Studio.app/Contents/Eclipse/developer/sdks/gecko_sdk_suite/v1.0//protocol/bluetooth_2.3/lib/EFR32BG1P/GCC/bgapi.a(gecko_bgapi_gap.c.obj)
                0x0000000000024fc4                gecko_bgapi_class_le_gap_init
 .text          0x0000000000024fdc       0x60 /Applications/Simplicity Studio.app/Contents/Eclipse/developer/sdks/gecko_sdk_suite/v1.0//protocol/bluetooth_2.3/lib/EFR32BG1P/GCC/bgapi.a(gecko_bgapi_gatt.c.obj)
                0x0000000000025024                gecko_bgapi_class_gatt_init
 .text          0x000000000002503c       0x60 /Applications/Simplicity Studio.app/Contents/Eclipse/developer/sdks/gecko_sdk_suite/v1.0//protocol/bluetooth_2.3/lib/EFR32BG1P/GCC/bgapi.a(gecko_bgapi_gatt_server.c.obj)
                0x0000000000025084                gecko_bgapi_class_gatt_server_init
 .text          0x000000000002509c       0x60 /Applications/Simplicity Studio.app/Contents/Eclipse/developer/sdks/gecko_sdk_suite/v1.0//protocol/bluetooth_2.3/lib/EFR32BG1P/GCC/bgapi.a(gecko_bgapi_flash.c.obj)
                0x00000000000250e4                gecko_bgapi_class_flash_init
 .text          0x00000000000250fc       0x60 /Applications/Simplicity Studio.app/Contents/Eclipse/developer/sdks/gecko_sdk_suite/v1.0//protocol/bluetooth_2.3/lib/EFR32BG1P/GCC/bgapi.a(gecko_bgapi_sm.c.obj)
                0x0000000000025144                gecko_bgapi_class_sm_init
 .text          0x000000000002515c       0x60 /Applications/Simplicity Studio.app/Contents/Eclipse/developer/sdks/gecko_sdk_suite/v1.0//protocol/bluetooth_2.3/lib/EFR32BG1P/GCC/bgapi.a(gecko_bgapi_system.c.obj)
                0x00000000000251a4                gecko_bgapi_class_system_init
 .text          0x00000000000251bc       0x60 /Applications/Simplicity Studio.app/Contents/Eclipse/developer/sdks/gecko_sdk_suite/v1.0//protocol/bluetooth_2.3/lib/EFR32BG1P/GCC/bgapi.a(gecko_bgapi_endpoint.c.obj)
                0x0000000000025204                gecko_bgapi_class_endpoint_init
 .text          0x000000000002521c       0x60 /Applications/Simplicity Studio.app/Contents/Eclipse/developer/sdks/gecko_sdk_suite/v1.0//protocol/bluetooth_2.3/lib/EFR32BG1P/GCC/bgapi.a(gecko_bgapi_le_connection.c.obj)
                0x0000000000025264                gecko_bgapi_class_le_connection_init
 .text          0x000000000002527c      0x388 /Applications/Simplicity Studio.app/Contents/Eclipse/developer/sdks/gecko_sdk_suite/v1.0//protocol/bluetooth_2.3/lib/EFR32BG1P/GCC/bgapi.a(bgapi_hardware_lib.c.obj)
                0x000000000002527c                gecko_cmd_hardware_read_i2c
                0x00000000000252e4                gecko_cmd_hardware_write_i2c
                0x0000000000025328                gecko_cmd_hardware_stop_i2c
                0x0000000000025360                gecko_cmd_hardware_read_adc
                0x00000000000253a0                gecko_cmd_hardware_read_adc_channel
                0x00000000000253d0                gecko_cmd_hardware_config_adc_reference
                0x00000000000253fc                gecko_cmd_hardware_configure_gpio
                0x0000000000025430                gecko_cmd_hardware_write_gpio
                0x0000000000025494                gecko_cmd_hardware_read_gpio
                0x00000000000254f4                gecko_cmd_hardware_set_uart_configuration
                0x000000000002556c                clock_outputs_init
                0x00000000000255b4                bgapi_hardware_init
 .text          0x0000000000025604      0x1d0 /Applications/Simplicity Studio.app/Contents/Eclipse/developer/sdks/gecko_sdk_suite/v1.0//protocol/bluetooth_2.3/lib/EFR32BG1P/GCC/bgapi.a(bgapi_hardware.c.obj)
                0x0000000000025604                soft_timer_comparison
                0x0000000000025698                bgapi_hardware_soft_timer_listener
                0x00000000000256d8                lib_hardware_handler_init
                0x00000000000256ec                gecko_cmd_hardware_set_soft_timer
                0x000000000002572c                gecko_cmd_hardware_set_lazy_soft_timer
                0x000000000002576c                gecko_cmd_hardware_get_time
                0x00000000000257a0                gecko_cmd_hardware_enable_dcdc
 .text          0x00000000000257d4      0x200 /Applications/Simplicity Studio.app/Contents/Eclipse/developer/sdks/gecko_sdk_suite/v1.0//protocol/bluetooth_2.3/lib/EFR32BG1P/GCC/bgapi.a(bgapi_test_lib.c.obj)
                0x00000000000257d4                lib_test_handler_init
                0x00000000000257d6                disable_interrupts
                0x00000000000257fa                gecko_cmd_test_dtm_tx
                0x000000000002582c                gecko_cmd_test_dtm_rx
                0x000000000002585c                gecko_cmd_test_dtm_end
                0x0000000000025888                gecko_cmd_test_debug_command
                0x0000000000025958                gecko_cmd_test_debug_counter
 .text          0x00000000000259d4      0x158 /Applications/Simplicity Studio.app/Contents/Eclipse/developer/sdks/gecko_sdk_suite/v1.0//protocol/bluetooth_2.3/lib/EFR32BG1P/GCC/bgapi.a(bgapi_util.c.obj)
                0x0000000000025a0c                lib_util_handler_init
                0x0000000000025a0e                gecko_cmd_util_atoi
                0x0000000000025a64                gecko_cmd_util_itoa
 .text          0x0000000000025b2c       0x8c /Applications/Simplicity Studio.app/Contents/Eclipse/developer/sdks/gecko_sdk_suite/v1.0//protocol/bluetooth_2.3/lib/EFR32BG1P/GCC/bgapi.a(bgapi_dfu.c.obj)
                0x0000000000025b2c                lib_dfu_handler_init
                0x0000000000025b2e                gecko_cmd_dfu_reset
                0x0000000000025b34                gecko_cmd_dfu_flash_set_address
                0x0000000000025b60                gecko_cmd_dfu_flash_upload
                0x0000000000025b8c                gecko_cmd_dfu_flash_upload_finish
 .text          0x0000000000025bb8      0x308 /Applications/Simplicity Studio.app/Contents/Eclipse/developer/sdks/gecko_sdk_suite/v1.0//protocol/bluetooth_2.3/lib/EFR32BG1P/GCC/bgapi.a(bgapi_gap.c.obj)
                0x0000000000025bb8                lib_le_gap_handler_init
                0x0000000000025bba                gecko_cmd_le_gap_set_mode
                0x0000000000025c00                gecko_cmd_le_gap_bt5_set_mode
                0x0000000000025c40                gecko_cmd_le_gap_set_adv_data
                0x0000000000025c74                gecko_cmd_le_gap_bt5_set_adv_data
                0x0000000000025ca8                gecko_cmd_le_gap_set_adv_timeout
                0x0000000000025cfc                gecko_cmd_le_gap_open
                0x0000000000025d64                gecko_cmd_le_gap_discover
                0x0000000000025d90                gecko_cmd_le_gap_end_procedure
                0x0000000000025dbc                gecko_cmd_le_gap_set_adv_parameters
                0x0000000000025df0                gecko_cmd_le_gap_bt5_set_adv_parameters
                0x0000000000025e2c                gecko_cmd_le_gap_set_scan_parameters
                0x0000000000025e5c                gecko_cmd_le_gap_set_conn_parameters
                0x0000000000025e94                gecko_cmd_le_gap_set_phy
 .text          0x0000000000025ec0      0x644 /Applications/Simplicity Studio.app/Contents/Eclipse/developer/sdks/gecko_sdk_suite/v1.0//protocol/bluetooth_2.3/lib/EFR32BG1P/GCC/bgapi.a(bgapi_gatt_lib.c.obj)
                0x0000000000025ec0                lib_gatt_handler_init
                0x0000000000025ec2                lib_gatt_server_handler_init
                0x0000000000025ec4                gecko_cmd_gatt_set_max_mtu
                0x0000000000025f00                gecko_cmd_gatt_discover_primary_services
                0x0000000000025f30                gecko_cmd_gatt_discover_primary_services_by_uuid
                0x0000000000025f6c                gecko_cmd_gatt_find_included_services
                0x0000000000025fa0                gecko_cmd_gatt_discover_characteristics
                0x0000000000025fd4                gecko_cmd_gatt_discover_characteristics_by_uuid
                0x0000000000026014                gecko_cmd_gatt_read_characteristic_value
                0x000000000002604c                gecko_cmd_gatt_read_characteristic_value_from_offset
                0x0000000000026088                gecko_cmd_gatt_read_characteristic_value_by_uuid
                0x00000000000260c8                gecko_cmd_gatt_read_multiple_characteristic_values
                0x00000000000260fc                gecko_cmd_gatt_write_characteristic_value
                0x0000000000026134                gecko_cmd_gatt_write_characteristic_value_without_response
                0x0000000000026178                gecko_cmd_gatt_prepare_characteristic_value_write
                0x00000000000261c8                gecko_cmd_gatt_execute_characteristic_value_write
                0x00000000000261fc                gecko_cmd_gatt_set_characteristic_notification
                0x0000000000026234                gecko_cmd_gatt_discover_descriptors
                0x0000000000026268                gecko_cmd_gatt_read_descriptor_value
                0x000000000002629c                gecko_cmd_gatt_write_descriptor_value
                0x00000000000262d4                gecko_cmd_gatt_server_read_attribute_value
                0x000000000002631c                gecko_cmd_gatt_server_read_attribute_type
                0x0000000000026360                gecko_cmd_gatt_server_find_attribute
                0x000000000002639c                gecko_cmd_gatt_server_write_attribute_value
                0x00000000000263d0                gecko_cmd_gatt_server_send_user_read_response
                0x0000000000026420                gecko_cmd_gatt_server_send_user_write_response
                0x0000000000026458                gecko_cmd_gatt_server_send_characteristic_notification
                0x00000000000264a4                gecko_cmd_gatt_send_characteristic_confirmation
                0x00000000000264d4                gecko_cmd_gatt_server_set_database
 .text          0x0000000000026504      0x17c /Applications/Simplicity Studio.app/Contents/Eclipse/developer/sdks/gecko_sdk_suite/v1.0//protocol/bluetooth_2.3/lib/EFR32BG1P/GCC/bgapi.a(bgapi_ps.c.obj)
                0x0000000000026504                lib_flash_handler_init
                0x0000000000026506                gecko_cmd_flash_ps_dump
                0x000000000002659c                gecko_cmd_flash_ps_erase_all
                0x00000000000265cc                gecko_cmd_flash_ps_save
                0x0000000000026608                gecko_cmd_flash_ps_load
                0x000000000002664c                gecko_cmd_flash_ps_erase
 .text          0x0000000000026680      0x3cc /Applications/Simplicity Studio.app/Contents/Eclipse/developer/sdks/gecko_sdk_suite/v1.0//protocol/bluetooth_2.3/lib/EFR32BG1P/GCC/bgapi.a(bgapi_sm.c.obj)
                0x0000000000026748                lib_sm_handler_init
                0x000000000002675c                gecko_cmd_sm_list_all_bondings
                0x0000000000026794                gecko_cmd_sm_increase_security
                0x00000000000267c4                gecko_cmd_sm_set_bondable_mode
                0x00000000000267f0                gecko_cmd_sm_delete_bonding
                0x0000000000026820                gecko_cmd_sm_delete_bondings
                0x0000000000026850                gecko_cmd_sm_configure
                0x0000000000026880                gecko_cmd_sm_enter_passkey
                0x00000000000268b4                gecko_cmd_sm_set_passkey
                0x00000000000268e0                gecko_cmd_sm_passkey_confirm
                0x0000000000026914                gecko_cmd_sm_set_oob_data
                0x0000000000026944                gecko_cmd_sm_set_sc_remote_oob_data
                0x0000000000026974                gecko_cmd_sm_use_sc_oob
                0x00000000000269b4                gecko_cmd_sm_store_bonding_configuration
                0x00000000000269e8                gecko_cmd_sm_bonding_confirm
                0x0000000000026a1c                gecko_cmd_sm_set_debug_mode
 .text          0x0000000000026a4c      0x114 /Applications/Simplicity Studio.app/Contents/Eclipse/developer/sdks/gecko_sdk_suite/v1.0//protocol/bluetooth_2.3/lib/EFR32BG1P/GCC/bgapi.a(bgapi_system.c.obj)
                0x0000000000026a4c                lib_system_handler_init
                0x0000000000026a4e                gecko_cmd_system_get_bt_address
                0x0000000000026a84                gecko_cmd_system_get_random_data
                0x0000000000026acc                gecko_cmd_system_halt
                0x0000000000026b00                gecko_cmd_system_set_tx_power
                0x0000000000026b30                gecko_cmd_system_hello
                0x0000000000026b58                gecko_cmd_system_reset
 .text          0x0000000000026b60      0x1ac /Applications/Simplicity Studio.app/Contents/Eclipse/developer/sdks/gecko_sdk_suite/v1.0//protocol/bluetooth_2.3/lib/EFR32BG1P/GCC/bgapi.a(bgapi_endpoint.c.obj)
                0x0000000000026b60                lib_endpoint_handler_init
                0x0000000000026b62                gecko_cmd_endpoint_send
                0x0000000000026c0c                gecko_cmd_endpoint_set_streaming_destination
                0x0000000000026c64                gecko_cmd_endpoint_close
                0x0000000000026cc0                gecko_cmd_endpoint_set_flags
                0x0000000000026cc2                gecko_cmd_endpoint_clr_flags
                0x0000000000026cc4                gecko_cmd_endpoint_read_counters
 .text          0x0000000000026d0c      0x104 /Applications/Simplicity Studio.app/Contents/Eclipse/developer/sdks/gecko_sdk_suite/v1.0//protocol/bluetooth_2.3/lib/EFR32BG1P/GCC/bgapi.a(bgapi_le_connection.c.obj)
                0x0000000000026d0c                lib_le_connection_handler_init
                0x0000000000026d0e                gecko_cmd_le_connection_set_parameters
                0x0000000000026d5c                gecko_cmd_le_connection_get_rssi
                0x0000000000026d8c                gecko_cmd_le_connection_disable_slave_latency
                0x0000000000026dd4                gecko_cmd_le_connection_set_phy
 .text          0x0000000000026e10      0x220 /Applications/Simplicity Studio.app/Contents/Eclipse/developer/sdks/gecko_sdk_suite/v1.0//protocol/bluetooth_2.3/lib/EFR32BG1P/GCC/bgapi.a(uart_endpoint.c.obj)
                0x0000000000026e70                uart_output_available
                0x0000000000026e74                uart_transparent_input
                0x0000000000026eb2                uart_endpoint_func
                0x0000000000026f66                uart_change_flags
                0x0000000000026f74                init_uart_endpoints
 .text          0x0000000000027030      0x17c /Applications/Simplicity Studio.app/Contents/Eclipse/developer/sdks/gecko_sdk_suite/v1.0//protocol/bluetooth_2.3/lib/EFR32BG1P/GCC/bgapi.a(bgapi_endpoint.c.obj)
                0x000000000002715c                init_bgapi_endpoints
 .text          0x00000000000271ac       0xc8 /Applications/Simplicity Studio.app/Contents/Eclipse/developer/sdks/gecko_sdk_suite/v1.0//protocol/bluetooth_2.3/lib/EFR32BG1P/GCC/bgapi.a(adc.c.obj)
                0x00000000000271ac                adc_read_channel
                0x00000000000271dc                adc_read_port
                0x00000000000271ec                adc_config_reference
                0x0000000000027220                adc_init
 .text          0x0000000000027274      0x160 /Applications/Simplicity Studio.app/Contents/Eclipse/developer/sdks/gecko_sdk_suite/v1.0//protocol/bluetooth_2.3/lib/EFR32BG1P/GCC/bgapi.a(gpio.c.obj)
                0x00000000000272ec                gpio_location_to_port
                0x00000000000272fc                gpio_location_to_pin_index
                0x0000000000027310                gpios_init
 .text          0x00000000000273d4      0x218 /Applications/Simplicity Studio.app/Contents/Eclipse/developer/sdks/gecko_sdk_suite/v1.0//protocol/bluetooth_2.3/lib/EFR32BG1P/GCC/bgapi.a(i2c.c.obj)
                0x00000000000273d4                i2c_init
                0x0000000000027460                i2c_stop
                0x0000000000027480                i2c_reset
                0x00000000000274a0                i2c_read
                0x000000000002754c                i2c_write
 .text          0x00000000000275ec      0x160 /Applications/Simplicity Studio.app/Contents/Eclipse/developer/sdks/gecko_sdk_suite/v1.0//protocol/bluetooth_2.3/lib/EFR32BG1P/GCC/bgapi.a(sleep_signal.c.obj)
                0x000000000002761c                sleep_signal_init
                0x000000000002767c                sleep_signal_update
                0x00000000000276e8                host_wakeup_signal_init
                0x0000000000027724                host_wakeup_signal_update
 .text          0x000000000002774c      0x89c /Applications/Simplicity Studio.app/Contents/Eclipse/developer/sdks/gecko_sdk_suite/v1.0//protocol/bluetooth_2.3/lib/EFR32BG1P/GCC/bgapi.a(uart.c.obj)
                0x000000000002774c                LEUART0_IRQGeckoHandler
                0x000000000002774e                USART1_TX_IRQGeckoHandler
                0x0000000000027878                USART0_TX_IRQGeckoHandler
                0x0000000000027a28                USART1_RX_IRQGeckoHandler
                0x0000000000027a34                USART0_RX_IRQGeckoHandler
                0x0000000000027a54                uart_update
                0x0000000000027a6c                uart_configure
                0x0000000000027b40                uart_event_register
                0x0000000000027b50                uarts_init
                0x0000000000027ed4                uart_get_flags
                0x0000000000027ee4                uart_write_bgbuf
                0x0000000000027f24                uart_read_bgbuf
                0x0000000000027fac                uart_sleep
 .text          0x0000000000027fe8       0x30 /Applications/Simplicity Studio.app/Contents/Eclipse/developer/toolchains/gnu_arm/4.9_2015q3/bin/../lib/gcc/arm-none-eabi/4.9.3/armv7e-m/softfp/libgcc.a(_aeabi_uldivmod.o)
                0x0000000000027fe8                __aeabi_uldivmod
 .text          0x0000000000028018       0x60 /Applications/Simplicity Studio.app/Contents/Eclipse/developer/toolchains/gnu_arm/4.9_2015q3/bin/../lib/gcc/arm-none-eabi/4.9.3/armv7e-m/softfp/libgcc.a(bpabi.o)
                0x0000000000028018                __gnu_ldivmod_helper
                0x0000000000028048                __gnu_uldivmod_helper
 .text          0x0000000000028078        0x4 /Applications/Simplicity Studio.app/Contents/Eclipse/developer/toolchains/gnu_arm/4.9_2015q3/bin/../lib/gcc/arm-none-eabi/4.9.3/armv7e-m/softfp/libgcc.a(_dvmd_tls.o)
                0x0000000000028078                __aeabi_ldiv0
                0x0000000000028078                __aeabi_idiv0
 .text          0x000000000002807c      0x29c /Applications/Simplicity Studio.app/Contents/Eclipse/developer/toolchains/gnu_arm/4.9_2015q3/bin/../lib/gcc/arm-none-eabi/4.9.3/armv7e-m/softfp/libgcc.a(_divdi3.o)
                0x000000000002807c                __divdi3
 .text          0x0000000000028318      0x26c /Applications/Simplicity Studio.app/Contents/Eclipse/developer/toolchains/gnu_arm/4.9_2015q3/bin/../lib/gcc/arm-none-eabi/4.9.3/armv7e-m/softfp/libgcc.a(_udivdi3.o)
                0x0000000000028318                __udivdi3
 .text.exit     0x0000000000028584       0x20 /Applications/Simplicity Studio.app/Contents/Eclipse/developer/toolchains/gnu_arm/4.9_2015q3/bin/../lib/gcc/arm-none-eabi/4.9.3/../../../../arm-none-eabi/lib/armv7e-m/softfp/libc.a(lib_a-exit.o)
                0x0000000000028584                exit
 .text.__libc_init_array
                0x00000000000285a4       0x50 /Applications/Simplicity Studio.app/Contents/Eclipse/developer/toolchains/gnu_arm/4.9_2015q3/bin/../lib/gcc/arm-none-eabi/4.9.3/../../../../arm-none-eabi/lib/armv7e-m/softfp/libc.a(lib_a-init.o)
                0x00000000000285a4                __libc_init_array
 .text          0x00000000000285f4      0x134 /Applications/Simplicity Studio.app/Contents/Eclipse/developer/toolchains/gnu_arm/4.9_2015q3/bin/../lib/gcc/arm-none-eabi/4.9.3/../../../../arm-none-eabi/lib/armv7e-m/softfp/libc.a(lib_a-memcpy.o)
                0x00000000000285f4                memcpy
 .text.memset   0x0000000000028728       0x9c /Applications/Simplicity Studio.app/Contents/Eclipse/developer/toolchains/gnu_arm/4.9_2015q3/bin/../lib/gcc/arm-none-eabi/4.9.3/../../../../arm-none-eabi/lib/armv7e-m/softfp/libc.a(lib_a-memset.o)
                0x0000000000028728                memset
 .text.snprintf
                0x00000000000287c4       0x9c /Applications/Simplicity Studio.app/Contents/Eclipse/developer/toolchains/gnu_arm/4.9_2015q3/bin/../lib/gcc/arm-none-eabi/4.9.3/../../../../arm-none-eabi/lib/armv7e-m/softfp/libc.a(lib_a-snprintf.o)
                0x00000000000287c4                snprintf
 .text.strlen   0x0000000000028860       0x5c /Applications/Simplicity Studio.app/Contents/Eclipse/developer/toolchains/gnu_arm/4.9_2015q3/bin/../lib/gcc/arm-none-eabi/4.9.3/../../../../arm-none-eabi/lib/armv7e-m/softfp/libc.a(lib_a-strlen.o)
                0x0000000000028860                strlen
 *fill*         0x00000000000288bc        0x4 
 .text._svfprintf_r
                0x00000000000288c0     0x14d0 /Applications/Simplicity Studio.app/Contents/Eclipse/developer/toolchains/gnu_arm/4.9_2015q3/bin/../lib/gcc/arm-none-eabi/4.9.3/../../../../arm-none-eabi/lib/armv7e-m/softfp/libc.a(lib_a-svfprintf.o)
                0x00000000000288c0                _svfprintf_r
 .text.startup.register_fini
                0x0000000000029d90       0x14 /Applications/Simplicity Studio.app/Contents/Eclipse/developer/toolchains/gnu_arm/4.9_2015q3/bin/../lib/gcc/arm-none-eabi/4.9.3/../../../../arm-none-eabi/lib/armv7e-m/softfp/libc.a(lib_a-__call_atexit.o)
 .text.__call_exitprocs
                0x0000000000029da4       0xd4 /Applications/Simplicity Studio.app/Contents/Eclipse/developer/toolchains/gnu_arm/4.9_2015q3/bin/../lib/gcc/arm-none-eabi/4.9.3/../../../../arm-none-eabi/lib/armv7e-m/softfp/libc.a(lib_a-__call_atexit.o)
                0x0000000000029da4                __call_exitprocs
 .text.atexit   0x0000000000029e78        0xc /Applications/Simplicity Studio.app/Contents/Eclipse/developer/toolchains/gnu_arm/4.9_2015q3/bin/../lib/gcc/arm-none-eabi/4.9.3/../../../../arm-none-eabi/lib/armv7e-m/softfp/libc.a(lib_a-atexit.o)
                0x0000000000029e78                atexit
 .text.quorem   0x0000000000029e84      0x12c /Applications/Simplicity Studio.app/Contents/Eclipse/developer/toolchains/gnu_arm/4.9_2015q3/bin/../lib/gcc/arm-none-eabi/4.9.3/../../../../arm-none-eabi/lib/armv7e-m/softfp/libc.a(lib_a-dtoa.o)
 .text._dtoa_r  0x0000000000029fb0      0xe90 /Applications/Simplicity Studio.app/Contents/Eclipse/developer/toolchains/gnu_arm/4.9_2015q3/bin/../lib/gcc/arm-none-eabi/4.9.3/../../../../arm-none-eabi/lib/armv7e-m/softfp/libc.a(lib_a-dtoa.o)
                0x0000000000029fb0                _dtoa_r
 .text.__libc_fini_array
                0x000000000002ae40       0x2c /Applications/Simplicity Studio.app/Contents/Eclipse/developer/toolchains/gnu_arm/4.9_2015q3/bin/../lib/gcc/arm-none-eabi/4.9.3/../../../../arm-none-eabi/lib/armv7e-m/softfp/libc.a(lib_a-fini.o)
                0x000000000002ae40                __libc_fini_array
 .text._localeconv_r
                0x000000000002ae6c        0x8 /Applications/Simplicity Studio.app/Contents/Eclipse/developer/toolchains/gnu_arm/4.9_2015q3/bin/../lib/gcc/arm-none-eabi/4.9.3/../../../../arm-none-eabi/lib/armv7e-m/softfp/libc.a(lib_a-locale.o)
                0x000000000002ae6c                _localeconv_r
 .text._malloc_r
                0x000000000002ae74      0x524 /Applications/Simplicity Studio.app/Contents/Eclipse/developer/toolchains/gnu_arm/4.9_2015q3/bin/../lib/gcc/arm-none-eabi/4.9.3/../../../../arm-none-eabi/lib/armv7e-m/softfp/libc.a(lib_a-mallocr.o)
                0x000000000002ae74                _malloc_r
 .text.memchr   0x000000000002b398       0x94 /Applications/Simplicity Studio.app/Contents/Eclipse/developer/toolchains/gnu_arm/4.9_2015q3/bin/../lib/gcc/arm-none-eabi/4.9.3/../../../../arm-none-eabi/lib/armv7e-m/softfp/libc.a(lib_a-memchr.o)
                0x000000000002b398                memchr
 .text.__malloc_lock
                0x000000000002b42c        0x4 /Applications/Simplicity Studio.app/Contents/Eclipse/developer/toolchains/gnu_arm/4.9_2015q3/bin/../lib/gcc/arm-none-eabi/4.9.3/../../../../arm-none-eabi/lib/armv7e-m/softfp/libc.a(lib_a-mlock.o)
                0x000000000002b42c                __malloc_lock
 .text.__malloc_unlock
                0x000000000002b430        0x4 /Applications/Simplicity Studio.app/Contents/Eclipse/developer/toolchains/gnu_arm/4.9_2015q3/bin/../lib/gcc/arm-none-eabi/4.9.3/../../../../arm-none-eabi/lib/armv7e-m/softfp/libc.a(lib_a-mlock.o)
                0x000000000002b430                __malloc_unlock
 .text._Balloc  0x000000000002b434       0x4c /Applications/Simplicity Studio.app/Contents/Eclipse/developer/toolchains/gnu_arm/4.9_2015q3/bin/../lib/gcc/arm-none-eabi/4.9.3/../../../../arm-none-eabi/lib/armv7e-m/softfp/libc.a(lib_a-mprec.o)
                0x000000000002b434                _Balloc
 .text._Bfree   0x000000000002b480       0x14 /Applications/Simplicity Studio.app/Contents/Eclipse/developer/toolchains/gnu_arm/4.9_2015q3/bin/../lib/gcc/arm-none-eabi/4.9.3/../../../../arm-none-eabi/lib/armv7e-m/softfp/libc.a(lib_a-mprec.o)
                0x000000000002b480                _Bfree
 .text.__multadd
                0x000000000002b494       0x84 /Applications/Simplicity Studio.app/Contents/Eclipse/developer/toolchains/gnu_arm/4.9_2015q3/bin/../lib/gcc/arm-none-eabi/4.9.3/../../../../arm-none-eabi/lib/armv7e-m/softfp/libc.a(lib_a-mprec.o)
                0x000000000002b494                __multadd
 .text.__hi0bits
                0x000000000002b518       0x40 /Applications/Simplicity Studio.app/Contents/Eclipse/developer/toolchains/gnu_arm/4.9_2015q3/bin/../lib/gcc/arm-none-eabi/4.9.3/../../../../arm-none-eabi/lib/armv7e-m/softfp/libc.a(lib_a-mprec.o)
                0x000000000002b518                __hi0bits
 .text.__lo0bits
                0x000000000002b558       0x5c /Applications/Simplicity Studio.app/Contents/Eclipse/developer/toolchains/gnu_arm/4.9_2015q3/bin/../lib/gcc/arm-none-eabi/4.9.3/../../../../arm-none-eabi/lib/armv7e-m/softfp/libc.a(lib_a-mprec.o)
                0x000000000002b558                __lo0bits
 .text.__i2b    0x000000000002b5b4       0x14 /Applications/Simplicity Studio.app/Contents/Eclipse/developer/toolchains/gnu_arm/4.9_2015q3/bin/../lib/gcc/arm-none-eabi/4.9.3/../../../../arm-none-eabi/lib/armv7e-m/softfp/libc.a(lib_a-mprec.o)
                0x000000000002b5b4                __i2b
 .text.__multiply
                0x000000000002b5c8      0x134 /Applications/Simplicity Studio.app/Contents/Eclipse/developer/toolchains/gnu_arm/4.9_2015q3/bin/../lib/gcc/arm-none-eabi/4.9.3/../../../../arm-none-eabi/lib/armv7e-m/softfp/libc.a(lib_a-mprec.o)
                0x000000000002b5c8                __multiply
 .text.__pow5mult
                0x000000000002b6fc       0xa0 /Applications/Simplicity Studio.app/Contents/Eclipse/developer/toolchains/gnu_arm/4.9_2015q3/bin/../lib/gcc/arm-none-eabi/4.9.3/../../../../arm-none-eabi/lib/armv7e-m/softfp/libc.a(lib_a-mprec.o)
                0x000000000002b6fc                __pow5mult
 .text.__lshift
                0x000000000002b79c       0xac /Applications/Simplicity Studio.app/Contents/Eclipse/developer/toolchains/gnu_arm/4.9_2015q3/bin/../lib/gcc/arm-none-eabi/4.9.3/../../../../arm-none-eabi/lib/armv7e-m/softfp/libc.a(lib_a-mprec.o)
                0x000000000002b79c                __lshift
 .text.__mcmp   0x000000000002b848       0x48 /Applications/Simplicity Studio.app/Contents/Eclipse/developer/toolchains/gnu_arm/4.9_2015q3/bin/../lib/gcc/arm-none-eabi/4.9.3/../../../../arm-none-eabi/lib/armv7e-m/softfp/libc.a(lib_a-mprec.o)
                0x000000000002b848                __mcmp
 .text.__mdiff  0x000000000002b890       0xd4 /Applications/Simplicity Studio.app/Contents/Eclipse/developer/toolchains/gnu_arm/4.9_2015q3/bin/../lib/gcc/arm-none-eabi/4.9.3/../../../../arm-none-eabi/lib/armv7e-m/softfp/libc.a(lib_a-mprec.o)
                0x000000000002b890                __mdiff
 .text.__d2b    0x000000000002b964       0xb8 /Applications/Simplicity Studio.app/Contents/Eclipse/developer/toolchains/gnu_arm/4.9_2015q3/bin/../lib/gcc/arm-none-eabi/4.9.3/../../../../arm-none-eabi/lib/armv7e-m/softfp/libc.a(lib_a-mprec.o)
                0x000000000002b964                __d2b
 .text.__fpclassifyd
                0x000000000002ba1c       0x58 /Applications/Simplicity Studio.app/Contents/Eclipse/developer/toolchains/gnu_arm/4.9_2015q3/bin/../lib/gcc/arm-none-eabi/4.9.3/../../../../arm-none-eabi/lib/armv7e-m/softfp/libc.a(lib_a-s_fpclassify.o)
                0x000000000002ba1c                __fpclassifyd
 .text._sbrk_r  0x000000000002ba74       0x24 /Applications/Simplicity Studio.app/Contents/Eclipse/developer/toolchains/gnu_arm/4.9_2015q3/bin/../lib/gcc/arm-none-eabi/4.9.3/../../../../arm-none-eabi/lib/armv7e-m/softfp/libc.a(lib_a-sbrkr.o)
                0x000000000002ba74                _sbrk_r
 .text.__ssprint_r
                0x000000000002ba98      0x104 /Applications/Simplicity Studio.app/Contents/Eclipse/developer/toolchains/gnu_arm/4.9_2015q3/bin/../lib/gcc/arm-none-eabi/4.9.3/../../../../arm-none-eabi/lib/armv7e-m/softfp/libc.a(lib_a-svfiprintf.o)
                0x000000000002ba98                __ssprint_r
 .text.__register_exitproc
                0x000000000002bb9c       0xa4 /Applications/Simplicity Studio.app/Contents/Eclipse/developer/toolchains/gnu_arm/4.9_2015q3/bin/../lib/gcc/arm-none-eabi/4.9.3/../../../../arm-none-eabi/lib/armv7e-m/softfp/libc.a(lib_a-__atexit.o)
                0x000000000002bb9c                __register_exitproc
 .text._calloc_r
                0x000000000002bc40       0x60 /Applications/Simplicity Studio.app/Contents/Eclipse/developer/toolchains/gnu_arm/4.9_2015q3/bin/../lib/gcc/arm-none-eabi/4.9.3/../../../../arm-none-eabi/lib/armv7e-m/softfp/libc.a(lib_a-callocr.o)
                0x000000000002bc40                _calloc_r
 .text._malloc_trim_r
                0x000000000002bca0       0x9c /Applications/Simplicity Studio.app/Contents/Eclipse/developer/toolchains/gnu_arm/4.9_2015q3/bin/../lib/gcc/arm-none-eabi/4.9.3/../../../../arm-none-eabi/lib/armv7e-m/softfp/libc.a(lib_a-freer.o)
                0x000000000002bca0                _malloc_trim_r
 .text._free_r  0x000000000002bd3c      0x1b0 /Applications/Simplicity Studio.app/Contents/Eclipse/developer/toolchains/gnu_arm/4.9_2015q3/bin/../lib/gcc/arm-none-eabi/4.9.3/../../../../arm-none-eabi/lib/armv7e-m/softfp/libc.a(lib_a-freer.o)
                0x000000000002bd3c                _free_r
 .text.memmove  0x000000000002beec       0xc8 /Applications/Simplicity Studio.app/Contents/Eclipse/developer/toolchains/gnu_arm/4.9_2015q3/bin/../lib/gcc/arm-none-eabi/4.9.3/../../../../arm-none-eabi/lib/armv7e-m/softfp/libc.a(lib_a-memmove.o)
                0x000000000002beec                memmove
 .text._realloc_r
                0x000000000002bfb4      0x3ec /Applications/Simplicity Studio.app/Contents/Eclipse/developer/toolchains/gnu_arm/4.9_2015q3/bin/../lib/gcc/arm-none-eabi/4.9.3/../../../../arm-none-eabi/lib/armv7e-m/softfp/libc.a(lib_a-reallocr.o)
                0x000000000002bfb4                _realloc_r
 .text._sbrk    0x000000000002c3a0       0x1c /Applications/Simplicity Studio.app/Contents/Eclipse/developer/toolchains/gnu_arm/4.9_2015q3/bin/../lib/gcc/arm-none-eabi/4.9.3/../../../../arm-none-eabi/lib/armv7e-m/softfp/libnosys.a(sbrk.o)
                0x000000000002c3a0                _sbrk
 .text._exit    0x000000000002c3bc        0x4 /Applications/Simplicity Studio.app/Contents/Eclipse/developer/toolchains/gnu_arm/4.9_2015q3/bin/../lib/gcc/arm-none-eabi/4.9.3/../../../../arm-none-eabi/lib/armv7e-m/softfp/libnosys.a(_exit.o)
                0x000000000002c3bc                _exit
 .text          0x000000000002c3c0      0x370 /Applications/Simplicity Studio.app/Contents/Eclipse/developer/toolchains/gnu_arm/4.9_2015q3/bin/../lib/gcc/arm-none-eabi/4.9.3/armv7e-m/softfp/libgcc.a(_arm_addsubdf3.o)
                0x000000000002c3c0                __aeabi_drsub
                0x000000000002c3c8                __subdf3
                0x000000000002c3c8                __aeabi_dsub
                0x000000000002c3cc                __aeabi_dadd
                0x000000000002c3cc                __adddf3
                0x000000000002c644                __aeabi_ui2d
                0x000000000002c644                __floatunsidf
                0x000000000002c664                __floatsidf
                0x000000000002c664                __aeabi_i2d
                0x000000000002c688                __extendsfdf2
                0x000000000002c688                __aeabi_f2d
                0x000000000002c6c4                __aeabi_ul2d
                0x000000000002c6c4                __floatundidf
                0x000000000002c6d4                __aeabi_l2d
                0x000000000002c6d4                __floatdidf
 .text          0x000000000002c730      0x424 /Applications/Simplicity Studio.app/Contents/Eclipse/developer/toolchains/gnu_arm/4.9_2015q3/bin/../lib/gcc/arm-none-eabi/4.9.3/armv7e-m/softfp/libgcc.a(_arm_muldivdf3.o)
                0x000000000002c730                __aeabi_dmul
                0x000000000002c730                __muldf3
                0x000000000002c984                __aeabi_ddiv
                0x000000000002c984                __divdf3
 .text          0x000000000002cb54      0x110 /Applications/Simplicity Studio.app/Contents/Eclipse/developer/toolchains/gnu_arm/4.9_2015q3/bin/../lib/gcc/arm-none-eabi/4.9.3/armv7e-m/softfp/libgcc.a(_arm_cmpdf2.o)
                0x000000000002cb54                __gtdf2
                0x000000000002cb54                __gedf2
                0x000000000002cb5c                __ltdf2
                0x000000000002cb5c                __ledf2
                0x000000000002cb64                __eqdf2
                0x000000000002cb64                __nedf2
                0x000000000002cb64                __cmpdf2
                0x000000000002cbe0                __aeabi_cdrcmple
                0x000000000002cbf0                __aeabi_cdcmple
                0x000000000002cbf0                __aeabi_cdcmpeq
                0x000000000002cc00                __aeabi_dcmpeq
                0x000000000002cc14                __aeabi_dcmplt
                0x000000000002cc28                __aeabi_dcmple
                0x000000000002cc3c                __aeabi_dcmpge
                0x000000000002cc50                __aeabi_dcmpgt
 .text          0x000000000002cc64       0x50 /Applications/Simplicity Studio.app/Contents/Eclipse/developer/toolchains/gnu_arm/4.9_2015q3/bin/../lib/gcc/arm-none-eabi/4.9.3/armv7e-m/softfp/libgcc.a(_arm_fixdfsi.o)
                0x000000000002cc64                __fixdfsi
                0x000000000002cc64                __aeabi_d2iz
 *(.init)
 .init          0x000000000002ccb4        0x4 /Applications/Simplicity Studio.app/Contents/Eclipse/developer/toolchains/gnu_arm/4.9_2015q3/bin/../lib/gcc/arm-none-eabi/4.9.3/armv7e-m/softfp/crti.o
                0x000000000002ccb4                _init
 .init          0x000000000002ccb8        0x8 /Applications/Simplicity Studio.app/Contents/Eclipse/developer/toolchains/gnu_arm/4.9_2015q3/bin/../lib/gcc/arm-none-eabi/4.9.3/armv7e-m/softfp/crtn.o
 *(.fini)
 .fini          0x000000000002ccc0        0x4 /Applications/Simplicity Studio.app/Contents/Eclipse/developer/toolchains/gnu_arm/4.9_2015q3/bin/../lib/gcc/arm-none-eabi/4.9.3/armv7e-m/softfp/crti.o
                0x000000000002ccc0                _fini
 .fini          0x000000000002ccc4        0x8 /Applications/Simplicity Studio.app/Contents/Eclipse/developer/toolchains/gnu_arm/4.9_2015q3/bin/../lib/gcc/arm-none-eabi/4.9.3/armv7e-m/softfp/crtn.o
 *crtbegin.o(.ctors)
 *crtbegin?.o(.ctors)
 *(EXCLUDE_FILE(*crtend.o *crtend?.o) .ctors)
 *(SORT(.ctors.*))
 *(.ctors)
 *crtbegin.o(.dtors)
 *crtbegin?.o(.dtors)
 *(EXCLUDE_FILE(*crtend.o *crtend?.o) .dtors)
 *(SORT(.dtors.*))
 *(.dtors)
 *(.rodata*)
 .rodata.str1.4
                0x000000000002cccc       0x1f ./advertisement.o
 *fill*         0x000000000002cceb        0x1 
 .rodata        0x000000000002ccec       0x1c ./app.o
 .rodata.str1.4
                0x000000000002cd08        0x7 ./app.o
 *fill*         0x000000000002cd0f        0x1 
 .rodata.str1.4
                0x000000000002cd10       0x20 ./app_hw.o
 .rodata.str1.4
                0x000000000002cd30       0x3f ./app_ui.o
 *fill*         0x000000000002cd6f        0x1 
 .rodata.str1.4
                0x000000000002cd70       0x17 ./beacon.o
 *fill*         0x000000000002cd87        0x1 
 .rodata.str1.4
                0x000000000002cd88       0x45 ./ia.o
 *fill*         0x000000000002cdcd        0x3 
 .rodata.ptiInit
                0x000000000002cdd0       0x24 ./main.o
 .rodata.config
                0x000000000002cdf4       0xe8 ./main.o
 .rodata.str1.4
                0x000000000002cedc        0x4 ./main.o
 .rodata        0x000000000002cee0        0x4 ./bgapi/dmadrv.o
 .rodata.CSWTCH.45
                0x000000000002cee4        0xc ./emlib/em_cmu.o
 .rodata.CSWTCH.46
                0x000000000002cef0       0x10 ./emlib/em_cmu.o
 .rodata.CSWTCH.47
                0x000000000002cf00       0x10 ./emlib/em_cmu.o
 .rodata.CSWTCH.48
                0x000000000002cf10       0x10 ./emlib/em_cmu.o
 .rodata.i2cNSum
                0x000000000002cf20        0x4 ./emlib/em_i2c.o
 .rodata.GLIB_FontNarrow6x8
                0x000000000002cf24       0x10 ./glib/BRD4100A/glib_font_narrow_6x8.o
                0x000000000002cf24                GLIB_FontNarrow6x8
 .rodata.GLIB_FontNarrow6x8PixMap
                0x000000000002cf34      0x320 ./glib/BRD4100A/glib_font_narrow_6x8.o
 .rodata.GLIB_FontNormal8x8
                0x000000000002d254       0x10 ./glib/BRD4100A/glib_font_normal_8x8.o
                0x000000000002d254                GLIB_FontNormal8x8
 .rodata.GLIB_FontNormal8x8PixMap
                0x000000000002d264      0x320 ./glib/BRD4100A/glib_font_normal_8x8.o
 .rodata.ledArray
                0x000000000002d584       0x10 ./kit/BRD4100A/bsp_stk_leds.o
 .rodata        0x000000000002d594       0x18 ./kit/BRD4100A/udelay.o
 .rodata        0x000000000002d5ac       0x24 ./kit_flashpwr/BRD4100A/mx25flash_spi.o
 .rodata.str1.4
                0x000000000002d5d0       0x15 ./kit_lcd/BRD4100A/displayls013b7dh03.o
 *fill*         0x000000000002d5e5        0x3 
 .rodata        0x000000000002d5e8       0x24 ./kit_lcd/BRD4100A/displaypalemlib.o
 .rodata        0x000000000002d60c       0x60 ./src/InitDevice.o
 .rodata        0x000000000002d66c       0x78 /Applications/Simplicity Studio.app/Contents/Eclipse/developer/sdks/gecko_sdk_suite/v1.0//protocol/bluetooth_2.3/lib/EFR32BG1P/GCC/bgapi.a(gecko_bgapi_hardware.c.obj)
 .rodata        0x000000000002d6e4       0x30 /Applications/Simplicity Studio.app/Contents/Eclipse/developer/sdks/gecko_sdk_suite/v1.0//protocol/bluetooth_2.3/lib/EFR32BG1P/GCC/bgapi.a(gecko_bgapi_test.c.obj)
 .rodata        0x000000000002d714       0x18 /Applications/Simplicity Studio.app/Contents/Eclipse/developer/sdks/gecko_sdk_suite/v1.0//protocol/bluetooth_2.3/lib/EFR32BG1P/GCC/bgapi.a(gecko_bgapi_util.c.obj)
 .rodata        0x000000000002d72c       0x28 /Applications/Simplicity Studio.app/Contents/Eclipse/developer/sdks/gecko_sdk_suite/v1.0//protocol/bluetooth_2.3/lib/EFR32BG1P/GCC/bgapi.a(gecko_bgapi_dfu.c.obj)
 .rodata        0x000000000002d754       0x70 /Applications/Simplicity Studio.app/Contents/Eclipse/developer/sdks/gecko_sdk_suite/v1.0//protocol/bluetooth_2.3/lib/EFR32BG1P/GCC/bgapi.a(gecko_bgapi_gap.c.obj)
 .rodata        0x000000000002d7c4       0xa0 /Applications/Simplicity Studio.app/Contents/Eclipse/developer/sdks/gecko_sdk_suite/v1.0//protocol/bluetooth_2.3/lib/EFR32BG1P/GCC/bgapi.a(gecko_bgapi_gatt.c.obj)
 .rodata        0x000000000002d864       0x48 /Applications/Simplicity Studio.app/Contents/Eclipse/developer/sdks/gecko_sdk_suite/v1.0//protocol/bluetooth_2.3/lib/EFR32BG1P/GCC/bgapi.a(gecko_bgapi_gatt_server.c.obj)
 .rodata        0x000000000002d8ac       0x30 /Applications/Simplicity Studio.app/Contents/Eclipse/developer/sdks/gecko_sdk_suite/v1.0//protocol/bluetooth_2.3/lib/EFR32BG1P/GCC/bgapi.a(gecko_bgapi_flash.c.obj)
 .rodata        0x000000000002d8dc       0x80 /Applications/Simplicity Studio.app/Contents/Eclipse/developer/sdks/gecko_sdk_suite/v1.0//protocol/bluetooth_2.3/lib/EFR32BG1P/GCC/bgapi.a(gecko_bgapi_sm.c.obj)
 .rodata        0x000000000002d95c       0x38 /Applications/Simplicity Studio.app/Contents/Eclipse/developer/sdks/gecko_sdk_suite/v1.0//protocol/bluetooth_2.3/lib/EFR32BG1P/GCC/bgapi.a(gecko_bgapi_system.c.obj)
 .rodata        0x000000000002d994       0x38 /Applications/Simplicity Studio.app/Contents/Eclipse/developer/sdks/gecko_sdk_suite/v1.0//protocol/bluetooth_2.3/lib/EFR32BG1P/GCC/bgapi.a(gecko_bgapi_endpoint.c.obj)
 .rodata        0x000000000002d9cc       0x28 /Applications/Simplicity Studio.app/Contents/Eclipse/developer/sdks/gecko_sdk_suite/v1.0//protocol/bluetooth_2.3/lib/EFR32BG1P/GCC/bgapi.a(gecko_bgapi_le_connection.c.obj)
 .rodata        0x000000000002d9f4       0x18 /Applications/Simplicity Studio.app/Contents/Eclipse/developer/sdks/gecko_sdk_suite/v1.0//protocol/bluetooth_2.3/lib/EFR32BG1P/GCC/bgapi.a(bgapi_sm.c.obj)
 .rodata        0x000000000002da0c       0x18 /Applications/Simplicity Studio.app/Contents/Eclipse/developer/sdks/gecko_sdk_suite/v1.0//protocol/bluetooth_2.3/lib/EFR32BG1P/GCC/bgapi.a(adc.c.obj)
 .rodata        0x000000000002da24       0x40 /Applications/Simplicity Studio.app/Contents/Eclipse/developer/sdks/gecko_sdk_suite/v1.0//protocol/bluetooth_2.3/lib/EFR32BG1P/GCC/bgapi.a(gpio.c.obj)
 .rodata        0x000000000002da64       0x10 /Applications/Simplicity Studio.app/Contents/Eclipse/developer/sdks/gecko_sdk_suite/v1.0//protocol/bluetooth_2.3/lib/EFR32BG1P/GCC/bgapi.a(i2c.c.obj)
 .rodata        0x000000000002da74       0x60 /Applications/Simplicity Studio.app/Contents/Eclipse/developer/sdks/gecko_sdk_suite/v1.0//protocol/bluetooth_2.3/lib/EFR32BG1P/GCC/bgapi.a(uart.c.obj)
 .rodata.str1.4
                0x000000000002dad4        0x2 /Applications/Simplicity Studio.app/Contents/Eclipse/developer/toolchains/gnu_arm/4.9_2015q3/bin/../lib/gcc/arm-none-eabi/4.9.3/../../../../arm-none-eabi/lib/armv7e-m/softfp/libc.a(lib_a-impure.o)
 *fill*         0x000000000002dad6        0x2 
 .rodata._global_impure_ptr
                0x000000000002dad8        0x4 /Applications/Simplicity Studio.app/Contents/Eclipse/developer/toolchains/gnu_arm/4.9_2015q3/bin/../lib/gcc/arm-none-eabi/4.9.3/../../../../arm-none-eabi/lib/armv7e-m/softfp/libc.a(lib_a-impure.o)
                0x000000000002dad8                _global_impure_ptr
 .rodata.zeroes.6911
                0x000000000002dadc       0x10 /Applications/Simplicity Studio.app/Contents/Eclipse/developer/toolchains/gnu_arm/4.9_2015q3/bin/../lib/gcc/arm-none-eabi/4.9.3/../../../../arm-none-eabi/lib/armv7e-m/softfp/libc.a(lib_a-svfprintf.o)
 .rodata.blanks.6910
                0x000000000002daec       0x10 /Applications/Simplicity Studio.app/Contents/Eclipse/developer/toolchains/gnu_arm/4.9_2015q3/bin/../lib/gcc/arm-none-eabi/4.9.3/../../../../arm-none-eabi/lib/armv7e-m/softfp/libc.a(lib_a-svfprintf.o)
 .rodata.str1.4
                0x000000000002dafc       0x42 /Applications/Simplicity Studio.app/Contents/Eclipse/developer/toolchains/gnu_arm/4.9_2015q3/bin/../lib/gcc/arm-none-eabi/4.9.3/../../../../arm-none-eabi/lib/armv7e-m/softfp/libc.a(lib_a-svfprintf.o)
 *fill*         0x000000000002db3e        0x2 
 .rodata.str1.4
                0x000000000002db40       0x10 /Applications/Simplicity Studio.app/Contents/Eclipse/developer/toolchains/gnu_arm/4.9_2015q3/bin/../lib/gcc/arm-none-eabi/4.9.3/../../../../arm-none-eabi/lib/armv7e-m/softfp/libc.a(lib_a-dtoa.o)
                                         0x12 (size before relaxing)
 .rodata.str1.4
                0x000000000002db50        0xc /Applications/Simplicity Studio.app/Contents/Eclipse/developer/toolchains/gnu_arm/4.9_2015q3/bin/../lib/gcc/arm-none-eabi/4.9.3/../../../../arm-none-eabi/lib/armv7e-m/softfp/libc.a(lib_a-locale.o)
                                         0x12 (size before relaxing)
 *fill*         0x000000000002db5c        0x4 
 .rodata.__mprec_tens
                0x000000000002db60       0xc8 /Applications/Simplicity Studio.app/Contents/Eclipse/developer/toolchains/gnu_arm/4.9_2015q3/bin/../lib/gcc/arm-none-eabi/4.9.3/../../../../arm-none-eabi/lib/armv7e-m/softfp/libc.a(lib_a-mprec.o)
                0x000000000002db60                __mprec_tens
 .rodata.p05.5302
                0x000000000002dc28        0xc /Applications/Simplicity Studio.app/Contents/Eclipse/developer/toolchains/gnu_arm/4.9_2015q3/bin/../lib/gcc/arm-none-eabi/4.9.3/../../../../arm-none-eabi/lib/armv7e-m/softfp/libc.a(lib_a-mprec.o)
 *fill*         0x000000000002dc34        0x4 
 .rodata.__mprec_bigtens
                0x000000000002dc38       0x28 /Applications/Simplicity Studio.app/Contents/Eclipse/developer/toolchains/gnu_arm/4.9_2015q3/bin/../lib/gcc/arm-none-eabi/4.9.3/../../../../arm-none-eabi/lib/armv7e-m/softfp/libc.a(lib_a-mprec.o)
                0x000000000002dc38                __mprec_bigtens
 *(.eh_frame*)
 .eh_frame      0x000000000002dc60        0x0 /Applications/Simplicity Studio.app/Contents/Eclipse/developer/toolchains/gnu_arm/4.9_2015q3/bin/../lib/gcc/arm-none-eabi/4.9.3/armv7e-m/softfp/crtbegin.o
 .eh_frame      0x000000000002dc60        0x0 /Applications/Simplicity Studio.app/Contents/Eclipse/developer/toolchains/gnu_arm/4.9_2015q3/bin/../lib/gcc/arm-none-eabi/4.9.3/../../../../arm-none-eabi/lib/armv7e-m/softfp/libc.a(lib_a-strcmp.o)
                                         0x70 (size before relaxing)
 .eh_frame      0x000000000002dc60        0x4 /Applications/Simplicity Studio.app/Contents/Eclipse/developer/toolchains/gnu_arm/4.9_2015q3/bin/../lib/gcc/arm-none-eabi/4.9.3/armv7e-m/softfp/crtend.o
                0x000000000002dc64                . = ALIGN (0x4)

.glue_7         0x000000000002dc64        0x0
 .glue_7        0x0000000000000000        0x0 linker stubs

.glue_7t        0x000000000002dc64        0x0
 .glue_7t       0x0000000000000000        0x0 linker stubs

.vfp11_veneer   0x000000000002dc64        0x0
 .vfp11_veneer  0x0000000000000000        0x0 linker stubs

.v4_bx          0x000000000002dc64        0x0
 .v4_bx         0x0000000000000000        0x0 linker stubs

.iplt           0x000000000002dc64        0x0
 .iplt          0x0000000000000000        0x0 /Applications/Simplicity Studio.app/Contents/Eclipse/developer/toolchains/gnu_arm/4.9_2015q3/bin/../lib/gcc/arm-none-eabi/4.9.3/armv7e-m/softfp/crtbegin.o

.igot.plt       0x000000000002dc64        0x0
 .igot.plt      0x0000000000000000        0x0 /Applications/Simplicity Studio.app/Contents/Eclipse/developer/toolchains/gnu_arm/4.9_2015q3/bin/../lib/gcc/arm-none-eabi/4.9.3/armv7e-m/softfp/crtbegin.o

.text_app_ARM.extab
 *(.ARM.extab* .gnu.linkonce.armextab.*)
                0x000000000002dc64                __exidx_start = .

.text_app_ARM.exidx
                0x000000000002dc64        0x8
 *(.ARM.exidx* .gnu.linkonce.armexidx.*)
 .ARM.exidx     0x000000000002dc64        0x8 /Applications/Simplicity Studio.app/Contents/Eclipse/developer/toolchains/gnu_arm/4.9_2015q3/bin/../lib/gcc/arm-none-eabi/4.9.3/../../../../arm-none-eabi/lib/armv7e-m/softfp/crt0.o
 .ARM.exidx     0x000000000002dc6c        0x0 /Applications/Simplicity Studio.app/Contents/Eclipse/developer/toolchains/gnu_arm/4.9_2015q3/bin/../lib/gcc/arm-none-eabi/4.9.3/armv7e-m/softfp/libgcc.a(_divdi3.o)
                                          0x8 (size before relaxing)
 .ARM.exidx     0x000000000002dc6c        0x0 /Applications/Simplicity Studio.app/Contents/Eclipse/developer/toolchains/gnu_arm/4.9_2015q3/bin/../lib/gcc/arm-none-eabi/4.9.3/armv7e-m/softfp/libgcc.a(_udivdi3.o)
                                          0x8 (size before relaxing)
                0x000000000002dc6c                __exidx_end = .
                0x000000000002dc6c                __etext = .

.rel.dyn        0x000000000002dc6c        0x0
 .rel.iplt      0x0000000000000000        0x0 /Applications/Simplicity Studio.app/Contents/Eclipse/developer/toolchains/gnu_arm/4.9_2015q3/bin/../lib/gcc/arm-none-eabi/4.9.3/armv7e-m/softfp/crtbegin.o

.text_app_data  0x0000000020003000      0x97c load address 0x000000000002dc6c
                0x0000000020003000                __data_start__ = .
 *(vtable)
 *(.data*)
 .data.advConnectableMode
                0x0000000020003000        0x1 ./advertisement.o
 *fill*         0x0000000020003001        0x3 
 .data.xfer.10117
                0x0000000020003004       0x10 ./app.o
 .data.appUiLedSeqHighAlertReq
                0x0000000020003014        0x8 ./app_ui.o
 .data.appUiLedSeqLowAlertReq
                0x000000002000301c        0x8 ./app_ui.o
 .data.appUiLedSeqHighAlert
                0x0000000020003024        0x8 ./app_ui.o
 .data.button0Released.9133
                0x000000002000302c        0x1 ./app_ui.o
 *fill*         0x000000002000302d        0x3 
 .data.appUiLedSeqLowAlert
                0x0000000020003030       0x20 ./app_ui.o
 .data.button1Released.9134
                0x0000000020003050        0x1 ./app_ui.o
 *fill*         0x0000000020003051        0x3 
 .data.appUiLedSeqOffReq
                0x0000000020003054        0x8 ./app_ui.o
 .data.activeReq.9129
                0x000000002000305c        0x4 ./app_ui.o
 .data.bcnBeaconAdvData
                0x0000000020003060       0x1e ./beacon.o
 *fill*         0x000000002000307e        0x2 
 .data.bg_gattdb_data_attribute_field_26_data
                0x0000000020003080        0x1 ./gatt_db.o
                0x0000000020003080                bg_gattdb_data_attribute_field_26_data
 *fill*         0x0000000020003081        0x3 
 .data.bg_gattdb_data_attribute_field_6_data
                0x0000000020003084        0xb ./gatt_db.o
                0x0000000020003084                bg_gattdb_data_attribute_field_6_data
 *fill*         0x000000002000308f        0x1 
 .data.bg_gattdb_data_attribute_field_17_data
                0x0000000020003090        0x1 ./gatt_db.o
                0x0000000020003090                bg_gattdb_data_attribute_field_17_data
 *fill*         0x0000000020003091        0x3 
 .data.htmDateTime
                0x0000000020003094        0x8 ./htm.o
 .data.htmTempMeas
                0x000000002000309c       0x10 ./htm.o
 .data.htmClientConnection
                0x00000000200030ac        0x1 ./htm.o
 *fill*         0x00000000200030ad        0x3 
 .data.auxHfrcoFreq
                0x00000000200030b0        0x4 ./emlib/em_cmu.o
 .data.loops_per_jiffy
                0x00000000200030b4        0x4 ./kit/BRD4100A/udelay.o
                0x00000000200030b4                loops_per_jiffy
 .data.pDisplayDeviceDriverInitFunctions
                0x00000000200030b8        0x8 ./kit_lcd/BRD4100A/display.o
 .data.pixelMatrixPool
                0x00000000200030c0        0x4 ./kit_lcd/BRD4100A/displayls013b7dh03.o
 .data          0x00000000200030c4        0x1 /Applications/Simplicity Studio.app/Contents/Eclipse/developer/sdks/gecko_sdk_suite/v1.0//protocol/bluetooth_2.3/lib/EFR32BG1P/GCC/bgapi.a(bgapi_endpoint.c.obj)
 *fill*         0x00000000200030c5        0x3 
 .data          0x00000000200030c8       0x30 /Applications/Simplicity Studio.app/Contents/Eclipse/developer/sdks/gecko_sdk_suite/v1.0//protocol/bluetooth_2.3/lib/EFR32BG1P/GCC/bgapi.a(adc.c.obj)
 .data.impure_data
                0x00000000200030f8      0x428 /Applications/Simplicity Studio.app/Contents/Eclipse/developer/toolchains/gnu_arm/4.9_2015q3/bin/../lib/gcc/arm-none-eabi/4.9.3/../../../../arm-none-eabi/lib/armv7e-m/softfp/libc.a(lib_a-impure.o)
 .data._impure_ptr
                0x0000000020003520        0x4 /Applications/Simplicity Studio.app/Contents/Eclipse/developer/toolchains/gnu_arm/4.9_2015q3/bin/../lib/gcc/arm-none-eabi/4.9.3/../../../../arm-none-eabi/lib/armv7e-m/softfp/libc.a(lib_a-impure.o)
                0x0000000020003520                _impure_ptr
 .data.lconv    0x0000000020003524       0x38 /Applications/Simplicity Studio.app/Contents/Eclipse/developer/toolchains/gnu_arm/4.9_2015q3/bin/../lib/gcc/arm-none-eabi/4.9.3/../../../../arm-none-eabi/lib/armv7e-m/softfp/libc.a(lib_a-locale.o)
 .data.__malloc_av_
                0x000000002000355c      0x408 /Applications/Simplicity Studio.app/Contents/Eclipse/developer/toolchains/gnu_arm/4.9_2015q3/bin/../lib/gcc/arm-none-eabi/4.9.3/../../../../arm-none-eabi/lib/armv7e-m/softfp/libc.a(lib_a-mallocr.o)
                0x000000002000355c                __malloc_av_
 .data.__malloc_trim_threshold
                0x0000000020003964        0x4 /Applications/Simplicity Studio.app/Contents/Eclipse/developer/toolchains/gnu_arm/4.9_2015q3/bin/../lib/gcc/arm-none-eabi/4.9.3/../../../../arm-none-eabi/lib/armv7e-m/softfp/libc.a(lib_a-mallocr.o)
                0x0000000020003964                __malloc_trim_threshold
 .data.__malloc_sbrk_base
                0x0000000020003968        0x4 /Applications/Simplicity Studio.app/Contents/Eclipse/developer/toolchains/gnu_arm/4.9_2015q3/bin/../lib/gcc/arm-none-eabi/4.9.3/../../../../arm-none-eabi/lib/armv7e-m/softfp/libc.a(lib_a-mallocr.o)
                0x0000000020003968                __malloc_sbrk_base
                0x000000002000396c                . = ALIGN (0x4)
 *(.ram)
                0x000000002000396c                . = ALIGN (0x4)
                0x000000002000396c                PROVIDE (__preinit_array_start, .)
 *(.preinit_array)
                0x000000002000396c                PROVIDE (__preinit_array_end, .)
                0x000000002000396c                . = ALIGN (0x4)
                0x000000002000396c                PROVIDE (__init_array_start, .)
 *(SORT(.init_array.*))
 .init_array.00000
                0x000000002000396c        0x4 /Applications/Simplicity Studio.app/Contents/Eclipse/developer/toolchains/gnu_arm/4.9_2015q3/bin/../lib/gcc/arm-none-eabi/4.9.3/../../../../arm-none-eabi/lib/armv7e-m/softfp/libc.a(lib_a-__call_atexit.o)
 *(.init_array)
 .init_array    0x0000000020003970        0x4 /Applications/Simplicity Studio.app/Contents/Eclipse/developer/toolchains/gnu_arm/4.9_2015q3/bin/../lib/gcc/arm-none-eabi/4.9.3/armv7e-m/softfp/crtbegin.o
                0x0000000020003974                PROVIDE (__init_array_end, .)
                0x0000000020003974                . = ALIGN (0x4)
                0x0000000020003974                PROVIDE (__fini_array_start, .)
 *(SORT(.fini_array.*))
 *(.fini_array)
 .fini_array    0x0000000020003974        0x4 /Applications/Simplicity Studio.app/Contents/Eclipse/developer/toolchains/gnu_arm/4.9_2015q3/bin/../lib/gcc/arm-none-eabi/4.9.3/armv7e-m/softfp/crtbegin.o
                0x0000000020003978                PROVIDE (__fini_array_end, .)
 *(.jcr*)
 .jcr           0x0000000020003978        0x0 /Applications/Simplicity Studio.app/Contents/Eclipse/developer/toolchains/gnu_arm/4.9_2015q3/bin/../lib/gcc/arm-none-eabi/4.9.3/armv7e-m/softfp/crtbegin.o
 .jcr           0x0000000020003978        0x4 /Applications/Simplicity Studio.app/Contents/Eclipse/developer/toolchains/gnu_arm/4.9_2015q3/bin/../lib/gcc/arm-none-eabi/4.9.3/armv7e-m/softfp/crtend.o
                0x000000002000397c                . = ALIGN (0x4)
                0x000000002000397c                __data_end__ = .

.bss            0x000000002000397c     0x260c load address 0x000000000002e5e8
                0x000000002000397c                . = ALIGN (0x4)
                0x000000002000397c                __bss_start__ = .
 *(.bss*)
 .bss           0x000000002000397c       0x1c /Applications/Simplicity Studio.app/Contents/Eclipse/developer/toolchains/gnu_arm/4.9_2015q3/bin/../lib/gcc/arm-none-eabi/4.9.3/armv7e-m/softfp/crtbegin.o
 .bss.advIsConnected
                0x0000000020003998        0x1 ./advertisement.o
 *fill*         0x0000000020003999        0x3 
 .bss.alarm_count
                0x000000002000399c        0x4 ./app.o
                0x000000002000399c                alarm_count
 .bss.power_led_status
                0x00000000200039a0        0x4 ./app.o
                0x00000000200039a0                power_led_status
 .bss.alarm_status
                0x00000000200039a4        0x4 ./app.o
                0x00000000200039a4                alarm_status
 .bss.boot_to_dfu.10084
                0x00000000200039a8        0x1 ./app.o
 *fill*         0x00000000200039a9        0x3 
 .bss.connected
                0x00000000200039ac        0x4 ./app.o
                0x00000000200039ac                connected
 .bss.si7013_status
                0x00000000200039b0        0x1 ./app_hw.o
 .bss.pos.9128  0x00000000200039b1        0x1 ./app_ui.o
 *fill*         0x00000000200039b2        0x2 
 .bss.appUiLedSeqReq
                0x00000000200039b4        0x4 ./app_ui.o
 .bss.button0Time.9135
                0x00000000200039b8        0x2 ./app_ui.o
 *fill*         0x00000000200039ba        0x2 
 .bss.appUiLedSeqOff
                0x00000000200039bc        0x2 ./app_ui.o
 *fill*         0x00000000200039be        0x2 
 .bss.appUiHeaderString
                0x00000000200039c0       0x40 ./app_ui.o
 .bss.appUiBtn  0x0000000020003a00        0x4 ./app_ui.o
 .bss.button1Time.9136
                0x0000000020003a04        0x2 ./app_ui.o
 *fill*         0x0000000020003a06        0x2 
 .bss.bg_gattdb_data_attribute_field_14_data
                0x0000000020003a08        0xd ./gatt_db.o
                0x0000000020003a08                bg_gattdb_data_attribute_field_14_data
 *fill*         0x0000000020003a15        0x3 
 .bss.bg_gattdb_data_attribute_field_2_data
                0x0000000020003a18        0x4 ./gatt_db.o
                0x0000000020003a18                bg_gattdb_data_attribute_field_2_data
 .bss.bg_gattdb_data_attribute_field_20_data
                0x0000000020003a1c        0x1 ./gatt_db.o
                0x0000000020003a1c                bg_gattdb_data_attribute_field_20_data
 *fill*         0x0000000020003a1d        0x3 
 .bss.deviceHeader
                0x0000000020003a20        0x4 ./graphics.o
 .bss.glibContext
                0x0000000020003a24       0x2c ./graphics.o
 .bss.graphLineNum
                0x0000000020003a50        0x1 ./graphics.o
 *fill*         0x0000000020003a51        0x3 
 .bss.chTable   0x0000000020003a54       0xa0 ./bgapi/dmadrv.o
 .bss.initialized
                0x0000000020003af4        0x1 ./bgapi/dmadrv.o
 *fill*         0x0000000020003af5        0x3 
 .bss.dmaXfer   0x0000000020003af8      0x100 ./bgapi/dmadrv.o
 .bss.i2cTransfer
                0x0000000020003bf8       0x10 ./emlib/em_i2c.o
 .bss.pixelMatrixBuffer
                0x0000000020003c08        0x4 ./glib/BRD4100A/dmd_display.o
 .bss.displayDevice
                0x0000000020003c0c       0x30 ./glib/BRD4100A/dmd_display.o
 .bss.dimensions
                0x0000000020003c3c        0xc ./glib/BRD4100A/dmd_display.o
 .bss.moduleInitialized
                0x0000000020003c48        0x1 ./glib/BRD4100A/dmd_display.o
 *fill*         0x0000000020003c49        0x3 
 .bss.devicesRegistered
                0x0000000020003c4c        0x4 ./kit_lcd/BRD4100A/display.o
 .bss.deviceTable
                0x0000000020003c50       0x30 ./kit_lcd/BRD4100A/display.o
 .bss.moduleInitialized
                0x0000000020003c80        0x1 ./kit_lcd/BRD4100A/display.o
 *fill*         0x0000000020003c81        0x3 
 .bss.pixelMatrixPoolBase
                0x0000000020003c84      0x800 ./kit_lcd/BRD4100A/displayls013b7dh03.o
 .bss           0x0000000020004484      0x100 /Applications/Simplicity Studio.app/Contents/Eclipse/developer/sdks/gecko_sdk_suite/v1.0//protocol/bluetooth_2.3/lib/EFR32BG1P/GCC/bgapi.a(bgapi_hardware_lib.c.obj)
 .bss           0x0000000020004584        0x4 /Applications/Simplicity Studio.app/Contents/Eclipse/developer/sdks/gecko_sdk_suite/v1.0//protocol/bluetooth_2.3/lib/EFR32BG1P/GCC/bgapi.a(bgapi_hardware.c.obj)