Archive member included because of file (symbol)

/Applications/Simplicity Studio.app/Contents/Eclipse/developer/sdks/gecko_sdk_suite/v1.0//protocol/bluetooth_2.3/lib/EFR32BG1P/GCC/bgapi.a(gecko_bgapi_hardware.c.obj)
                              ./main.o (gecko_bgapi_class_hardware_init)
/Applications/Simplicity Studio.app/Contents/Eclipse/developer/sdks/gecko_sdk_suite/v1.0//protocol/bluetooth_2.3/lib/EFR32BG1P/GCC/bgapi.a(gecko_bgapi_test.c.obj)
                              ./main.o (gecko_bgapi_class_test_init)
/Applications/Simplicity Studio.app/Contents/Eclipse/developer/sdks/gecko_sdk_suite/v1.0//protocol/bluetooth_2.3/lib/EFR32BG1P/GCC/bgapi.a(gecko_bgapi_util.c.obj)
                              ./main.o (gecko_bgapi_class_util_init)
/Applications/Simplicity Studio.app/Contents/Eclipse/developer/sdks/gecko_sdk_suite/v1.0//protocol/bluetooth_2.3/lib/EFR32BG1P/GCC/bgapi.a(gecko_bgapi_dfu.c.obj)
                              ./main.o (gecko_bgapi_class_dfu_init)
/Applications/Simplicity Studio.app/Contents/Eclipse/developer/sdks/gecko_sdk_suite/v1.0//protocol/bluetooth_2.3/lib/EFR32BG1P/GCC/bgapi.a(gecko_bgapi_gap.c.obj)
                              ./main.o (gecko_bgapi_class_le_gap_init)
/Applications/Simplicity Studio.app/Contents/Eclipse/developer/sdks/gecko_sdk_suite/v1.0//protocol/bluetooth_2.3/lib/EFR32BG1P/GCC/bgapi.a(gecko_bgapi_gatt.c.obj)
                              ./main.o (gecko_bgapi_class_gatt_init)
/Applications/Simplicity Studio.app/Contents/Eclipse/developer/sdks/gecko_sdk_suite/v1.0//protocol/bluetooth_2.3/lib/EFR32BG1P/GCC/bgapi.a(gecko_bgapi_gatt_server.c.obj)
                              ./main.o (gecko_bgapi_class_gatt_server_init)
/Applications/Simplicity Studio.app/Contents/Eclipse/developer/sdks/gecko_sdk_suite/v1.0//protocol/bluetooth_2.3/lib/EFR32BG1P/GCC/bgapi.a(gecko_bgapi_flash.c.obj)
                              ./main.o (gecko_bgapi_class_flash_init)
/Applications/Simplicity Studio.app/Contents/Eclipse/developer/sdks/gecko_sdk_suite/v1.0//protocol/bluetooth_2.3/lib/EFR32BG1P/GCC/bgapi.a(gecko_bgapi_sm.c.obj)
                              ./main.o (gecko_bgapi_class_sm_init)
/Applications/Simplicity Studio.app/Contents/Eclipse/developer/sdks/gecko_sdk_suite/v1.0//protocol/bluetooth_2.3/lib/EFR32BG1P/GCC/bgapi.a(gecko_bgapi_system.c.obj)
                              ./main.o (gecko_bgapi_class_system_init)
/Applications/Simplicity Studio.app/Contents/Eclipse/developer/sdks/gecko_sdk_suite/v1.0//protocol/bluetooth_2.3/lib/EFR32BG1P/GCC/bgapi.a(gecko_bgapi_endpoint.c.obj)
                              ./main.o (gecko_bgapi_class_endpoint_init)
/Applications/Simplicity Studio.app/Contents/Eclipse/developer/sdks/gecko_sdk_suite/v1.0//protocol/bluetooth_2.3/lib/EFR32BG1P/GCC/bgapi.a(gecko_bgapi_le_connection.c.obj)
                              ./main.o (gecko_bgapi_class_le_connection_init)
/Applications/Simplicity Studio.app/Contents/Eclipse/developer/sdks/gecko_sdk_suite/v1.0//protocol/bluetooth_2.3/lib/EFR32BG1P/GCC/bgapi.a(bgapi_hardware_lib.c.obj)
                              /Applications/Simplicity Studio.app/Contents/Eclipse/developer/sdks/gecko_sdk_suite/v1.0//protocol/bluetooth_2.3/lib/EFR32BG1P/GCC/bgapi.a(gecko_bgapi_hardware.c.obj) (gecko_cmd_hardware_read_i2c)
/Applications/Simplicity Studio.app/Contents/Eclipse/developer/sdks/gecko_sdk_suite/v1.0//protocol/bluetooth_2.3/lib/EFR32BG1P/GCC/bgapi.a(bgapi_hardware.c.obj)
                              /Applications/Simplicity Studio.app/Contents/Eclipse/developer/sdks/gecko_sdk_suite/v1.0//protocol/bluetooth_2.3/lib/EFR32BG1P/GCC/bgapi.a(gecko_bgapi_hardware.c.obj) (lib_hardware_handler_init)
/Applications/Simplicity Studio.app/Contents/Eclipse/developer/sdks/gecko_sdk_suite/v1.0//protocol/bluetooth_2.3/lib/EFR32BG1P/GCC/bgapi.a(bgapi_test_lib.c.obj)
                              /Applications/Simplicity Studio.app/Contents/Eclipse/developer/sdks/gecko_sdk_suite/v1.0//protocol/bluetooth_2.3/lib/EFR32BG1P/GCC/bgapi.a(gecko_bgapi_test.c.obj) (lib_test_handler_init)
/Applications/Simplicity Studio.app/Contents/Eclipse/developer/sdks/gecko_sdk_suite/v1.0//protocol/bluetooth_2.3/lib/EFR32BG1P/GCC/bgapi.a(bgapi_util.c.obj)
                              /Applications/Simplicity Studio.app/Contents/Eclipse/developer/sdks/gecko_sdk_suite/v1.0//protocol/bluetooth_2.3/lib/EFR32BG1P/GCC/bgapi.a(gecko_bgapi_util.c.obj) (lib_util_handler_init)
/Applications/Simplicity Studio.app/Contents/Eclipse/developer/sdks/gecko_sdk_suite/v1.0//protocol/bluetooth_2.3/lib/EFR32BG1P/GCC/bgapi.a(bgapi_dfu.c.obj)
                              /Applications/Simplicity Studio.app/Contents/Eclipse/developer/sdks/gecko_sdk_suite/v1.0//protocol/bluetooth_2.3/lib/EFR32BG1P/GCC/bgapi.a(gecko_bgapi_dfu.c.obj) (lib_dfu_handler_init)
/Applications/Simplicity Studio.app/Contents/Eclipse/developer/sdks/gecko_sdk_suite/v1.0//protocol/bluetooth_2.3/lib/EFR32BG1P/GCC/bgapi.a(bgapi_gap.c.obj)
[...]
Memory Configuration

Name             Origin             Length             Attributes
FLASH            0x0000000000000000 0x000000000003f000 xr
RAM              0x0000000020003000 0x0000000000004bfc xrw
*default*        0x0000000000000000 0xffffffffffffffff

Linker script and memory map

LOAD /Applications/Simplicity Studio.app/Contents/Eclipse/developer/toolchains/gnu_arm/4.9_2015q3/bin/../lib/gcc/arm-none-eabi/4.9.3/armv7e-m/softfp/crti.o
LOAD /Applications/Simplicity Studio.app/Contents/Eclipse/developer/toolchains/gnu_arm/4.9_2015q3/bin/../lib/gcc/arm-none-eabi/4.9.3/armv7e-m/softfp/crtbegin.o
LOAD /Applications/Simplicity Studio.app/Contents/Eclipse/developer/toolchains/gnu_arm/4.9_2015q3/bin/../lib/gcc/arm-none-eabi/4.9.3/../../../../arm-none-eabi/lib/armv7e-m/softfp/crt0.o
LOAD ./advertisement.o
LOAD ./app.o
LOAD ./app_hw.o
LOAD ./app_ui.o
LOAD ./application_properties.o
LOAD ./beacon.o
LOAD ./ble-callback-stubs.o
LOAD ./ble-callbacks.o
LOAD ./gatt_db.o
LOAD ./graphics.o
LOAD ./htm.o
LOAD ./ia.o
LOAD ./main.o
LOAD ./bgapi/dmadrv.o
LOAD ./bgapi/em_adc.o
LOAD ./bgapi/em_ldma.o
LOAD ./bgapi/em_leuart.o
LOAD ./device/EFR32_B_1_1_P/gcc/startup_efr32bg1p.o
LOAD ./emlib/em_cmu.o
LOAD ./emlib/em_cryotimer.o
LOAD ./emlib/em_gpio.o
LOAD ./emlib/em_i2c.o
LOAD ./emlib/em_msc.o
LOAD ./emlib/em_rtcc.o
LOAD ./emlib/em_system.o
LOAD ./emlib/em_usart.o
LOAD ./glib/BRD4100A/bmp.o
LOAD ./glib/BRD4100A/dmd_display.o
LOAD ./glib/BRD4100A/glib.o
LOAD ./glib/BRD4100A/glib_bitmap.o
LOAD ./glib/BRD4100A/glib_circle.o
LOAD ./glib/BRD4100A/glib_font_narrow_6x8.o
LOAD ./glib/BRD4100A/glib_font_normal_8x8.o
LOAD ./glib/BRD4100A/glib_font_number_16x20.o
LOAD ./glib/BRD4100A/glib_line.o
LOAD ./glib/BRD4100A/glib_polygon.o
LOAD ./glib/BRD4100A/glib_rectangle.o
LOAD ./glib/BRD4100A/glib_string.o
LOAD ./kit/BRD4100A/bsp_bcc.o
LOAD ./kit/BRD4100A/bsp_stk.o
LOAD ./kit/BRD4100A/bsp_stk_leds.o
LOAD ./kit/BRD4100A/i2cspm.o
LOAD ./kit/BRD4100A/si7013.o
LOAD ./kit/BRD4100A/tempsens.o
LOAD ./kit/BRD4100A/udelay.o
LOAD ./kit_flashpwr/BRD4100A/mx25flash_spi.o
LOAD ./kit_lcd/BRD4100A/display.o
LOAD ./kit_lcd/BRD4100A/displayls013b7dh03.o
LOAD ./kit_lcd/BRD4100A/displaypalemlib.o
LOAD ./src/InitDevice.o
LOAD /Applications/Simplicity Studio.app/Contents/Eclipse/developer/sdks/gecko_sdk_suite/v1.0//protocol/bluetooth_2.3/lib/EFR32BG1P/GCC/bgapi.a
LOAD /Applications/Simplicity Studio.app/Contents/Eclipse/developer/sdks/gecko_sdk_suite/v1.0//protocol/bluetooth_2.3/lib/EFR32BG1P/EABI/stack.a
LOAD /Applications/Simplicity Studio.app/Contents/Eclipse/developer/sdks/gecko_sdk_suite/v1.0//protocol/bluetooth_2.3/lib/EFR32BG1P/EABI/binstack.o
LOAD /Applications/Simplicity Studio.app/Contents/Eclipse/developer/sdks/gecko_sdk_suite/v1.0//protocol/bluetooth_2.3/lib/EFR32BG1P/EABI/binbootloader.o
LOAD /Applications/Simplicity Studio.app/Contents/Eclipse/developer/toolchains/gnu_arm/4.9_2015q3/bin/../lib/gcc/arm-none-eabi/4.9.3/../../../../arm-none-eabi/lib/armv7e-m/softfp/libm.a
START GROUP
LOAD /Applications/Simplicity Studio.app/Contents/Eclipse/developer/toolchains/gnu_arm/4.9_2015q3/bin/../lib/gcc/arm-none-eabi/4.9.3/armv7e-m/softfp/libgcc.a
LOAD /Applications/Simplicity Studio.app/Contents/Eclipse/developer/toolchains/gnu_arm/4.9_2015q3/bin/../lib/gcc/arm-none-eabi/4.9.3/../../../../arm-none-eabi/lib/armv7e-m/softfp/libc.a
LOAD /Applications/Simplicity Studio.app/Contents/Eclipse/developer/toolchains/gnu_arm/4.9_2015q3/bin/../lib/gcc/arm-none-eabi/4.9.3/../../../../arm-none-eabi/lib/armv7e-m/softfp/libnosys.a
END GROUP
START GROUP
LOAD /Applications/Simplicity Studio.app/Contents/Eclipse/developer/toolchains/gnu_arm/4.9_2015q3/bin/../lib/gcc/arm-none-eabi/4.9.3/armv7e-m/softfp/libgcc.a
LOAD /Applications/Simplicity Studio.app/Contents/Eclipse/developer/toolchains/gnu_arm/4.9_2015q3/bin/../lib/gcc/arm-none-eabi/4.9.3/../../../../arm-none-eabi/lib/armv7e-m/softfp/libg.a
LOAD /Applications/Simplicity Studio.app/Contents/Eclipse/developer/toolchains/gnu_arm/4.9_2015q3/bin/../lib/gcc/arm-none-eabi/4.9.3/../../../../arm-none-eabi/lib/armv7e-m/softfp/libc.a
END GROUP
LOAD /Applications/Simplicity Studio.app/Contents/Eclipse/developer/toolchains/gnu_arm/4.9_2015q3/bin/../lib/gcc/arm-none-eabi/4.9.3/armv7e-m/softfp/crtend.o
LOAD /Applications/Simplicity Studio.app/Contents/Eclipse/developer/toolchains/gnu_arm/4.9_2015q3/bin/../lib/gcc/arm-none-eabi/4.9.3/armv7e-m/softfp/crtn.o

.text_bootloader
                0x0000000000000000     0x4000
 *(.binbootloader*)
 .binbootloader
                0x0000000000000000      0x31c /Applications/Simplicity Studio.app/Contents/Eclipse/developer/sdks/gecko_sdk_suite/v1.0//protocol/bluetooth_2.3/lib/EFR32BG1P/EABI/binbootloader.o
                0x0000000000004000                . = ALIGN (0x4000)
 *fill*         0x000000000000031c     0x3ce4 

.text_stack_bin
                0x0000000000004000    0x1d000
 *(.binstack*)
 .binstack      0x0000000000004000    0x1cc10 /Applications/Simplicity Studio.app/Contents/Eclipse/developer/sdks/gecko_sdk_suite/v1.0//protocol/bluetooth_2.3/lib/EFR32BG1P/EABI/binstack.o
                0x0000000000021000                . = ALIGN (0x800)
 *fill*         0x0000000000020c10      0x3f0 
                0x0000000000021000                __text_start__ = .

.text_app       0x0000000000021000     0xcd84
 *(.AAT)
 .AAT           0x0000000000021000       0x80 ./main.o
                0x0000000000021000                AppAddressTable
 *(.vectors)
 .vectors       0x0000000000021080       0xc8 ./device/EFR32_B_1_1_P/gcc/startup_efr32bg1p.o
                0x0000000000021080                __Vectors
                0x0000000000021148                __Vectors_End = .
                0x00000000000000c8                __Vectors_Size = (__Vectors_End - __Vectors)
                0x0000000000021148                __end__ = .
 *(.gecko_configuration)
 *(.xo_configuration)
 *(.gatt_header)
 .gatt_header   0x0000000000021148       0x30 ./gatt_db.o
                0x0000000000021148                bg_gattdb_data
 *(.gatt_data)
 .gatt_data     0x0000000000021178      0x2ae ./gatt_db.o
                0x0000000000021178                bg_gattdb_data_adv_uuid128_map
                0x000000000002117c                bg_gattdb_data_adv_uuid16_map
                0x0000000000021184                bg_gattdb_data_attributes_dynamic_mapping_map
                0x0000000000021194                bg_gattdb_data_attributes_map
                0x00000000000212fc                bg_gattdb_data_attribute_field_0
                0x0000000000021300                bg_gattdb_data_attribute_field_1
                0x0000000000021308                bg_gattdb_data_attribute_field_2
                0x0000000000021310                bg_gattdb_data_attribute_field_4
                0x0000000000021314                bg_gattdb_data_attribute_field_5
                0x000000000002131c                bg_gattdb_data_attribute_field_6
                0x0000000000021324                bg_gattdb_data_attribute_field_7
                0x000000000002132c                bg_gattdb_data_attribute_field_8
                0x0000000000021330                bg_gattdb_data_attribute_field_9
                0x0000000000021334                bg_gattdb_data_attribute_field_10
                0x000000000002133c                bg_gattdb_data_attribute_field_11
                0x000000000002134c                bg_gattdb_data_attribute_field_12
                0x0000000000021350                bg_gattdb_data_attribute_field_13
                0x0000000000021358                bg_gattdb_data_attribute_field_14
                0x0000000000021360                bg_gattdb_data_attribute_field_16
                0x0000000000021368                bg_gattdb_data_attribute_field_17
                0x0000000000021370                bg_gattdb_data_attribute_field_18
                0x0000000000021374                bg_gattdb_data_attribute_field_19
                0x000000000002137c                bg_gattdb_data_attribute_field_20
                0x0000000000021384                bg_gattdb_data_attribute_field_21
                0x0000000000021398                bg_gattdb_data_attribute_field_22
                0x00000000000213b0                bg_gattdb_data_attribute_field_23
                0x00000000000213b8                bg_gattdb_data_attribute_field_24
                0x00000000000213bc                bg_gattdb_data_attribute_field_25
                0x00000000000213c4                bg_gattdb_data_attribute_field_26
                0x00000000000213cc                bg_gattdb_data_attribute_field_27
                0x00000000000213d0                bg_gattdb_data_attribute_field_28
                0x00000000000213d8                bg_gattdb_data_attribute_field_29
                0x00000000000213e0                bg_gattdb_data_uuidtable_128_map
                0x0000000000021400                bg_gattdb_data_uuidtable_16_map
 *(.text*)
 *fill*         0x0000000000021426        0x2 
 .text          0x0000000000021428       0x5c /Applications/Simplicity Studio.app/Contents/Eclipse/developer/toolchains/gnu_arm/4.9_2015q3/bin/../lib/gcc/arm-none-eabi/4.9.3/armv7e-m/softfp/crtbegin.o
 .text          0x0000000000021484       0x74 /Applications/Simplicity Studio.app/Contents/Eclipse/developer/toolchains/gnu_arm/4.9_2015q3/bin/../lib/gcc/arm-none-eabi/4.9.3/../../../../arm-none-eabi/lib/armv7e-m/softfp/crt0.o
                0x0000000000021484                _mainCRTStartup
                0x0000000000021484                _start
 .text.advSetup
                0x00000000000214f8       0x4c ./advertisement.o
                0x00000000000214f8                advSetup
 .text.advSwitchAdvMessage
                0x0000000000021544       0x44 ./advertisement.o
                0x0000000000021544                advSwitchAdvMessage
 .text.advConnectionStarted
                0x0000000000021588        0xc ./advertisement.o
                0x0000000000021588                advConnectionStarted
 .text.appInit  0x0000000000021594       0x88 ./app.o
                0x0000000000021594                appInit
 .text.manage_power_led
                0x000000000002161c       0x70 ./app.o
                0x000000000002161c                manage_power_led
 .text.manage_alarm_led
                0x000000000002168c       0x80 ./app.o
                0x000000000002168c                manage_alarm_led
 .text.appHandleEvents
                0x000000000002170c      0x280 ./app.o
                0x000000000002170c                appHandleEvents
 .text.rtcIntCallbackRegister
                0x000000000002198c        0x4 ./app.o
                0x000000000002198c                rtcIntCallbackRegister
 .text.appBtnCback
                0x0000000000021990        0xc ./app_hw.o
 .text.appHwInit
                0x000000000002199c       0x34 ./app_hw.o
                0x000000000002199c                appHwInit
 .text.appHwReadTm
                0x00000000000219d0       0x20 ./app_hw.o
                0x00000000000219d0                appHwReadTm
 .text.appHwReadHumidity
                0x00000000000219f0       0x20 ./app_hw.o
                0x00000000000219f0                appHwReadHumidity
 .text.appUiBtnRegister
                0x0000000000021a10        0xc ./app_ui.o
                0x0000000000021a10                appUiBtnRegister
 .text.appUiLedOff
                0x0000000000021a1c       0x10 ./app_ui.o
                0x0000000000021a1c                appUiLedOff
 .text.appUiLedLowAlert
                0x0000000000021a2c       0x10 ./app_ui.o
                0x0000000000021a2c                appUiLedLowAlert
 .text.appUiLedHighAlert
                0x0000000000021a3c       0x10 ./app_ui.o
                0x0000000000021a3c                appUiLedHighAlert
 .text.appUiInit
                0x0000000000021a4c       0x4c ./app_ui.o
                0x0000000000021a4c                appUiInit
 .text.appUiTick
                0x0000000000021a98      0x16c ./app_ui.o
                0x0000000000021a98                appUiTick
 .text.appUiWriteString
                0x0000000000021c04        0x4 ./app_ui.o
                0x0000000000021c04                appUiWriteString
 .text.bcnSetupAdvBeaconing
                0x0000000000021c08       0x80 ./beacon.o
                0x0000000000021c08                bcnSetupAdvBeaconing
 .text.graphPrintCenter.constprop.0
                0x0000000000021c88       0x94 ./graphics.o
 .text.graphInit
                0x0000000000021d1c       0x44 ./graphics.o
                0x0000000000021d1c                graphInit
 .text.graphWriteString
                0x0000000000021d60       0x34 ./graphics.o
                0x0000000000021d60                graphWriteString
 *fill*         0x0000000000021d94        0x4 
 .text.htmProcMsg.part.1
                0x0000000000021d98      0x130 ./htm.o
 .text.htmTemperatureMeasure.part.2
                0x0000000000021ec8       0xa0 ./htm.o
 .text.htmInit  0x0000000000021f68       0x4c ./htm.o
                0x0000000000021f68                htmInit
 .text.htmTemperatureCharStatusChange
                0x0000000000021fb4       0x3c ./htm.o
                0x0000000000021fb4                htmTemperatureCharStatusChange
 .text.htmTemperatureMeasure
                0x0000000000021ff0       0x14 ./htm.o
                0x0000000000021ff0                htmTemperatureMeasure
 .text.iaImmediateAlertWrite
                0x0000000000022004       0x44 ./ia.o
                0x0000000000022004                iaImmediateAlertWrite
 .text.Clock_SetUp
                0x0000000000022048       0x40 ./main.o
                0x0000000000022048                Clock_SetUp
 .text.startup.main
                0x0000000000022088       0x60 ./main.o
                0x0000000000022088                main
 .text.StartTransfer
                0x00000000000220e8      0x1dc ./bgapi/dmadrv.o
 .text.DMADRV_AllocateChannel
                0x00000000000222c4       0x60 ./bgapi/dmadrv.o
                0x00000000000222c4                DMADRV_AllocateChannel
 .text.DMADRV_Init
                0x0000000000022324       0x60 ./bgapi/dmadrv.o
                0x0000000000022324                DMADRV_Init
 .text.DMADRV_MemoryPeripheral
                0x0000000000022384       0x34 ./bgapi/dmadrv.o
                0x0000000000022384                DMADRV_MemoryPeripheral
 .text.DMADRV_PeripheralMemory
                0x00000000000223b8       0x34 ./bgapi/dmadrv.o
                0x00000000000223b8                DMADRV_PeripheralMemory
 .text.DMADRV_StopTransfer
                0x00000000000223ec       0x44 ./bgapi/dmadrv.o
                0x00000000000223ec                DMADRV_StopTransfer
 .text.DMADRV_TransferRemainingCount
                0x0000000000022430       0x50 ./bgapi/dmadrv.o
                0x0000000000022430                DMADRV_TransferRemainingCount
 .text.LDMA_IRQHandler
                0x0000000000022480       0x7c ./bgapi/dmadrv.o
                0x0000000000022480                LDMA_IRQHandler
 .text.ADC_LoadDevinfoCal
                0x00000000000224fc       0xf4 ./bgapi/em_adc.o
 .text.ADC_InitSingle
                0x00000000000225f0       0xb4 ./bgapi/em_adc.o
                0x00000000000225f0                ADC_InitSingle
 .text.ADC_PrescaleCalc
                0x00000000000226a4       0x4c ./bgapi/em_adc.o
                0x00000000000226a4                ADC_PrescaleCalc
 .text.ADC_Init
                0x00000000000226f0       0x68 ./bgapi/em_adc.o
                0x00000000000226f0                ADC_Init
 .text.LDMA_Init
                0x0000000000022758       0x58 ./bgapi/em_ldma.o
                0x0000000000022758                LDMA_Init
 .text.LDMA_StartTransfer
                0x00000000000227b0       0xa8 ./bgapi/em_ldma.o
                0x00000000000227b0                LDMA_StartTransfer
 .text.LDMA_StopTransfer
                0x0000000000022858       0x28 ./bgapi/em_ldma.o
                0x0000000000022858                LDMA_StopTransfer
 .text.LDMA_TransferRemainingCount
                0x0000000000022880       0x40 ./bgapi/em_ldma.o
                0x0000000000022880                LDMA_TransferRemainingCount
 .text.LEUART_BaudrateSet
                0x00000000000228c0       0x54 ./bgapi/em_leuart.o
                0x00000000000228c0                LEUART_BaudrateSet
 .text.LEUART_Enable
                0x0000000000022914       0x1c ./bgapi/em_leuart.o
                0x0000000000022914                LEUART_Enable
 .text.LEUART_Init
                0x0000000000022930       0x4c ./bgapi/em_leuart.o
                0x0000000000022930                LEUART_Init
 .text.Default_Handler
                0x000000000002297c        0x4 ./device/EFR32_B_1_1_P/gcc/startup_efr32bg1p.o
                0x000000000002297c                IDAC0_IRQHandler
                0x000000000002297c                USART0_TX_IRQHandler
                0x000000000002297c                I2C0_IRQHandler
                0x000000000002297c                HardFault_Handler
                0x000000000002297c                SysTick_Handler
                0x000000000002297c                USART1_RX_IRQHandler
                0x000000000002297c                PendSV_Handler
                0x000000000002297c                NMI_Handler
                0x000000000002297c                SYNTH_IRQHandler
                0x000000000002297c                WDOG0_IRQHandler
                0x000000000002297c                USART1_TX_IRQHandler
                0x000000000002297c                MSC_IRQHandler
                0x000000000002297c                ADC0_IRQHandler
                0x000000000002297c                UsageFault_Handler
                0x000000000002297c                LEUART0_IRQHandler
                0x000000000002297c                FPUEH_IRQHandler
                0x000000000002297c                GPIO_EVEN_IRQHandler
                0x000000000002297c                TIMER0_IRQHandler
                0x000000000002297c                LETIMER0_IRQHandler
                0x000000000002297c                TIMER1_IRQHandler
                0x000000000002297c                RFSENSE_IRQHandler
                0x000000000002297c                BUFC_IRQHandler
                0x000000000002297c                MODEM_IRQHandler
                0x000000000002297c                Default_Handler
                0x000000000002297c                RAC_SEQ_IRQHandler
                0x000000000002297c                FRC_PRI_IRQHandler
                0x000000000002297c                FRC_IRQHandler
                0x000000000002297c                CRYOTIMER_IRQHandler
                0x000000000002297c                PCNT0_IRQHandler
                0x000000000002297c                AGC_IRQHandler
                0x000000000002297c                ACMP0_IRQHandler
                0x000000000002297c                USART0_RX_IRQHandler
                0x000000000002297c                MemManage_Handler
                0x000000000002297c                SVC_Handler
                0x000000000002297c                RTCC_IRQHandler
                0x000000000002297c                CRYPTO_IRQHandler
                0x000000000002297c                CMU_IRQHandler
                0x000000000002297c                RAC_RSM_IRQHandler
                0x000000000002297c                GPIO_ODD_IRQHandler
                0x000000000002297c                PROTIMER_IRQHandler
                0x000000000002297c                BusFault_Handler
                0x000000000002297c                DebugMon_Handler
 .text.Reset_Handler
                0x0000000000022980       0x34 ./device/EFR32_B_1_1_P/gcc/startup_efr32bg1p.o
                0x0000000000022980                Reset_Handler
 .text.flashWaitStateMax
                0x00000000000229b4       0x40 ./emlib/em_cmu.o
 .text.CMU_OscillatorTuningSet.part.2
                0x00000000000229f4       0x44 ./emlib/em_cmu.o
 .text.CMU_ClockEnable
                0x0000000000022a38       0x8c ./emlib/em_cmu.o
                0x0000000000022a38                CMU_ClockEnable
 .text.CMU_ClockPrescGet
                0x0000000000022ac4       0x94 ./emlib/em_cmu.o
                0x0000000000022ac4                CMU_ClockPrescGet
 .text.CMU_ClockDivGet
                0x0000000000022b58        0xc ./emlib/em_cmu.o
                0x0000000000022b58                CMU_ClockDivGet
 .text.CMU_ClockSelectGet
                0x0000000000022b64       0xa4 ./emlib/em_cmu.o
                0x0000000000022b64                CMU_ClockSelectGet
 .text.lfClkGet
                0x0000000000022c08       0x94 ./emlib/em_cmu.o
 .text.CMU_ClockFreqGet
                0x0000000000022c9c      0x128 ./emlib/em_cmu.o
                0x0000000000022c9c                CMU_ClockFreqGet
 .text.CMU_ClockPrescSet
                0x0000000000022dc4      0x1ec ./emlib/em_cmu.o
                0x0000000000022dc4                CMU_ClockPrescSet
 .text.CMU_ClockDivSet
                0x0000000000022fb0        0x8 ./emlib/em_cmu.o
                0x0000000000022fb0                CMU_ClockDivSet
 .text.CMU_OscillatorTuningWait
                0x0000000000022fb8       0x60 ./emlib/em_cmu.o
                0x0000000000022fb8                CMU_OscillatorTuningWait
 .text.CMU_OscillatorEnable
                0x0000000000023018      0x110 ./emlib/em_cmu.o
                0x0000000000023018                CMU_OscillatorEnable
 .text.CMU_ClockSelectSet
                0x0000000000023128      0x158 ./emlib/em_cmu.o
                0x0000000000023128                CMU_ClockSelectSet
 .text.CMU_HFXOInit
                0x0000000000023280       0xec ./emlib/em_cmu.o
                0x0000000000023280                CMU_HFXOInit
 .text.CMU_LFXOInit
                0x000000000002336c       0x40 ./emlib/em_cmu.o
                0x000000000002336c                CMU_LFXOInit
 .text.GPIO_PinModeSet
                0x00000000000233ac       0x8c ./emlib/em_gpio.o
                0x00000000000233ac                GPIO_PinModeSet
 .text.I2C_BusFreqSet.part.0
                0x0000000000023438       0x60 ./emlib/em_i2c.o
 .text.I2C_Init
                0x0000000000023498       0x3c ./emlib/em_i2c.o
                0x0000000000023498                I2C_Init
 .text.I2C_Transfer
                0x00000000000234d4      0x284 ./emlib/em_i2c.o
                0x00000000000234d4                I2C_Transfer
 .text.I2C_TransferInit
                0x0000000000023758       0x70 ./emlib/em_i2c.o
                0x0000000000023758                I2C_TransferInit
 .text.RTCC_Enable
                0x00000000000237c8        0xc ./emlib/em_rtcc.o
                0x00000000000237c8                RTCC_Enable
 .text.RTCC_Init
                0x00000000000237d4       0x48 ./emlib/em_rtcc.o
                0x00000000000237d4                RTCC_Init
 .text.SYSTEM_ChipRevisionGet
                0x000000000002381c       0x34 ./emlib/em_system.o
                0x000000000002381c                SYSTEM_ChipRevisionGet
 .text.USART_BaudrateAsyncSet
                0x0000000000023850       0x68 ./emlib/em_usart.o
                0x0000000000023850                USART_BaudrateAsyncSet
 .text.USART_BaudrateCalc
                0x00000000000238b8       0x7c ./emlib/em_usart.o
                0x00000000000238b8                USART_BaudrateCalc
 .text.USART_BaudrateGet
                0x0000000000023934       0x24 ./emlib/em_usart.o
                0x0000000000023934                USART_BaudrateGet
 .text.USART_BaudrateSyncSet
                0x0000000000023958       0x3c ./emlib/em_usart.o
                0x0000000000023958                USART_BaudrateSyncSet
 .text.USART_Enable
                0x0000000000023994       0x10 ./emlib/em_usart.o
                0x0000000000023994                USART_Enable
 .text.USART_InitAsync
                0x00000000000239a4       0xa4 ./emlib/em_usart.o
                0x00000000000239a4                USART_InitAsync
 .text.USART_InitSync
                0x0000000000023a48       0xc8 ./emlib/em_usart.o
                0x0000000000023a48                USART_InitSync
 .text.USART_Reset
                0x0000000000023b10       0x4c ./emlib/em_usart.o
                0x0000000000023b10                USART_Reset
 .text.USART_SpiTransfer
                0x0000000000023b5c       0x14 ./emlib/em_usart.o
                0x0000000000023b5c                USART_SpiTransfer
 .text.USART_Tx
                0x0000000000023b70        0xc ./emlib/em_usart.o
                0x0000000000023b70                USART_Tx
 .text.USART_TxDouble
                0x0000000000023b7c        0xc ./emlib/em_usart.o
                0x0000000000023b7c                USART_TxDouble
 .text.DMD_writeColor.part.0
                0x0000000000023b88      0x180 ./glib/BRD4100A/dmd_display.o
 .text.DMD_getDisplayGeometry
                0x0000000000023d08       0x1c ./glib/BRD4100A/dmd_display.o
                0x0000000000023d08                DMD_getDisplayGeometry
 .text.DMD_setClippingArea
                0x0000000000023d24       0x44 ./glib/BRD4100A/dmd_display.o
                0x0000000000023d24                DMD_setClippingArea
 .text.DMD_writeColor
                0x0000000000023d68       0x20 ./glib/BRD4100A/dmd_display.o
                0x0000000000023d68                DMD_writeColor
 .text.DMD_allocateFramebuffer
                0x0000000000023d88       0x38 ./glib/BRD4100A/dmd_display.o
                0x0000000000023d88                DMD_allocateFramebuffer
 .text.DMD_init
                0x0000000000023dc0       0x78 ./glib/BRD4100A/dmd_display.o
                0x0000000000023dc0                DMD_init
 .text.DMD_updateDisplay
                0x0000000000023e38       0xc8 ./glib/BRD4100A/dmd_display.o
                0x0000000000023e38                DMD_updateDisplay
 .text.GLIB_applyClippingRegion.part.1
                0x0000000000023f00       0x1c ./glib/BRD4100A/glib.o
 .text.GLIB_setClippingRegion.part.2
                0x0000000000023f1c       0x48 ./glib/BRD4100A/glib.o
 .text.GLIB_contextInit
                0x0000000000023f64       0x58 ./glib/BRD4100A/glib.o
                0x0000000000023f64                GLIB_contextInit
 .text.GLIB_clear
                0x0000000000023fbc       0x48 ./glib/BRD4100A/glib.o
                0x0000000000023fbc                GLIB_clear
 .text.GLIB_drawPixel
                0x0000000000024004       0x40 ./glib/BRD4100A/glib.o
                0x0000000000024004                GLIB_drawPixel
 .text.GLIB_drawPixelColor
                0x0000000000024044       0x3c ./glib/BRD4100A/glib.o
                0x0000000000024044                GLIB_drawPixelColor
 .text.GLIB_rectContainsPoint
                0x0000000000024080       0x24 ./glib/BRD4100A/glib_rectangle.o
                0x0000000000024080                GLIB_rectContainsPoint
 .text.GLIB_drawChar.part.0
                0x00000000000240a4      0x164 ./glib/BRD4100A/glib_string.o
 .text.GLIB_drawString
                0x0000000000024208       0x90 ./glib/BRD4100A/glib_string.o
                0x0000000000024208                GLIB_drawString
 .text.GLIB_setFont
                0x0000000000024298       0x30 ./glib/BRD4100A/glib_string.o
                0x0000000000024298                GLIB_setFont
 .text.BSP_LedClear
                0x00000000000242c8       0x34 ./kit/BRD4100A/bsp_stk_leds.o
                0x00000000000242c8                BSP_LedClear
 .text.BSP_LedSet
                0x00000000000242fc       0x34 ./kit/BRD4100A/bsp_stk_leds.o
                0x00000000000242fc                BSP_LedSet
 .text.I2CSPM_Transfer
                0x0000000000024330       0x24 ./kit/BRD4100A/i2cspm.o
                0x0000000000024330                I2CSPM_Transfer
 .text.Si7013_Measure
                0x0000000000024354       0x54 ./kit/BRD4100A/si7013.o
 .text.Si7013_MeasureRHAndTemp
                0x00000000000243a8       0x58 ./kit/BRD4100A/si7013.o
                0x00000000000243a8                Si7013_MeasureRHAndTemp
 .text.Si7013_Detect
                0x0000000000024400       0x58 ./kit/BRD4100A/si7013.o
                0x0000000000024400                Si7013_Detect
 .text.UDELAY_Calibrate
                0x0000000000024458      0x1c0 ./kit/BRD4100A/udelay.o
                0x0000000000024458                UDELAY_Calibrate
 .text.UDELAY_Delay
                0x0000000000024618       0x28 ./kit/BRD4100A/udelay.o
                0x0000000000024618                UDELAY_Delay
 .text.MX25_init
                0x0000000000024640       0xa4 ./kit_flashpwr/BRD4100A/mx25flash_spi.o
                0x0000000000024640                MX25_init
 .text.MX25_DP  0x00000000000246e4       0x20 ./kit_flashpwr/BRD4100A/mx25flash_spi.o
                0x00000000000246e4                MX25_DP
 .text.DISPLAY_Init
                0x0000000000024704       0x34 ./kit_lcd/BRD4100A/display.o
                0x0000000000024704                DISPLAY_Init
 .text.DISPLAY_DeviceGet
                0x0000000000024738       0x50 ./kit_lcd/BRD4100A/display.o
                0x0000000000024738                DISPLAY_DeviceGet
 .text.DISPLAY_DeviceRegister
                0x0000000000024788       0x5c ./kit_lcd/BRD4100A/display.o
                0x0000000000024788                DISPLAY_DeviceRegister
 .text.PixelMatrixAllocate
                0x00000000000247e4       0x3c ./kit_lcd/BRD4100A/displayls013b7dh03.o
 .text.PixelMatrixFree
                0x0000000000024820        0x8 ./kit_lcd/BRD4100A/displayls013b7dh03.o
 .text.DriverRefresh
                0x0000000000024828       0x10 ./kit_lcd/BRD4100A/displayls013b7dh03.o
 .text.PixelMatrixClear
                0x0000000000024838       0x20 ./kit_lcd/BRD4100A/displayls013b7dh03.o
 .text.PixelMatrixDraw
                0x0000000000024858       0x8c ./kit_lcd/BRD4100A/displayls013b7dh03.o
 .text.DisplayPolarityInverse
                0x00000000000248e4       0x10 ./kit_lcd/BRD4100A/displayls013b7dh03.o
 .text.DisplayEnable.part.0
                0x00000000000248f4       0x18 ./kit_lcd/BRD4100A/displayls013b7dh03.o
 .text.DisplayEnable
                0x000000000002490c       0x24 ./kit_lcd/BRD4100A/displayls013b7dh03.o
 .text.DISPLAY_Ls013b7dh03Init
                0x0000000000024930       0xfc ./kit_lcd/BRD4100A/displayls013b7dh03.o
                0x0000000000024930                DISPLAY_Ls013b7dh03Init
 .text.PAL_SpiInit
                0x0000000000024a2c       0x50 ./kit_lcd/BRD4100A/displaypalemlib.o
                0x0000000000024a2c                PAL_SpiInit
 .text.PAL_SpiTransmit
                0x0000000000024a7c       0x40 ./kit_lcd/BRD4100A/displaypalemlib.o
                0x0000000000024a7c                PAL_SpiTransmit
 .text.PAL_TimerInit
                0x0000000000024abc        0xc ./kit_lcd/BRD4100A/displaypalemlib.o
                0x0000000000024abc                PAL_TimerInit
 .text.PAL_TimerMicroSecondsDelay
                0x0000000000024ac8        0xc ./kit_lcd/BRD4100A/displaypalemlib.o
                0x0000000000024ac8                PAL_TimerMicroSecondsDelay
 .text.PAL_TimerRepeat
                0x0000000000024ad4       0x18 ./kit_lcd/BRD4100A/displaypalemlib.o
                0x0000000000024ad4                PAL_TimerRepeat
 .text.PAL_GpioInit
                0x0000000000024aec       0x14 ./kit_lcd/BRD4100A/displaypalemlib.o
                0x0000000000024aec                PAL_GpioInit
 .text.PAL_GpioPinModeSet
                0x0000000000024b00       0x18 ./kit_lcd/BRD4100A/displaypalemlib.o
                0x0000000000024b00                PAL_GpioPinModeSet
 .text.PAL_GpioPinOutSet
                0x0000000000024b18       0x1c ./kit_lcd/BRD4100A/displaypalemlib.o
                0x0000000000024b18                PAL_GpioPinOutSet
 .text.PAL_GpioPinOutClear
                0x0000000000024b34       0x18 ./kit_lcd/BRD4100A/displaypalemlib.o
                0x0000000000024b34                PAL_GpioPinOutClear
 .text.PAL_GpioPinOutToggle
                0x0000000000024b4c       0x18 ./kit_lcd/BRD4100A/displaypalemlib.o
                0x0000000000024b4c                PAL_GpioPinOutToggle
 .text.EMU_enter_DefaultMode_from_RESET
                0x0000000000024b64       0x54 ./src/InitDevice.o
                0x0000000000024b64                EMU_enter_DefaultMode_from_RESET
 .text.CMU_enter_DefaultMode_from_RESET
                0x0000000000024bb8      0x120 ./src/InitDevice.o
                0x0000000000024bb8                CMU_enter_DefaultMode_from_RESET
 .text.RTCC_enter_DefaultMode_from_RESET
                0x0000000000024cd8       0x44 ./src/InitDevice.o
                0x0000000000024cd8                RTCC_enter_DefaultMode_from_RESET
 .text.I2C0_enter_DefaultMode_from_RESET
                0x0000000000024d1c       0x60 ./src/InitDevice.o
                0x0000000000024d1c                I2C0_enter_DefaultMode_from_RESET
 .text.PORTIO_enter_DefaultMode_from_RESET
                0x0000000000024d7c       0x5c ./src/InitDevice.o
                0x0000000000024d7c                PORTIO_enter_DefaultMode_from_RESET
 .text.enter_DefaultMode_from_RESET
                0x0000000000024dd8       0xa0 ./src/InitDevice.o
                0x0000000000024dd8                enter_DefaultMode_from_RESET
 .text          0x0000000000024e78       0x60 /Applications/Simplicity Studio.app/Contents/Eclipse/developer/sdks/gecko_sdk_suite/v1.0//protocol/bluetooth_2.3/lib/EFR32BG1P/GCC/bgapi.a(gecko_bgapi_hardware.c.obj)
                0x0000000000024ec0                gecko_bgapi_class_hardware_init
 .text          0x0000000000024ed8       0x60 /Applications/Simplicity Studio.app/Contents/Eclipse/developer/sdks/gecko_sdk_suite/v1.0//protocol/bluetooth_2.3/lib/EFR32BG1P/GCC/bgapi.a(gecko_bgapi_test.c.obj)
                0x0000000000024f20                gecko_bgapi_class_test_init
 .text          0x0000000000024f38       0x60 /Applications/Simplicity Studio.app/Contents/Eclipse/developer/sdks/gecko_sdk_suite/v1.0//protocol/bluetooth_2.3/lib/EFR32BG1P/GCC/bgapi.a(gecko_bgapi_util.c.obj)
                0x0000000000024f80                gecko_bgapi_class_util_init
 .text          0x0000000000024f98       0x60 /Applications/Simplicity Studio.app/Contents/Eclipse/developer/sdks/gecko_sdk_suite/v1.0//protocol/bluetooth_2.3/lib/EFR32BG1P/GCC/bgapi.a(gecko_bgapi_dfu.c.obj)
                0x0000000000024fe0                gecko_bgapi_class_dfu_init
 .text          0x0000000000024ff8       0x60 /Applications/Simplicity Studio.app/Contents/Eclipse/developer/sdks/gecko_sdk_suite/v1.0//protocol/bluetooth_2.3/lib/EFR32BG1P/GCC/bgapi.a(gecko_bgapi_gap.c.obj)
                0x0000000000025040                gecko_bgapi_class_le_gap_init
 .text          0x0000000000025058       0x60 /Applications/Simplicity Studio.app/Contents/Eclipse/developer/sdks/gecko_sdk_suite/v1.0//protocol/bluetooth_2.3/lib/EFR32BG1P/GCC/bgapi.a(gecko_bgapi_gatt.c.obj)
                0x00000000000250a0                gecko_bgapi_class_gatt_init
 .text          0x00000000000250b8       0x60 /Applications/Simplicity Studio.app/Contents/Eclipse/developer/sdks/gecko_sdk_suite/v1.0//protocol/bluetooth_2.3/lib/EFR32BG1P/GCC/bgapi.a(gecko_bgapi_gatt_server.c.obj)
                0x0000000000025100                gecko_bgapi_class_gatt_server_init
 .text          0x0000000000025118       0x60 /Applications/Simplicity Studio.app/Contents/Eclipse/developer/sdks/gecko_sdk_suite/v1.0//protocol/bluetooth_2.3/lib/EFR32BG1P/GCC/bgapi.a(gecko_bgapi_flash.c.obj)
                0x0000000000025160                gecko_bgapi_class_flash_init
 .text          0x0000000000025178       0x60 /Applications/Simplicity Studio.app/Contents/Eclipse/developer/sdks/gecko_sdk_suite/v1.0//protocol/bluetooth_2.3/lib/EFR32BG1P/GCC/bgapi.a(gecko_bgapi_sm.c.obj)
                0x00000000000251c0                gecko_bgapi_class_sm_init
 .text          0x00000000000251d8       0x60 /Applications/Simplicity Studio.app/Contents/Eclipse/developer/sdks/gecko_sdk_suite/v1.0//protocol/bluetooth_2.3/lib/EFR32BG1P/GCC/bgapi.a(gecko_bgapi_system.c.obj)
                0x0000000000025220                gecko_bgapi_class_system_init
 .text          0x0000000000025238       0x60 /Applications/Simplicity Studio.app/Contents/Eclipse/developer/sdks/gecko_sdk_suite/v1.0//protocol/bluetooth_2.3/lib/EFR32BG1P/GCC/bgapi.a(gecko_bgapi_endpoint.c.obj)
                0x0000000000025280                gecko_bgapi_class_endpoint_init
 .text          0x0000000000025298       0x60 /Applications/Simplicity Studio.app/Contents/Eclipse/developer/sdks/gecko_sdk_suite/v1.0//protocol/bluetooth_2.3/lib/EFR32BG1P/GCC/bgapi.a(gecko_bgapi_le_connection.c.obj)
                0x00000000000252e0                gecko_bgapi_class_le_connection_init
 .text          0x00000000000252f8      0x388 /Applications/Simplicity Studio.app/Contents/Eclipse/developer/sdks/gecko_sdk_suite/v1.0//protocol/bluetooth_2.3/lib/EFR32BG1P/GCC/bgapi.a(bgapi_hardware_lib.c.obj)
                0x00000000000252f8                gecko_cmd_hardware_read_i2c
                0x0000000000025360                gecko_cmd_hardware_write_i2c
                0x00000000000253a4                gecko_cmd_hardware_stop_i2c
                0x00000000000253dc                gecko_cmd_hardware_read_adc
                0x000000000002541c                gecko_cmd_hardware_read_adc_channel
                0x000000000002544c                gecko_cmd_hardware_config_adc_reference
                0x0000000000025478                gecko_cmd_hardware_configure_gpio
                0x00000000000254ac                gecko_cmd_hardware_write_gpio
                0x0000000000025510                gecko_cmd_hardware_read_gpio
                0x0000000000025570                gecko_cmd_hardware_set_uart_configuration
                0x00000000000255e8                clock_outputs_init
                0x0000000000025630                bgapi_hardware_init
 .text          0x0000000000025680      0x1d0 /Applications/Simplicity Studio.app/Contents/Eclipse/developer/sdks/gecko_sdk_suite/v1.0//protocol/bluetooth_2.3/lib/EFR32BG1P/GCC/bgapi.a(bgapi_hardware.c.obj)
                0x0000000000025680                soft_timer_comparison
                0x0000000000025714                bgapi_hardware_soft_timer_listener
                0x0000000000025754                lib_hardware_handler_init
                0x0000000000025768                gecko_cmd_hardware_set_soft_timer
                0x00000000000257a8                gecko_cmd_hardware_set_lazy_soft_timer
                0x00000000000257e8                gecko_cmd_hardware_get_time
                0x000000000002581c                gecko_cmd_hardware_enable_dcdc
 .text          0x0000000000025850      0x200 /Applications/Simplicity Studio.app/Contents/Eclipse/developer/sdks/gecko_sdk_suite/v1.0//protocol/bluetooth_2.3/lib/EFR32BG1P/GCC/bgapi.a(bgapi_test_lib.c.obj)
                0x0000000000025850                lib_test_handler_init
                0x0000000000025852                disable_interrupts
                0x0000000000025876                gecko_cmd_test_dtm_tx
                0x00000000000258a8                gecko_cmd_test_dtm_rx
                0x00000000000258d8                gecko_cmd_test_dtm_end
                0x0000000000025904                gecko_cmd_test_debug_command
                0x00000000000259d4                gecko_cmd_test_debug_counter
 .text          0x0000000000025a50      0x158 /Applications/Simplicity Studio.app/Contents/Eclipse/developer/sdks/gecko_sdk_suite/v1.0//protocol/bluetooth_2.3/lib/EFR32BG1P/GCC/bgapi.a(bgapi_util.c.obj)
                0x0000000000025a88                lib_util_handler_init
                0x0000000000025a8a                gecko_cmd_util_atoi
                0x0000000000025ae0                gecko_cmd_util_itoa
 .text          0x0000000000025ba8       0x8c /Applications/Simplicity Studio.app/Contents/Eclipse/developer/sdks/gecko_sdk_suite/v1.0//protocol/bluetooth_2.3/lib/EFR32BG1P/GCC/bgapi.a(bgapi_dfu.c.obj)
                0x0000000000025ba8                lib_dfu_handler_init
                0x0000000000025baa                gecko_cmd_dfu_reset
                0x0000000000025bb0                gecko_cmd_dfu_flash_set_address
                0x0000000000025bdc                gecko_cmd_dfu_flash_upload
                0x0000000000025c08                gecko_cmd_dfu_flash_upload_finish
 .text          0x0000000000025c34      0x308 /Applications/Simplicity Studio.app/Contents/Eclipse/developer/sdks/gecko_sdk_suite/v1.0//protocol/bluetooth_2.3/lib/EFR32BG1P/GCC/bgapi.a(bgapi_gap.c.obj)
                0x0000000000025c34                lib_le_gap_handler_init
                0x0000000000025c36                gecko_cmd_le_gap_set_mode
                0x0000000000025c7c                gecko_cmd_le_gap_bt5_set_mode
                0x0000000000025cbc                gecko_cmd_le_gap_set_adv_data
                0x0000000000025cf0                gecko_cmd_le_gap_bt5_set_adv_data
                0x0000000000025d24                gecko_cmd_le_gap_set_adv_timeout
                0x0000000000025d78                gecko_cmd_le_gap_open
                0x0000000000025de0                gecko_cmd_le_gap_discover
                0x0000000000025e0c                gecko_cmd_le_gap_end_procedure
                0x0000000000025e38                gecko_cmd_le_gap_set_adv_parameters
                0x0000000000025e6c                gecko_cmd_le_gap_bt5_set_adv_parameters
                0x0000000000025ea8                gecko_cmd_le_gap_set_scan_parameters
                0x0000000000025ed8                gecko_cmd_le_gap_set_conn_parameters
                0x0000000000025f10                gecko_cmd_le_gap_set_phy
 .text          0x0000000000025f3c      0x644 /Applications/Simplicity Studio.app/Contents/Eclipse/developer/sdks/gecko_sdk_suite/v1.0//protocol/bluetooth_2.3/lib/EFR32BG1P/GCC/bgapi.a(bgapi_gatt_lib.c.obj)
                0x0000000000025f3c                lib_gatt_handler_init
                0x0000000000025f3e                lib_gatt_server_handler_init
                0x0000000000025f40                gecko_cmd_gatt_set_max_mtu
                0x0000000000025f7c                gecko_cmd_gatt_discover_primary_services
                0x0000000000025fac                gecko_cmd_gatt_discover_primary_services_by_uuid
                0x0000000000025fe8                gecko_cmd_gatt_find_included_services
                0x000000000002601c                gecko_cmd_gatt_discover_characteristics
                0x0000000000026050                gecko_cmd_gatt_discover_characteristics_by_uuid
                0x0000000000026090                gecko_cmd_gatt_read_characteristic_value
                0x00000000000260c8                gecko_cmd_gatt_read_characteristic_value_from_offset
                0x0000000000026104                gecko_cmd_gatt_read_characteristic_value_by_uuid
                0x0000000000026144                gecko_cmd_gatt_read_multiple_characteristic_values
                0x0000000000026178                gecko_cmd_gatt_write_characteristic_value
                0x00000000000261b0                gecko_cmd_gatt_write_characteristic_value_without_response
                0x00000000000261f4                gecko_cmd_gatt_prepare_characteristic_value_write
                0x0000000000026244                gecko_cmd_gatt_execute_characteristic_value_write
                0x0000000000026278                gecko_cmd_gatt_set_characteristic_notification
                0x00000000000262b0                gecko_cmd_gatt_discover_descriptors
                0x00000000000262e4                gecko_cmd_gatt_read_descriptor_value
                0x0000000000026318                gecko_cmd_gatt_write_descriptor_value
                0x0000000000026350                gecko_cmd_gatt_server_read_attribute_value
                0x0000000000026398                gecko_cmd_gatt_server_read_attribute_type
                0x00000000000263dc                gecko_cmd_gatt_server_find_attribute
                0x0000000000026418                gecko_cmd_gatt_server_write_attribute_value
                0x000000000002644c                gecko_cmd_gatt_server_send_user_read_response
                0x000000000002649c                gecko_cmd_gatt_server_send_user_write_response
                0x00000000000264d4                gecko_cmd_gatt_server_send_characteristic_notification
                0x0000000000026520                gecko_cmd_gatt_send_characteristic_confirmation
                0x0000000000026550                gecko_cmd_gatt_server_set_database
 .text          0x0000000000026580      0x17c /Applications/Simplicity Studio.app/Contents/Eclipse/developer/sdks/gecko_sdk_suite/v1.0//protocol/bluetooth_2.3/lib/EFR32BG1P/GCC/bgapi.a(bgapi_ps.c.obj)
                0x0000000000026580                lib_flash_handler_init
                0x0000000000026582                gecko_cmd_flash_ps_dump
                0x0000000000026618                gecko_cmd_flash_ps_erase_all
                0x0000000000026648                gecko_cmd_flash_ps_save
                0x0000000000026684                gecko_cmd_flash_ps_load
                0x00000000000266c8                gecko_cmd_flash_ps_erase
 .text          0x00000000000266fc      0x3cc /Applications/Simplicity Studio.app/Contents/Eclipse/developer/sdks/gecko_sdk_suite/v1.0//protocol/bluetooth_2.3/lib/EFR32BG1P/GCC/bgapi.a(bgapi_sm.c.obj)
                0x00000000000267c4                lib_sm_handler_init
                0x00000000000267d8                gecko_cmd_sm_list_all_bondings
                0x0000000000026810                gecko_cmd_sm_increase_security
                0x0000000000026840                gecko_cmd_sm_set_bondable_mode
                0x000000000002686c                gecko_cmd_sm_delete_bonding
                0x000000000002689c                gecko_cmd_sm_delete_bondings
                0x00000000000268cc                gecko_cmd_sm_configure
                0x00000000000268fc                gecko_cmd_sm_enter_passkey
                0x0000000000026930                gecko_cmd_sm_set_passkey
                0x000000000002695c                gecko_cmd_sm_passkey_confirm
                0x0000000000026990                gecko_cmd_sm_set_oob_data
                0x00000000000269c0                gecko_cmd_sm_set_sc_remote_oob_data
                0x00000000000269f0                gecko_cmd_sm_use_sc_oob
                0x0000000000026a30                gecko_cmd_sm_store_bonding_configuration
                0x0000000000026a64                gecko_cmd_sm_bonding_confirm
                0x0000000000026a98                gecko_cmd_sm_set_debug_mode
 .text          0x0000000000026ac8      0x114 /Applications/Simplicity Studio.app/Contents/Eclipse/developer/sdks/gecko_sdk_suite/v1.0//protocol/bluetooth_2.3/lib/EFR32BG1P/GCC/bgapi.a(bgapi_system.c.obj)
                0x0000000000026ac8                lib_system_handler_init
                0x0000000000026aca                gecko_cmd_system_get_bt_address
                0x0000000000026b00                gecko_cmd_system_get_random_data
                0x0000000000026b48                gecko_cmd_system_halt
                0x0000000000026b7c                gecko_cmd_system_set_tx_power
                0x0000000000026bac                gecko_cmd_system_hello
                0x0000000000026bd4                gecko_cmd_system_reset
 .text          0x0000000000026bdc      0x1ac /Applications/Simplicity Studio.app/Contents/Eclipse/developer/sdks/gecko_sdk_suite/v1.0//protocol/bluetooth_2.3/lib/EFR32BG1P/GCC/bgapi.a(bgapi_endpoint.c.obj)
                0x0000000000026bdc                lib_endpoint_handler_init
                0x0000000000026bde                gecko_cmd_endpoint_send
                0x0000000000026c88                gecko_cmd_endpoint_set_streaming_destination
                0x0000000000026ce0                gecko_cmd_endpoint_close
                0x0000000000026d3c                gecko_cmd_endpoint_set_flags
                0x0000000000026d3e                gecko_cmd_endpoint_clr_flags
                0x0000000000026d40                gecko_cmd_endpoint_read_counters
 .text          0x0000000000026d88      0x104 /Applications/Simplicity Studio.app/Contents/Eclipse/developer/sdks/gecko_sdk_suite/v1.0//protocol/bluetooth_2.3/lib/EFR32BG1P/GCC/bgapi.a(bgapi_le_connection.c.obj)
                0x0000000000026d88                lib_le_connection_handler_init
                0x0000000000026d8a                gecko_cmd_le_connection_set_parameters
                0x0000000000026dd8                gecko_cmd_le_connection_get_rssi
                0x0000000000026e08                gecko_cmd_le_connection_disable_slave_latency
                0x0000000000026e50                gecko_cmd_le_connection_set_phy
 .text          0x0000000000026e8c      0x220 /Applications/Simplicity Studio.app/Contents/Eclipse/developer/sdks/gecko_sdk_suite/v1.0//protocol/bluetooth_2.3/lib/EFR32BG1P/GCC/bgapi.a(uart_endpoint.c.obj)
                0x0000000000026eec                uart_output_available
                0x0000000000026ef0                uart_transparent_input
                0x0000000000026f2e                uart_endpoint_func
                0x0000000000026fe2                uart_change_flags
                0x0000000000026ff0                init_uart_endpoints
 .text          0x00000000000270ac      0x17c /Applications/Simplicity Studio.app/Contents/Eclipse/developer/sdks/gecko_sdk_suite/v1.0//protocol/bluetooth_2.3/lib/EFR32BG1P/GCC/bgapi.a(bgapi_endpoint.c.obj)
                0x00000000000271d8                init_bgapi_endpoints
 .text          0x0000000000027228       0xc8 /Applications/Simplicity Studio.app/Contents/Eclipse/developer/sdks/gecko_sdk_suite/v1.0//protocol/bluetooth_2.3/lib/EFR32BG1P/GCC/bgapi.a(adc.c.obj)
                0x0000000000027228                adc_read_channel
                0x0000000000027258                adc_read_port
                0x0000000000027268                adc_config_reference
                0x000000000002729c                adc_init
 .text          0x00000000000272f0      0x160 /Applications/Simplicity Studio.app/Contents/Eclipse/developer/sdks/gecko_sdk_suite/v1.0//protocol/bluetooth_2.3/lib/EFR32BG1P/GCC/bgapi.a(gpio.c.obj)
                0x0000000000027368                gpio_location_to_port
                0x0000000000027378                gpio_location_to_pin_index
                0x000000000002738c                gpios_init
 .text          0x0000000000027450      0x218 /Applications/Simplicity Studio.app/Contents/Eclipse/developer/sdks/gecko_sdk_suite/v1.0//protocol/bluetooth_2.3/lib/EFR32BG1P/GCC/bgapi.a(i2c.c.obj)
                0x0000000000027450                i2c_init
                0x00000000000274dc                i2c_stop
                0x00000000000274fc                i2c_reset
                0x000000000002751c                i2c_read
                0x00000000000275c8                i2c_write
 .text          0x0000000000027668      0x160 /Applications/Simplicity Studio.app/Contents/Eclipse/developer/sdks/gecko_sdk_suite/v1.0//protocol/bluetooth_2.3/lib/EFR32BG1P/GCC/bgapi.a(sleep_signal.c.obj)
                0x0000000000027698                sleep_signal_init
                0x00000000000276f8                sleep_signal_update
                0x0000000000027764                host_wakeup_signal_init
                0x00000000000277a0                host_wakeup_signal_update
 .text          0x00000000000277c8      0x89c /Applications/Simplicity Studio.app/Contents/Eclipse/developer/sdks/gecko_sdk_suite/v1.0//protocol/bluetooth_2.3/lib/EFR32BG1P/GCC/bgapi.a(uart.c.obj)
                0x00000000000277c8                LEUART0_IRQGeckoHandler
                0x00000000000277ca                USART1_TX_IRQGeckoHandler
                0x00000000000278f4                USART0_TX_IRQGeckoHandler
                0x0000000000027aa4                USART1_RX_IRQGeckoHandler
                0x0000000000027ab0                USART0_RX_IRQGeckoHandler
                0x0000000000027ad0                uart_update
                0x0000000000027ae8                uart_configure
                0x0000000000027bbc                uart_event_register
                0x0000000000027bcc                uarts_init
                0x0000000000027f50                uart_get_flags
                0x0000000000027f60                uart_write_bgbuf
                0x0000000000027fa0                uart_read_bgbuf
                0x0000000000028028                uart_sleep
 .text          0x0000000000028064      0x370 /Applications/Simplicity Studio.app/Contents/Eclipse/developer/toolchains/gnu_arm/4.9_2015q3/bin/../lib/gcc/arm-none-eabi/4.9.3/armv7e-m/softfp/libgcc.a(_arm_addsubdf3.o)
                0x0000000000028064                __aeabi_drsub
                0x000000000002806c                __subdf3
                0x000000000002806c                __aeabi_dsub
                0x0000000000028070                __aeabi_dadd
                0x0000000000028070                __adddf3
                0x00000000000282e8                __aeabi_ui2d
                0x00000000000282e8                __floatunsidf
                0x0000000000028308                __floatsidf
                0x0000000000028308                __aeabi_i2d
                0x000000000002832c                __extendsfdf2
                0x000000000002832c                __aeabi_f2d
                0x0000000000028368                __aeabi_ul2d
                0x0000000000028368                __floatundidf
                0x0000000000028378                __aeabi_l2d
                0x0000000000028378                __floatdidf
 .text          0x00000000000283d4      0x424 /Applications/Simplicity Studio.app/Contents/Eclipse/developer/toolchains/gnu_arm/4.9_2015q3/bin/../lib/gcc/arm-none-eabi/4.9.3/armv7e-m/softfp/libgcc.a(_arm_muldivdf3.o)
                0x00000000000283d4                __aeabi_dmul
                0x00000000000283d4                __muldf3
                0x0000000000028628                __aeabi_ddiv
                0x0000000000028628                __divdf3
 .text          0x00000000000287f8       0xa0 /Applications/Simplicity Studio.app/Contents/Eclipse/developer/toolchains/gnu_arm/4.9_2015q3/bin/../lib/gcc/arm-none-eabi/4.9.3/armv7e-m/softfp/libgcc.a(_arm_truncdfsf2.o)
                0x00000000000287f8                __aeabi_d2f
                0x00000000000287f8                __truncdfsf2
 .text          0x0000000000028898       0x30 /Applications/Simplicity Studio.app/Contents/Eclipse/developer/toolchains/gnu_arm/4.9_2015q3/bin/../lib/gcc/arm-none-eabi/4.9.3/armv7e-m/softfp/libgcc.a(_aeabi_uldivmod.o)
                0x0000000000028898                __aeabi_uldivmod
 .text          0x00000000000288c8       0x60 /Applications/Simplicity Studio.app/Contents/Eclipse/developer/toolchains/gnu_arm/4.9_2015q3/bin/../lib/gcc/arm-none-eabi/4.9.3/armv7e-m/softfp/libgcc.a(bpabi.o)
                0x00000000000288c8                __gnu_ldivmod_helper
                0x00000000000288f8                __gnu_uldivmod_helper
 .text          0x0000000000028928        0x4 /Applications/Simplicity Studio.app/Contents/Eclipse/developer/toolchains/gnu_arm/4.9_2015q3/bin/../lib/gcc/arm-none-eabi/4.9.3/armv7e-m/softfp/libgcc.a(_dvmd_tls.o)
                0x0000000000028928                __aeabi_ldiv0
                0x0000000000028928                __aeabi_idiv0
 .text          0x000000000002892c      0x29c /Applications/Simplicity Studio.app/Contents/Eclipse/developer/toolchains/gnu_arm/4.9_2015q3/bin/../lib/gcc/arm-none-eabi/4.9.3/armv7e-m/softfp/libgcc.a(_divdi3.o)
                0x000000000002892c                __divdi3
 .text          0x0000000000028bc8      0x26c /Applications/Simplicity Studio.app/Contents/Eclipse/developer/toolchains/gnu_arm/4.9_2015q3/bin/../lib/gcc/arm-none-eabi/4.9.3/armv7e-m/softfp/libgcc.a(_udivdi3.o)
                0x0000000000028bc8                __udivdi3
 .text.exit     0x0000000000028e34       0x20 /Applications/Simplicity Studio.app/Contents/Eclipse/developer/toolchains/gnu_arm/4.9_2015q3/bin/../lib/gcc/arm-none-eabi/4.9.3/../../../../arm-none-eabi/lib/armv7e-m/softfp/libc.a(lib_a-exit.o)
                0x0000000000028e34                exit
 .text.__libc_init_array
                0x0000000000028e54       0x50 /Applications/Simplicity Studio.app/Contents/Eclipse/developer/toolchains/gnu_arm/4.9_2015q3/bin/../lib/gcc/arm-none-eabi/4.9.3/../../../../arm-none-eabi/lib/armv7e-m/softfp/libc.a(lib_a-init.o)
                0x0000000000028e54                __libc_init_array
 .text          0x0000000000028ea4      0x134 /Applications/Simplicity Studio.app/Contents/Eclipse/developer/toolchains/gnu_arm/4.9_2015q3/bin/../lib/gcc/arm-none-eabi/4.9.3/../../../../arm-none-eabi/lib/armv7e-m/softfp/libc.a(lib_a-memcpy.o)
                0x0000000000028ea4                memcpy
 .text.memset   0x0000000000028fd8       0x9c /Applications/Simplicity Studio.app/Contents/Eclipse/developer/toolchains/gnu_arm/4.9_2015q3/bin/../lib/gcc/arm-none-eabi/4.9.3/../../../../arm-none-eabi/lib/armv7e-m/softfp/libc.a(lib_a-memset.o)
                0x0000000000028fd8                memset
 .text.snprintf
                0x0000000000029074       0x9c /Applications/Simplicity Studio.app/Contents/Eclipse/developer/toolchains/gnu_arm/4.9_2015q3/bin/../lib/gcc/arm-none-eabi/4.9.3/../../../../arm-none-eabi/lib/armv7e-m/softfp/libc.a(lib_a-snprintf.o)
                0x0000000000029074                snprintf
 .text.strlen   0x0000000000029110       0x5c /Applications/Simplicity Studio.app/Contents/Eclipse/developer/toolchains/gnu_arm/4.9_2015q3/bin/../lib/gcc/arm-none-eabi/4.9.3/../../../../arm-none-eabi/lib/armv7e-m/softfp/libc.a(lib_a-strlen.o)
                0x0000000000029110                strlen
 *fill*         0x000000000002916c        0x4 
 .text._svfprintf_r
                0x0000000000029170     0x14d0 /Applications/Simplicity Studio.app/Contents/Eclipse/developer/toolchains/gnu_arm/4.9_2015q3/bin/../lib/gcc/arm-none-eabi/4.9.3/../../../../arm-none-eabi/lib/armv7e-m/softfp/libc.a(lib_a-svfprintf.o)
                0x0000000000029170                _svfprintf_r
 .text.startup.register_fini
                0x000000000002a640       0x14 /Applications/Simplicity Studio.app/Contents/Eclipse/developer/toolchains/gnu_arm/4.9_2015q3/bin/../lib/gcc/arm-none-eabi/4.9.3/../../../../arm-none-eabi/lib/armv7e-m/softfp/libc.a(lib_a-__call_atexit.o)
 .text.__call_exitprocs
                0x000000000002a654       0xd4 /Applications/Simplicity Studio.app/Contents/Eclipse/developer/toolchains/gnu_arm/4.9_2015q3/bin/../lib/gcc/arm-none-eabi/4.9.3/../../../../arm-none-eabi/lib/armv7e-m/softfp/libc.a(lib_a-__call_atexit.o)
                0x000000000002a654                __call_exitprocs
 .text.atexit   0x000000000002a728        0xc /Applications/Simplicity Studio.app/Contents/Eclipse/developer/toolchains/gnu_arm/4.9_2015q3/bin/../lib/gcc/arm-none-eabi/4.9.3/../../../../arm-none-eabi/lib/armv7e-m/softfp/libc.a(lib_a-atexit.o)
                0x000000000002a728                atexit
 .text.quorem   0x000000000002a734      0x12c /Applications/Simplicity Studio.app/Contents/Eclipse/developer/toolchains/gnu_arm/4.9_2015q3/bin/../lib/gcc/arm-none-eabi/4.9.3/../../../../arm-none-eabi/lib/armv7e-m/softfp/libc.a(lib_a-dtoa.o)
 .text._dtoa_r  0x000000000002a860      0xe90 /Applications/Simplicity Studio.app/Contents/Eclipse/developer/toolchains/gnu_arm/4.9_2015q3/bin/../lib/gcc/arm-none-eabi/4.9.3/../../../../arm-none-eabi/lib/armv7e-m/softfp/libc.a(lib_a-dtoa.o)
                0x000000000002a860                _dtoa_r
 .text.__libc_fini_array
                0x000000000002b6f0       0x2c /Applications/Simplicity Studio.app/Contents/Eclipse/developer/toolchains/gnu_arm/4.9_2015q3/bin/../lib/gcc/arm-none-eabi/4.9.3/../../../../arm-none-eabi/lib/armv7e-m/softfp/libc.a(lib_a-fini.o)
                0x000000000002b6f0                __libc_fini_array
 .text._localeconv_r
                0x000000000002b71c        0x8 /Applications/Simplicity Studio.app/Contents/Eclipse/developer/toolchains/gnu_arm/4.9_2015q3/bin/../lib/gcc/arm-none-eabi/4.9.3/../../../../arm-none-eabi/lib/armv7e-m/softfp/libc.a(lib_a-locale.o)
                0x000000000002b71c                _localeconv_r
 .text._malloc_r
                0x000000000002b724      0x524 /Applications/Simplicity Studio.app/Contents/Eclipse/developer/toolchains/gnu_arm/4.9_2015q3/bin/../lib/gcc/arm-none-eabi/4.9.3/../../../../arm-none-eabi/lib/armv7e-m/softfp/libc.a(lib_a-mallocr.o)
                0x000000000002b724                _malloc_r
 .text.memchr   0x000000000002bc48       0x94 /Applications/Simplicity Studio.app/Contents/Eclipse/developer/toolchains/gnu_arm/4.9_2015q3/bin/../lib/gcc/arm-none-eabi/4.9.3/../../../../arm-none-eabi/lib/armv7e-m/softfp/libc.a(lib_a-memchr.o)
                0x000000000002bc48                memchr
 .text.__malloc_lock
                0x000000000002bcdc        0x4 /Applications/Simplicity Studio.app/Contents/Eclipse/developer/toolchains/gnu_arm/4.9_2015q3/bin/../lib/gcc/arm-none-eabi/4.9.3/../../../../arm-none-eabi/lib/armv7e-m/softfp/libc.a(lib_a-mlock.o)
                0x000000000002bcdc                __malloc_lock
 .text.__malloc_unlock
                0x000000000002bce0        0x4 /Applications/Simplicity Studio.app/Contents/Eclipse/developer/toolchains/gnu_arm/4.9_2015q3/bin/../lib/gcc/arm-none-eabi/4.9.3/../../../../arm-none-eabi/lib/armv7e-m/softfp/libc.a(lib_a-mlock.o)
                0x000000000002bce0                __malloc_unlock
 .text._Balloc  0x000000000002bce4       0x4c /Applications/Simplicity Studio.app/Contents/Eclipse/developer/toolchains/gnu_arm/4.9_2015q3/bin/../lib/gcc/arm-none-eabi/4.9.3/../../../../arm-none-eabi/lib/armv7e-m/softfp/libc.a(lib_a-mprec.o)
                0x000000000002bce4                _Balloc
 .text._Bfree   0x000000000002bd30       0x14 /Applications/Simplicity Studio.app/Contents/Eclipse/developer/toolchains/gnu_arm/4.9_2015q3/bin/../lib/gcc/arm-none-eabi/4.9.3/../../../../arm-none-eabi/lib/armv7e-m/softfp/libc.a(lib_a-mprec.o)
                0x000000000002bd30                _Bfree
 .text.__multadd
                0x000000000002bd44       0x84 /Applications/Simplicity Studio.app/Contents/Eclipse/developer/toolchains/gnu_arm/4.9_2015q3/bin/../lib/gcc/arm-none-eabi/4.9.3/../../../../arm-none-eabi/lib/armv7e-m/softfp/libc.a(lib_a-mprec.o)
                0x000000000002bd44                __multadd
 .text.__hi0bits
                0x000000000002bdc8       0x40 /Applications/Simplicity Studio.app/Contents/Eclipse/developer/toolchains/gnu_arm/4.9_2015q3/bin/../lib/gcc/arm-none-eabi/4.9.3/../../../../arm-none-eabi/lib/armv7e-m/softfp/libc.a(lib_a-mprec.o)
                0x000000000002bdc8                __hi0bits
 .text.__lo0bits
                0x000000000002be08       0x5c /Applications/Simplicity Studio.app/Contents/Eclipse/developer/toolchains/gnu_arm/4.9_2015q3/bin/../lib/gcc/arm-none-eabi/4.9.3/../../../../arm-none-eabi/lib/armv7e-m/softfp/libc.a(lib_a-mprec.o)
                0x000000000002be08                __lo0bits
 .text.__i2b    0x000000000002be64       0x14 /Applications/Simplicity Studio.app/Contents/Eclipse/developer/toolchains/gnu_arm/4.9_2015q3/bin/../lib/gcc/arm-none-eabi/4.9.3/../../../../arm-none-eabi/lib/armv7e-m/softfp/libc.a(lib_a-mprec.o)
                0x000000000002be64                __i2b
 .text.__multiply
                0x000000000002be78      0x134 /Applications/Simplicity Studio.app/Contents/Eclipse/developer/toolchains/gnu_arm/4.9_2015q3/bin/../lib/gcc/arm-none-eabi/4.9.3/../../../../arm-none-eabi/lib/armv7e-m/softfp/libc.a(lib_a-mprec.o)
                0x000000000002be78                __multiply
 .text.__pow5mult
                0x000000000002bfac       0xa0 /Applications/Simplicity Studio.app/Contents/Eclipse/developer/toolchains/gnu_arm/4.9_2015q3/bin/../lib/gcc/arm-none-eabi/4.9.3/../../../../arm-none-eabi/lib/armv7e-m/softfp/libc.a(lib_a-mprec.o)
                0x000000000002bfac                __pow5mult
 .text.__lshift
                0x000000000002c04c       0xac /Applications/Simplicity Studio.app/Contents/Eclipse/developer/toolchains/gnu_arm/4.9_2015q3/bin/../lib/gcc/arm-none-eabi/4.9.3/../../../../arm-none-eabi/lib/armv7e-m/softfp/libc.a(lib_a-mprec.o)
                0x000000000002c04c                __lshift
 .text.__mcmp   0x000000000002c0f8       0x48 /Applications/Simplicity Studio.app/Contents/Eclipse/developer/toolchains/gnu_arm/4.9_2015q3/bin/../lib/gcc/arm-none-eabi/4.9.3/../../../../arm-none-eabi/lib/armv7e-m/softfp/libc.a(lib_a-mprec.o)
                0x000000000002c0f8                __mcmp
 .text.__mdiff  0x000000000002c140       0xd4 /Applications/Simplicity Studio.app/Contents/Eclipse/developer/toolchains/gnu_arm/4.9_2015q3/bin/../lib/gcc/arm-none-eabi/4.9.3/../../../../arm-none-eabi/lib/armv7e-m/softfp/libc.a(lib_a-mprec.o)
                0x000000000002c140                __mdiff
 .text.__d2b    0x000000000002c214       0xb8 /Applications/Simplicity Studio.app/Contents/Eclipse/developer/toolchains/gnu_arm/4.9_2015q3/bin/../lib/gcc/arm-none-eabi/4.9.3/../../../../arm-none-eabi/lib/armv7e-m/softfp/libc.a(lib_a-mprec.o)
                0x000000000002c214                __d2b
 .text.__fpclassifyd
                0x000000000002c2cc       0x58 /Applications/Simplicity Studio.app/Contents/Eclipse/developer/toolchains/gnu_arm/4.9_2015q3/bin/../lib/gcc/arm-none-eabi/4.9.3/../../../../arm-none-eabi/lib/armv7e-m/softfp/libc.a(lib_a-s_fpclassify.o)
                0x000000000002c2cc                __fpclassifyd
 .text._sbrk_r  0x000000000002c324       0x24 /Applications/Simplicity Studio.app/Contents/Eclipse/developer/toolchains/gnu_arm/4.9_2015q3/bin/../lib/gcc/arm-none-eabi/4.9.3/../../../../arm-none-eabi/lib/armv7e-m/softfp/libc.a(lib_a-sbrkr.o)
                0x000000000002c324                _sbrk_r
 .text.__ssprint_r
                0x000000000002c348      0x104 /Applications/Simplicity Studio.app/Contents/Eclipse/developer/toolchains/gnu_arm/4.9_2015q3/bin/../lib/gcc/arm-none-eabi/4.9.3/../../../../arm-none-eabi/lib/armv7e-m/softfp/libc.a(lib_a-svfiprintf.o)
                0x000000000002c348                __ssprint_r
 .text.__register_exitproc
                0x000000000002c44c       0xa4 /Applications/Simplicity Studio.app/Contents/Eclipse/developer/toolchains/gnu_arm/4.9_2015q3/bin/../lib/gcc/arm-none-eabi/4.9.3/../../../../arm-none-eabi/lib/armv7e-m/softfp/libc.a(lib_a-__atexit.o)
                0x000000000002c44c                __register_exitproc
 .text._calloc_r
                0x000000000002c4f0       0x60 /Applications/Simplicity Studio.app/Contents/Eclipse/developer/toolchains/gnu_arm/4.9_2015q3/bin/../lib/gcc/arm-none-eabi/4.9.3/../../../../arm-none-eabi/lib/armv7e-m/softfp/libc.a(lib_a-callocr.o)
                0x000000000002c4f0                _calloc_r
 .text._malloc_trim_r
                0x000000000002c550       0x9c /Applications/Simplicity Studio.app/Contents/Eclipse/developer/toolchains/gnu_arm/4.9_2015q3/bin/../lib/gcc/arm-none-eabi/4.9.3/../../../../arm-none-eabi/lib/armv7e-m/softfp/libc.a(lib_a-freer.o)
                0x000000000002c550                _malloc_trim_r
 .text._free_r  0x000000000002c5ec      0x1b0 /Applications/Simplicity Studio.app/Contents/Eclipse/developer/toolchains/gnu_arm/4.9_2015q3/bin/../lib/gcc/arm-none-eabi/4.9.3/../../../../arm-none-eabi/lib/armv7e-m/softfp/libc.a(lib_a-freer.o)
                0x000000000002c5ec                _free_r
 .text.memmove  0x000000000002c79c       0xc8 /Applications/Simplicity Studio.app/Contents/Eclipse/developer/toolchains/gnu_arm/4.9_2015q3/bin/../lib/gcc/arm-none-eabi/4.9.3/../../../../arm-none-eabi/lib/armv7e-m/softfp/libc.a(lib_a-memmove.o)
                0x000000000002c79c                memmove
 .text._realloc_r
                0x000000000002c864      0x3ec /Applications/Simplicity Studio.app/Contents/Eclipse/developer/toolchains/gnu_arm/4.9_2015q3/bin/../lib/gcc/arm-none-eabi/4.9.3/../../../../arm-none-eabi/lib/armv7e-m/softfp/libc.a(lib_a-reallocr.o)
                0x000000000002c864                _realloc_r
 .text._sbrk    0x000000000002cc50       0x1c /Applications/Simplicity Studio.app/Contents/Eclipse/developer/toolchains/gnu_arm/4.9_2015q3/bin/../lib/gcc/arm-none-eabi/4.9.3/../../../../arm-none-eabi/lib/armv7e-m/softfp/libnosys.a(sbrk.o)
                0x000000000002cc50                _sbrk
 .text._exit    0x000000000002cc6c        0x4 /Applications/Simplicity Studio.app/Contents/Eclipse/developer/toolchains/gnu_arm/4.9_2015q3/bin/../lib/gcc/arm-none-eabi/4.9.3/../../../../arm-none-eabi/lib/armv7e-m/softfp/libnosys.a(_exit.o)
                0x000000000002cc6c                _exit
 .text          0x000000000002cc70      0x110 /Applications/Simplicity Studio.app/Contents/Eclipse/developer/toolchains/gnu_arm/4.9_2015q3/bin/../lib/gcc/arm-none-eabi/4.9.3/armv7e-m/softfp/libgcc.a(_arm_cmpdf2.o)
                0x000000000002cc70                __gtdf2
                0x000000000002cc70                __gedf2
                0x000000000002cc78                __ltdf2
                0x000000000002cc78                __ledf2
                0x000000000002cc80                __eqdf2
                0x000000000002cc80                __nedf2
                0x000000000002cc80                __cmpdf2
                0x000000000002ccfc                __aeabi_cdrcmple
                0x000000000002cd0c                __aeabi_cdcmple
                0x000000000002cd0c                __aeabi_cdcmpeq
                0x000000000002cd1c                __aeabi_dcmpeq
                0x000000000002cd30                __aeabi_dcmplt
                0x000000000002cd44                __aeabi_dcmple
                0x000000000002cd58                __aeabi_dcmpge
                0x000000000002cd6c                __aeabi_dcmpgt
 .text          0x000000000002cd80       0x50 /Applications/Simplicity Studio.app/Contents/Eclipse/developer/toolchains/gnu_arm/4.9_2015q3/bin/../lib/gcc/arm-none-eabi/4.9.3/armv7e-m/softfp/libgcc.a(_arm_fixdfsi.o)
                0x000000000002cd80                __fixdfsi
                0x000000000002cd80                __aeabi_d2iz
 *(.init)
 .init          0x000000000002cdd0        0x4 /Applications/Simplicity Studio.app/Contents/Eclipse/developer/toolchains/gnu_arm/4.9_2015q3/bin/../lib/gcc/arm-none-eabi/4.9.3/armv7e-m/softfp/crti.o
                0x000000000002cdd0                _init
 .init          0x000000000002cdd4        0x8 /Applications/Simplicity Studio.app/Contents/Eclipse/developer/toolchains/gnu_arm/4.9_2015q3/bin/../lib/gcc/arm-none-eabi/4.9.3/armv7e-m/softfp/crtn.o
 *(.fini)
 .fini          0x000000000002cddc        0x4 /Applications/Simplicity Studio.app/Contents/Eclipse/developer/toolchains/gnu_arm/4.9_2015q3/bin/../lib/gcc/arm-none-eabi/4.9.3/armv7e-m/softfp/crti.o
                0x000000000002cddc                _fini
 .fini          0x000000000002cde0        0x8 /Applications/Simplicity Studio.app/Contents/Eclipse/developer/toolchains/gnu_arm/4.9_2015q3/bin/../lib/gcc/arm-none-eabi/4.9.3/armv7e-m/softfp/crtn.o
 *crtbegin.o(.ctors)
 *crtbegin?.o(.ctors)
 *(EXCLUDE_FILE(*crtend.o *crtend?.o) .ctors)
 *(SORT(.ctors.*))
 *(.ctors)
 *crtbegin.o(.dtors)
 *crtbegin?.o(.dtors)
 *(EXCLUDE_FILE(*crtend.o *crtend?.o) .dtors)
 *(SORT(.dtors.*))
 *(.dtors)
 *(.rodata*)
 .rodata.str1.4
                0x000000000002cde8       0x1f ./advertisement.o
 *fill*         0x000000000002ce07        0x1 
 .rodata.str1.4
                0x000000000002ce08        0x7 ./app.o
 *fill*         0x000000000002ce0f        0x1 
 .rodata.str1.4
                0x000000000002ce10       0x20 ./app_hw.o
 .rodata.str1.4
                0x000000000002ce30       0x3f ./app_ui.o
 *fill*         0x000000000002ce6f        0x1 
 .rodata.str1.4
                0x000000000002ce70       0x17 ./beacon.o
 *fill*         0x000000000002ce87        0x1 
 .rodata.str1.4
                0x000000000002ce88       0x21 ./htm.o
 *fill*         0x000000000002cea9        0x3 
 .rodata.str1.4
                0x000000000002ceac       0x45 ./ia.o
 *fill*         0x000000000002cef1        0x3 
 .rodata.ptiInit
                0x000000000002cef4       0x24 ./main.o
 .rodata.config
                0x000000000002cf18       0xe8 ./main.o
 .rodata.str1.4
                0x000000000002d000        0x4 ./main.o
 .rodata        0x000000000002d004        0x4 ./bgapi/dmadrv.o
 .rodata.CSWTCH.45
                0x000000000002d008        0xc ./emlib/em_cmu.o
 .rodata.CSWTCH.46
                0x000000000002d014       0x10 ./emlib/em_cmu.o
 .rodata.CSWTCH.47
                0x000000000002d024       0x10 ./emlib/em_cmu.o
 .rodata.CSWTCH.48
                0x000000000002d034       0x10 ./emlib/em_cmu.o
 .rodata.i2cNSum
                0x000000000002d044        0x4 ./emlib/em_i2c.o
 .rodata.GLIB_FontNarrow6x8
                0x000000000002d048       0x10 ./glib/BRD4100A/glib_font_narrow_6x8.o
                0x000000000002d048                GLIB_FontNarrow6x8
 .rodata.GLIB_FontNarrow6x8PixMap
                0x000000000002d058      0x320 ./glib/BRD4100A/glib_font_narrow_6x8.o
 .rodata.GLIB_FontNormal8x8
                0x000000000002d378       0x10 ./glib/BRD4100A/glib_font_normal_8x8.o
                0x000000000002d378                GLIB_FontNormal8x8
 .rodata.GLIB_FontNormal8x8PixMap
                0x000000000002d388      0x320 ./glib/BRD4100A/glib_font_normal_8x8.o
 .rodata.ledArray
                0x000000000002d6a8       0x10 ./kit/BRD4100A/bsp_stk_leds.o
 .rodata        0x000000000002d6b8       0x18 ./kit/BRD4100A/udelay.o
 .rodata        0x000000000002d6d0       0x24 ./kit_flashpwr/BRD4100A/mx25flash_spi.o
 .rodata.str1.4
                0x000000000002d6f4       0x15 ./kit_lcd/BRD4100A/displayls013b7dh03.o
 *fill*         0x000000000002d709        0x3 
 .rodata        0x000000000002d70c       0x24 ./kit_lcd/BRD4100A/displaypalemlib.o
 .rodata        0x000000000002d730       0x60 ./src/InitDevice.o
 .rodata        0x000000000002d790       0x78 /Applications/Simplicity Studio.app/Contents/Eclipse/developer/sdks/gecko_sdk_suite/v1.0//protocol/bluetooth_2.3/lib/EFR32BG1P/GCC/bgapi.a(gecko_bgapi_hardware.c.obj)
 .rodata        0x000000000002d808       0x30 /Applications/Simplicity Studio.app/Contents/Eclipse/developer/sdks/gecko_sdk_suite/v1.0//protocol/bluetooth_2.3/lib/EFR32BG1P/GCC/bgapi.a(gecko_bgapi_test.c.obj)
 .rodata        0x000000000002d838       0x18 /Applications/Simplicity Studio.app/Contents/Eclipse/developer/sdks/gecko_sdk_suite/v1.0//protocol/bluetooth_2.3/lib/EFR32BG1P/GCC/bgapi.a(gecko_bgapi_util.c.obj)
 .rodata        0x000000000002d850       0x28 /Applications/Simplicity Studio.app/Contents/Eclipse/developer/sdks/gecko_sdk_suite/v1.0//protocol/bluetooth_2.3/lib/EFR32BG1P/GCC/bgapi.a(gecko_bgapi_dfu.c.obj)
 .rodata        0x000000000002d878       0x70 /Applications/Simplicity Studio.app/Contents/Eclipse/developer/sdks/gecko_sdk_suite/v1.0//protocol/bluetooth_2.3/lib/EFR32BG1P/GCC/bgapi.a(gecko_bgapi_gap.c.obj)
 .rodata        0x000000000002d8e8       0xa0 /Applications/Simplicity Studio.app/Contents/Eclipse/developer/sdks/gecko_sdk_suite/v1.0//protocol/bluetooth_2.3/lib/EFR32BG1P/GCC/bgapi.a(gecko_bgapi_gatt.c.obj)
 .rodata        0x000000000002d988       0x48 /Applications/Simplicity Studio.app/Contents/Eclipse/developer/sdks/gecko_sdk_suite/v1.0//protocol/bluetooth_2.3/lib/EFR32BG1P/GCC/bgapi.a(gecko_bgapi_gatt_server.c.obj)
 .rodata        0x000000000002d9d0       0x30 /Applications/Simplicity Studio.app/Contents/Eclipse/developer/sdks/gecko_sdk_suite/v1.0//protocol/bluetooth_2.3/lib/EFR32BG1P/GCC/bgapi.a(gecko_bgapi_flash.c.obj)
 .rodata        0x000000000002da00       0x80 /Applications/Simplicity Studio.app/Contents/Eclipse/developer/sdks/gecko_sdk_suite/v1.0//protocol/bluetooth_2.3/lib/EFR32BG1P/GCC/bgapi.a(gecko_bgapi_sm.c.obj)
 .rodata        0x000000000002da80       0x38 /Applications/Simplicity Studio.app/Contents/Eclipse/developer/sdks/gecko_sdk_suite/v1.0//protocol/bluetooth_2.3/lib/EFR32BG1P/GCC/bgapi.a(gecko_bgapi_system.c.obj)
 .rodata        0x000000000002dab8       0x38 /Applications/Simplicity Studio.app/Contents/Eclipse/developer/sdks/gecko_sdk_suite/v1.0//protocol/bluetooth_2.3/lib/EFR32BG1P/GCC/bgapi.a(gecko_bgapi_endpoint.c.obj)
 .rodata        0x000000000002daf0       0x28 /Applications/Simplicity Studio.app/Contents/Eclipse/developer/sdks/gecko_sdk_suite/v1.0//protocol/bluetooth_2.3/lib/EFR32BG1P/GCC/bgapi.a(gecko_bgapi_le_connection.c.obj)
 .rodata        0x000000000002db18       0x18 /Applications/Simplicity Studio.app/Contents/Eclipse/developer/sdks/gecko_sdk_suite/v1.0//protocol/bluetooth_2.3/lib/EFR32BG1P/GCC/bgapi.a(bgapi_sm.c.obj)
 .rodata        0x000000000002db30       0x18 /Applications/Simplicity Studio.app/Contents/Eclipse/developer/sdks/gecko_sdk_suite/v1.0//protocol/bluetooth_2.3/lib/EFR32BG1P/GCC/bgapi.a(adc.c.obj)
 .rodata        0x000000000002db48       0x40 /Applications/Simplicity Studio.app/Contents/Eclipse/developer/sdks/gecko_sdk_suite/v1.0//protocol/bluetooth_2.3/lib/EFR32BG1P/GCC/bgapi.a(gpio.c.obj)
 .rodata        0x000000000002db88       0x10 /Applications/Simplicity Studio.app/Contents/Eclipse/developer/sdks/gecko_sdk_suite/v1.0//protocol/bluetooth_2.3/lib/EFR32BG1P/GCC/bgapi.a(i2c.c.obj)
 .rodata        0x000000000002db98       0x60 /Applications/Simplicity Studio.app/Contents/Eclipse/developer/sdks/gecko_sdk_suite/v1.0//protocol/bluetooth_2.3/lib/EFR32BG1P/GCC/bgapi.a(uart.c.obj)
 .rodata.str1.4
                0x000000000002dbf8        0x2 /Applications/Simplicity Studio.app/Contents/Eclipse/developer/toolchains/gnu_arm/4.9_2015q3/bin/../lib/gcc/arm-none-eabi/4.9.3/../../../../arm-none-eabi/lib/armv7e-m/softfp/libc.a(lib_a-impure.o)
 *fill*         0x000000000002dbfa        0x2 
 .rodata._global_impure_ptr
                0x000000000002dbfc        0x4 /Applications/Simplicity Studio.app/Contents/Eclipse/developer/toolchains/gnu_arm/4.9_2015q3/bin/../lib/gcc/arm-none-eabi/4.9.3/../../../../arm-none-eabi/lib/armv7e-m/softfp/libc.a(lib_a-impure.o)
                0x000000000002dbfc                _global_impure_ptr
 .rodata.zeroes.6911
                0x000000000002dc00       0x10 /Applications/Simplicity Studio.app/Contents/Eclipse/developer/toolchains/gnu_arm/4.9_2015q3/bin/../lib/gcc/arm-none-eabi/4.9.3/../../../../arm-none-eabi/lib/armv7e-m/softfp/libc.a(lib_a-svfprintf.o)
 .rodata.blanks.6910
                0x000000000002dc10       0x10 /Applications/Simplicity Studio.app/Contents/Eclipse/developer/toolchains/gnu_arm/4.9_2015q3/bin/../lib/gcc/arm-none-eabi/4.9.3/../../../../arm-none-eabi/lib/armv7e-m/softfp/libc.a(lib_a-svfprintf.o)
 .rodata.str1.4
                0x000000000002dc20       0x42 /Applications/Simplicity Studio.app/Contents/Eclipse/developer/toolchains/gnu_arm/4.9_2015q3/bin/../lib/gcc/arm-none-eabi/4.9.3/../../../../arm-none-eabi/lib/armv7e-m/softfp/libc.a(lib_a-svfprintf.o)
 *fill*         0x000000000002dc62        0x2 
 .rodata.str1.4
                0x000000000002dc64       0x10 /Applications/Simplicity Studio.app/Contents/Eclipse/developer/toolchains/gnu_arm/4.9_2015q3/bin/../lib/gcc/arm-none-eabi/4.9.3/../../../../arm-none-eabi/lib/armv7e-m/softfp/libc.a(lib_a-dtoa.o)
                                         0x12 (size before relaxing)
 .rodata.str1.4
                0x000000000002dc74        0xc /Applications/Simplicity Studio.app/Contents/Eclipse/developer/toolchains/gnu_arm/4.9_2015q3/bin/../lib/gcc/arm-none-eabi/4.9.3/../../../../arm-none-eabi/lib/armv7e-m/softfp/libc.a(lib_a-locale.o)
                                         0x12 (size before relaxing)
 .rodata.__mprec_tens
                0x000000000002dc80       0xc8 /Applications/Simplicity Studio.app/Contents/Eclipse/developer/toolchains/gnu_arm/4.9_2015q3/bin/../lib/gcc/arm-none-eabi/4.9.3/../../../../arm-none-eabi/lib/armv7e-m/softfp/libc.a(lib_a-mprec.o)
                0x000000000002dc80                __mprec_tens
 .rodata.p05.5302
                0x000000000002dd48        0xc /Applications/Simplicity Studio.app/Contents/Eclipse/developer/toolchains/gnu_arm/4.9_2015q3/bin/../lib/gcc/arm-none-eabi/4.9.3/../../../../arm-none-eabi/lib/armv7e-m/softfp/libc.a(lib_a-mprec.o)
 *fill*         0x000000000002dd54        0x4 
 .rodata.__mprec_bigtens
                0x000000000002dd58       0x28 /Applications/Simplicity Studio.app/Contents/Eclipse/developer/toolchains/gnu_arm/4.9_2015q3/bin/../lib/gcc/arm-none-eabi/4.9.3/../../../../arm-none-eabi/lib/armv7e-m/softfp/libc.a(lib_a-mprec.o)
                0x000000000002dd58                __mprec_bigtens
 *(.eh_frame*)
 .eh_frame      0x000000000002dd80        0x0 /Applications/Simplicity Studio.app/Contents/Eclipse/developer/toolchains/gnu_arm/4.9_2015q3/bin/../lib/gcc/arm-none-eabi/4.9.3/armv7e-m/softfp/crtbegin.o
 .eh_frame      0x000000000002dd80        0x0 /Applications/Simplicity Studio.app/Contents/Eclipse/developer/toolchains/gnu_arm/4.9_2015q3/bin/../lib/gcc/arm-none-eabi/4.9.3/../../../../arm-none-eabi/lib/armv7e-m/softfp/libc.a(lib_a-strcmp.o)
                                         0x70 (size before relaxing)
 .eh_frame      0x000000000002dd80        0x4 /Applications/Simplicity Studio.app/Contents/Eclipse/developer/toolchains/gnu_arm/4.9_2015q3/bin/../lib/gcc/arm-none-eabi/4.9.3/armv7e-m/softfp/crtend.o
                0x000000000002dd84                . = ALIGN (0x4)

.glue_7         0x000000000002dd84        0x0
 .glue_7        0x0000000000000000        0x0 linker stubs

.glue_7t        0x000000000002dd84        0x0
 .glue_7t       0x0000000000000000        0x0 linker stubs

.vfp11_veneer   0x000000000002dd84        0x0
 .vfp11_veneer  0x0000000000000000        0x0 linker stubs

.v4_bx          0x000000000002dd84        0x0
 .v4_bx         0x0000000000000000        0x0 linker stubs

.iplt           0x000000000002dd84        0x0
 .iplt          0x0000000000000000        0x0 /Applications/Simplicity Studio.app/Contents/Eclipse/developer/toolchains/gnu_arm/4.9_2015q3/bin/../lib/gcc/arm-none-eabi/4.9.3/armv7e-m/softfp/crtbegin.o

.igot.plt       0x000000000002dd84        0x0
 .igot.plt      0x0000000000000000        0x0 /Applications/Simplicity Studio.app/Contents/Eclipse/developer/toolchains/gnu_arm/4.9_2015q3/bin/../lib/gcc/arm-none-eabi/4.9.3/armv7e-m/softfp/crtbegin.o

.text_app_ARM.extab
 *(.ARM.extab* .gnu.linkonce.armextab.*)
                0x000000000002dd84                __exidx_start = .

.text_app_ARM.exidx
                0x000000000002dd84        0x8
 *(.ARM.exidx* .gnu.linkonce.armexidx.*)
 .ARM.exidx     0x000000000002dd84        0x8 /Applications/Simplicity Studio.app/Contents/Eclipse/developer/toolchains/gnu_arm/4.9_2015q3/bin/../lib/gcc/arm-none-eabi/4.9.3/../../../../arm-none-eabi/lib/armv7e-m/softfp/crt0.o
 .ARM.exidx     0x000000000002dd8c        0x0 /Applications/Simplicity Studio.app/Contents/Eclipse/developer/toolchains/gnu_arm/4.9_2015q3/bin/../lib/gcc/arm-none-eabi/4.9.3/armv7e-m/softfp/libgcc.a(_divdi3.o)
                                          0x8 (size before relaxing)
 .ARM.exidx     0x000000000002dd8c        0x0 /Applications/Simplicity Studio.app/Contents/Eclipse/developer/toolchains/gnu_arm/4.9_2015q3/bin/../lib/gcc/arm-none-eabi/4.9.3/armv7e-m/softfp/libgcc.a(_udivdi3.o)
                                          0x8 (size before relaxing)
                0x000000000002dd8c                __exidx_end = .
                0x000000000002dd8c                __etext = .

.rel.dyn        0x000000000002dd8c        0x0
 .rel.iplt      0x0000000000000000        0x0 /Applications/Simplicity Studio.app/Contents/Eclipse/developer/toolchains/gnu_arm/4.9_2015q3/bin/../lib/gcc/arm-none-eabi/4.9.3/armv7e-m/softfp/crtbegin.o

.text_app_data  0x0000000020003000      0x96c load address 0x000000000002dd8c
                0x0000000020003000                __data_start__ = .
 *(vtable)
 *(.data*)
 .data.advConnectableMode
                0x0000000020003000        0x1 ./advertisement.o
 *fill*         0x0000000020003001        0x3 
 .data.appUiLedSeqHighAlertReq
                0x0000000020003004        0x8 ./app_ui.o
 .data.appUiLedSeqLowAlertReq
                0x000000002000300c        0x8 ./app_ui.o
 .data.appUiLedSeqHighAlert
                0x0000000020003014        0x8 ./app_ui.o
 .data.button0Released.9133
                0x000000002000301c        0x1 ./app_ui.o
 *fill*         0x000000002000301d        0x3 
 .data.appUiLedSeqLowAlert
                0x0000000020003020       0x20 ./app_ui.o
 .data.button1Released.9134
                0x0000000020003040        0x1 ./app_ui.o
 *fill*         0x0000000020003041        0x3 
 .data.appUiLedSeqOffReq
                0x0000000020003044        0x8 ./app_ui.o
 .data.activeReq.9129
                0x000000002000304c        0x4 ./app_ui.o
 .data.bcnBeaconAdvData
                0x0000000020003050       0x1e ./beacon.o
 *fill*         0x000000002000306e        0x2 
 .data.bg_gattdb_data_attribute_field_26_data
                0x0000000020003070        0x1 ./gatt_db.o
                0x0000000020003070                bg_gattdb_data_attribute_field_26_data
 *fill*         0x0000000020003071        0x3 
 .data.bg_gattdb_data_attribute_field_6_data
                0x0000000020003074        0x5 ./gatt_db.o
                0x0000000020003074                bg_gattdb_data_attribute_field_6_data
 *fill*         0x0000000020003079        0x3 
 .data.bg_gattdb_data_attribute_field_17_data
                0x000000002000307c        0x1 ./gatt_db.o
                0x000000002000307c                bg_gattdb_data_attribute_field_17_data
 *fill*         0x000000002000307d        0x3 
 .data.htmDateTime
                0x0000000020003080        0x8 ./htm.o
 .data.htmTempMeas
                0x0000000020003088       0x10 ./htm.o
 .data.htmClientConnection
                0x0000000020003098        0x1 ./htm.o
 *fill*         0x0000000020003099        0x3 
 .data.auxHfrcoFreq
                0x000000002000309c        0x4 ./emlib/em_cmu.o
 .data.loops_per_jiffy
                0x00000000200030a0        0x4 ./kit/BRD4100A/udelay.o
                0x00000000200030a0                loops_per_jiffy
 .data.pDisplayDeviceDriverInitFunctions
                0x00000000200030a4        0x8 ./kit_lcd/BRD4100A/display.o
 .data.pixelMatrixPool
                0x00000000200030ac        0x4 ./kit_lcd/BRD4100A/displayls013b7dh03.o
 .data          0x00000000200030b0        0x1 /Applications/Simplicity Studio.app/Contents/Eclipse/developer/sdks/gecko_sdk_suite/v1.0//protocol/bluetooth_2.3/lib/EFR32BG1P/GCC/bgapi.a(bgapi_endpoint.c.obj)
 *fill*         0x00000000200030b1        0x3 
 .data          0x00000000200030b4       0x30 /Applications/Simplicity Studio.app/Contents/Eclipse/developer/sdks/gecko_sdk_suite/v1.0//protocol/bluetooth_2.3/lib/EFR32BG1P/GCC/bgapi.a(adc.c.obj)
 *fill*         0x00000000200030e4        0x4 
 .data.impure_data
                0x00000000200030e8      0x428 /Applications/Simplicity Studio.app/Contents/Eclipse/developer/toolchains/gnu_arm/4.9_2015q3/bin/../lib/gcc/arm-none-eabi/4.9.3/../../../../arm-none-eabi/lib/armv7e-m/softfp/libc.a(lib_a-impure.o)
 .data._impure_ptr
                0x0000000020003510        0x4 /Applications/Simplicity Studio.app/Contents/Eclipse/developer/toolchains/gnu_arm/4.9_2015q3/bin/../lib/gcc/arm-none-eabi/4.9.3/../../../../arm-none-eabi/lib/armv7e-m/softfp/libc.a(lib_a-impure.o)
                0x0000000020003510                _impure_ptr
 .data.lconv    0x0000000020003514       0x38 /Applications/Simplicity Studio.app/Contents/Eclipse/developer/toolchains/gnu_arm/4.9_2015q3/bin/../lib/gcc/arm-none-eabi/4.9.3/../../../../arm-none-eabi/lib/armv7e-m/softfp/libc.a(lib_a-locale.o)
 .data.__malloc_av_
                0x000000002000354c      0x408 /Applications/Simplicity Studio.app/Contents/Eclipse/developer/toolchains/gnu_arm/4.9_2015q3/bin/../lib/gcc/arm-none-eabi/4.9.3/../../../../arm-none-eabi/lib/armv7e-m/softfp/libc.a(lib_a-mallocr.o)
                0x000000002000354c                __malloc_av_
 .data.__malloc_trim_threshold
                0x0000000020003954        0x4 /Applications/Simplicity Studio.app/Contents/Eclipse/developer/toolchains/gnu_arm/4.9_2015q3/bin/../lib/gcc/arm-none-eabi/4.9.3/../../../../arm-none-eabi/lib/armv7e-m/softfp/libc.a(lib_a-mallocr.o)
                0x0000000020003954                __malloc_trim_threshold
 .data.__malloc_sbrk_base
                0x0000000020003958        0x4 /Applications/Simplicity Studio.app/Contents/Eclipse/developer/toolchains/gnu_arm/4.9_2015q3/bin/../lib/gcc/arm-none-eabi/4.9.3/../../../../arm-none-eabi/lib/armv7e-m/softfp/libc.a(lib_a-mallocr.o)
                0x0000000020003958                __malloc_sbrk_base
                0x000000002000395c                . = ALIGN (0x4)
 *(.ram)
                0x000000002000395c                . = ALIGN (0x4)
                0x000000002000395c                PROVIDE (__preinit_array_start, .)
 *(.preinit_array)
                0x000000002000395c                PROVIDE (__preinit_array_end, .)
                0x000000002000395c                . = ALIGN (0x4)
                0x000000002000395c                PROVIDE (__init_array_start, .)
 *(SORT(.init_array.*))
 .init_array.00000
                0x000000002000395c        0x4 /Applications/Simplicity Studio.app/Contents/Eclipse/developer/toolchains/gnu_arm/4.9_2015q3/bin/../lib/gcc/arm-none-eabi/4.9.3/../../../../arm-none-eabi/lib/armv7e-m/softfp/libc.a(lib_a-__call_atexit.o)
 *(.init_array)
 .init_array    0x0000000020003960        0x4 /Applications/Simplicity Studio.app/Contents/Eclipse/developer/toolchains/gnu_arm/4.9_2015q3/bin/../lib/gcc/arm-none-eabi/4.9.3/armv7e-m/softfp/crtbegin.o
                0x0000000020003964                PROVIDE (__init_array_end, .)
                0x0000000020003964                . = ALIGN (0x4)
                0x0000000020003964                PROVIDE (__fini_array_start, .)
 *(SORT(.fini_array.*))
 *(.fini_array)
 .fini_array    0x0000000020003964        0x4 /Applications/Simplicity Studio.app/Contents/Eclipse/developer/toolchains/gnu_arm/4.9_2015q3/bin/../lib/gcc/arm-none-eabi/4.9.3/armv7e-m/softfp/crtbegin.o
                0x0000000020003968                PROVIDE (__fini_array_end, .)
 *(.jcr*)
 .jcr           0x0000000020003968        0x0 /Applications/Simplicity Studio.app/Contents/Eclipse/developer/toolchains/gnu_arm/4.9_2015q3/bin/../lib/gcc/arm-none-eabi/4.9.3/armv7e-m/softfp/crtbegin.o
 .jcr           0x0000000020003968        0x4 /Applications/Simplicity Studio.app/Contents/Eclipse/developer/toolchains/gnu_arm/4.9_2015q3/bin/../lib/gcc/arm-none-eabi/4.9.3/armv7e-m/softfp/crtend.o
                0x000000002000396c                . = ALIGN (0x4)
                0x000000002000396c                __data_end__ = .

.bss            0x000000002000396c     0x2608 load address 0x000000000002e6f8
                0x000000002000396c                . = ALIGN (0x4)
                0x000000002000396c                __bss_start__ = .
 *(.bss*)
 .bss           0x000000002000396c       0x1c /Applications/Simplicity Studio.app/Contents/Eclipse/developer/toolchains/gnu_arm/4.9_2015q3/bin/../lib/gcc/arm-none-eabi/4.9.3/armv7e-m/softfp/crtbegin.o
 .bss.advIsConnected
                0x0000000020003988        0x1 ./advertisement.o
 .bss.boot_to_dfu.9178
                0x0000000020003989        0x1 ./app.o
 *fill*         0x000000002000398a        0x2 
 .bss.alarm_count
                0x000000002000398c        0x4 ./app.o
                0x000000002000398c                alarm_count
 .bss.power_led_status
                0x0000000020003990        0x4 ./app.o
                0x0000000020003990                power_led_status
 .bss.alarm_status
                0x0000000020003994        0x4 ./app.o
                0x0000000020003994                alarm_status
 .bss.connected
                0x0000000020003998        0x4 ./app.o
                0x0000000020003998                connected
 .bss.si7013_status
                0x000000002000399c        0x1 ./app_hw.o
 .bss.pos.9128  0x000000002000399d        0x1 ./app_ui.o
 *fill*         0x000000002000399e        0x2 
 .bss.appUiLedSeqReq
                0x00000000200039a0        0x4 ./app_ui.o
 .bss.button0Time.9135
                0x00000000200039a4        0x2 ./app_ui.o
 *fill*         0x00000000200039a6        0x2 
 .bss.appUiLedSeqOff
                0x00000000200039a8        0x2 ./app_ui.o
 *fill*         0x00000000200039aa        0x2 
 .bss.appUiHeaderString
                0x00000000200039ac       0x40 ./app_ui.o
 .bss.appUiBtn  0x00000000200039ec        0x4 ./app_ui.o
 .bss.button1Time.9136
                0x00000000200039f0        0x2 ./app_ui.o
 *fill*         0x00000000200039f2        0x2 
 .bss.bg_gattdb_data_attribute_field_14_data
                0x00000000200039f4        0xd ./gatt_db.o
                0x00000000200039f4                bg_gattdb_data_attribute_field_14_data
 *fill*         0x0000000020003a01        0x3 
 .bss.bg_gattdb_data_attribute_field_2_data
                0x0000000020003a04        0x4 ./gatt_db.o
                0x0000000020003a04                bg_gattdb_data_attribute_field_2_data
 .bss.bg_gattdb_data_attribute_field_29_data
                0x0000000020003a08        0x2 ./gatt_db.o
                0x0000000020003a08                bg_gattdb_data_attribute_field_29_data
 *fill*         0x0000000020003a0a        0x2 
 .bss.bg_gattdb_data_attribute_field_20_data
                0x0000000020003a0c        0x1 ./gatt_db.o
                0x0000000020003a0c                bg_gattdb_data_attribute_field_20_data
 *fill*         0x0000000020003a0d        0x3 
 .bss.deviceHeader
                0x0000000020003a10        0x4 ./graphics.o
 .bss.glibContext
                0x0000000020003a14       0x2c ./graphics.o
 .bss.graphLineNum
                0x0000000020003a40        0x1 ./graphics.o
 *fill*         0x0000000020003a41        0x3 
 .bss.e_therm_measure_val
                0x0000000020003a44        0x4 ./htm.o
 .bss.chTable   0x0000000020003a48       0xa0 ./bgapi/dmadrv.o
 .bss.initialized
                0x0000000020003ae8        0x1 ./bgapi/dmadrv.o
 *fill*         0x0000000020003ae9        0x3 
 .bss.dmaXfer   0x0000000020003aec      0x100 ./bgapi/dmadrv.o
 .bss.i2cTransfer
                0x0000000020003bec       0x10 ./emlib/em_i2c.o
 .bss.pixelMatrixBuffer
                0x0000000020003bfc        0x4 ./glib/BRD4100A/dmd_display.o
 .bss.displayDevice
                0x0000000020003c00       0x30 ./glib/BRD4100A/dmd_display.o
 .bss.dimensions
                0x0000000020003c30        0xc ./glib/BRD4100A/dmd_display.o