Archive member included because of file (symbol)

C:/SiliconLabs/SimplicityStudio/v4/developer/sdks/gecko_sdk_suite/v1.0//protocol/bluetooth_2.3/lib/EFR32BG1P/GCC/bgapi.a(gecko_bgapi_hardware.c.obj)
                              ./main.o (gecko_bgapi_class_hardware_init)
C:/SiliconLabs/SimplicityStudio/v4/developer/sdks/gecko_sdk_suite/v1.0//protocol/bluetooth_2.3/lib/EFR32BG1P/GCC/bgapi.a(gecko_bgapi_test.c.obj)
                              ./main.o (gecko_bgapi_class_test_init)
C:/SiliconLabs/SimplicityStudio/v4/developer/sdks/gecko_sdk_suite/v1.0//protocol/bluetooth_2.3/lib/EFR32BG1P/GCC/bgapi.a(gecko_bgapi_util.c.obj)
                              ./main.o (gecko_bgapi_class_util_init)
C:/SiliconLabs/SimplicityStudio/v4/developer/sdks/gecko_sdk_suite/v1.0//protocol/bluetooth_2.3/lib/EFR32BG1P/GCC/bgapi.a(gecko_bgapi_dfu.c.obj)
                              ./main.o (gecko_bgapi_class_dfu_init)
C:/SiliconLabs/SimplicityStudio/v4/developer/sdks/gecko_sdk_suite/v1.0//protocol/bluetooth_2.3/lib/EFR32BG1P/GCC/bgapi.a(gecko_bgapi_gap.c.obj)
                              ./main.o (gecko_bgapi_class_le_gap_init)
C:/SiliconLabs/SimplicityStudio/v4/developer/sdks/gecko_sdk_suite/v1.0//protocol/bluetooth_2.3/lib/EFR32BG1P/GCC/bgapi.a(gecko_bgapi_gatt.c.obj)
                              ./main.o (gecko_bgapi_class_gatt_init)
C:/SiliconLabs/SimplicityStudio/v4/developer/sdks/gecko_sdk_suite/v1.0//protocol/bluetooth_2.3/lib/EFR32BG1P/GCC/bgapi.a(gecko_bgapi_gatt_server.c.obj)
                              ./main.o (gecko_bgapi_class_gatt_server_init)
C:/SiliconLabs/SimplicityStudio/v4/developer/sdks/gecko_sdk_suite/v1.0//protocol/bluetooth_2.3/lib/EFR32BG1P/GCC/bgapi.a(gecko_bgapi_flash.c.obj)
                              ./main.o (gecko_bgapi_class_flash_init)
C:/SiliconLabs/SimplicityStudio/v4/developer/sdks/gecko_sdk_suite/v1.0//protocol/bluetooth_2.3/lib/EFR32BG1P/GCC/bgapi.a(gecko_bgapi_sm.c.obj)
                              ./main.o (gecko_bgapi_class_sm_init)
C:/SiliconLabs/SimplicityStudio/v4/developer/sdks/gecko_sdk_suite/v1.0//protocol/bluetooth_2.3/lib/EFR32BG1P/GCC/bgapi.a(gecko_bgapi_system.c.obj)
                              ./main.o (gecko_bgapi_class_system_init)
C:/SiliconLabs/SimplicityStudio/v4/developer/sdks/gecko_sdk_suite/v1.0//protocol/bluetooth_2.3/lib/EFR32BG1P/GCC/bgapi.a(gecko_bgapi_endpoint.c.obj)
                              ./main.o (gecko_bgapi_class_endpoint_init)
C:/SiliconLabs/SimplicityStudio/v4/developer/sdks/gecko_sdk_suite/v1.0//protocol/bluetooth_2.3/lib/EFR32BG1P/GCC/bgapi.a(gecko_bgapi_le_connection.c.obj)
                              ./main.o (gecko_bgapi_class_le_connection_init)
C:/SiliconLabs/SimplicityStudio/v4/developer/sdks/gecko_sdk_suite/v1.0//protocol/bluetooth_2.3/lib/EFR32BG1P/GCC/bgapi.a(bgapi_hardware_lib.c.obj)
                              C:/SiliconLabs/SimplicityStudio/v4/developer/sdks/gecko_sdk_suite/v1.0//protocol/bluetooth_2.3/lib/EFR32BG1P/GCC/bgapi.a(gecko_bgapi_hardware.c.obj) (gecko_cmd_hardware_read_i2c)
C:/SiliconLabs/SimplicityStudio/v4/developer/sdks/gecko_sdk_suite/v1.0//protocol/bluetooth_2.3/lib/EFR32BG1P/GCC/bgapi.a(bgapi_hardware.c.obj)
                              C:/SiliconLabs/SimplicityStudio/v4/developer/sdks/gecko_sdk_suite/v1.0//protocol/bluetooth_2.3/lib/EFR32BG1P/GCC/bgapi.a(gecko_bgapi_hardware.c.obj) (lib_hardware_handler_init)
C:/SiliconLabs/SimplicityStudio/v4/developer/sdks/gecko_sdk_suite/v1.0//protocol/bluetooth_2.3/lib/EFR32BG1P/GCC/bgapi.a(bgapi_test_lib.c.obj)
                              C:/SiliconLabs/SimplicityStudio/v4/developer/sdks/gecko_sdk_suite/v1.0//protocol/bluetooth_2.3/lib/EFR32BG1P/GCC/bgapi.a(gecko_bgapi_test.c.obj) (lib_test_handler_init)
C:/SiliconLabs/SimplicityStudio/v4/developer/sdks/gecko_sdk_suite/v1.0//protocol/bluetooth_2.3/lib/EFR32BG1P/GCC/bgapi.a(bgapi_util.c.obj)
                              C:/SiliconLabs/SimplicityStudio/v4/developer/sdks/gecko_sdk_suite/v1.0//protocol/bluetooth_2.3/lib/EFR32BG1P/GCC/bgapi.a(gecko_bgapi_util.c.obj) (lib_util_handler_init)
C:/SiliconLabs/SimplicityStudio/v4/developer/sdks/gecko_sdk_suite/v1.0//protocol/bluetooth_2.3/lib/EFR32BG1P/GCC/bgapi.a(bgapi_dfu.c.obj)
                              C:/SiliconLabs/SimplicityStudio/v4/developer/sdks/gecko_sdk_suite/v1.0//protocol/bluetooth_2.3/lib/EFR32BG1P/GCC/bgapi.a(gecko_bgapi_dfu.c.obj) (lib_dfu_handler_init)
C:/SiliconLabs/SimplicityStudio/v4/developer/sdks/gecko_sdk_suite/v1.0//protocol/bluetooth_2.3/lib/EFR32BG1P/GCC/bgapi.a(bgapi_gap.c.obj)
                              C:/SiliconLabs/SimplicityStudio/v4/developer/sdks/gecko_sdk_suite/v1.0//protocol/bluetooth_2.3/lib/EFR32BG1P/GCC/bgapi.a(gecko_bgapi_gap.c.obj) (lib_le_gap_handler_init)
C:/SiliconLabs/SimplicityStudio/v4/developer/sdks/gecko_sdk_suite/v1.0//protocol/bluetooth_2.3/lib/EFR32BG1P/GCC/bgapi.a(bgapi_gatt_lib.c.obj)
[...]
Memory Configuration

Name             Origin             Length             Attributes
FLASH            0x00000000         0x0003f000         xr
RAM              0x20003000         0x00004bfc         xrw
*default*        0x00000000         0xffffffff

Linker script and memory map

LOAD c:/siliconlabs/simplicitystudio/v4/developer/toolchains/gnu_arm/4.9_2015q3/bin/../lib/gcc/arm-none-eabi/4.9.3/armv7e-m/softfp/crti.o
LOAD c:/siliconlabs/simplicitystudio/v4/developer/toolchains/gnu_arm/4.9_2015q3/bin/../lib/gcc/arm-none-eabi/4.9.3/armv7e-m/softfp/crtbegin.o
LOAD c:/siliconlabs/simplicitystudio/v4/developer/toolchains/gnu_arm/4.9_2015q3/bin/../lib/gcc/arm-none-eabi/4.9.3/../../../../arm-none-eabi/lib/armv7e-m/softfp/crt0.o
LOAD ./advertisement.o
LOAD ./app.o
LOAD ./app_hw.o
LOAD ./app_ui.o
LOAD ./application_properties.o
LOAD ./beacon.o
LOAD ./ble-callback-stubs.o
LOAD ./ble-callbacks.o
LOAD ./gatt_db.o
LOAD ./graphics.o
LOAD ./htm.o
LOAD ./ia.o
LOAD ./main.o
LOAD ./bgapi/dmadrv.o
LOAD ./bgapi/em_adc.o
LOAD ./bgapi/em_ldma.o
LOAD ./bgapi/em_leuart.o
LOAD ./device/EFR32_B_1_1_P/gcc/startup_efr32bg1p.o
LOAD ./emlib/em_cmu.o
LOAD ./emlib/em_cryotimer.o
LOAD ./emlib/em_gpio.o
LOAD ./emlib/em_i2c.o
LOAD ./emlib/em_msc.o
LOAD ./emlib/em_rtcc.o
LOAD ./emlib/em_system.o
LOAD ./emlib/em_usart.o
LOAD ./glib/BRD4100A/bmp.o
LOAD ./glib/BRD4100A/dmd_display.o
LOAD ./glib/BRD4100A/glib.o
LOAD ./glib/BRD4100A/glib_bitmap.o
LOAD ./glib/BRD4100A/glib_circle.o
LOAD ./glib/BRD4100A/glib_font_narrow_6x8.o
LOAD ./glib/BRD4100A/glib_font_normal_8x8.o
LOAD ./glib/BRD4100A/glib_font_number_16x20.o
LOAD ./glib/BRD4100A/glib_line.o
LOAD ./glib/BRD4100A/glib_polygon.o
LOAD ./glib/BRD4100A/glib_rectangle.o
LOAD ./glib/BRD4100A/glib_string.o
LOAD ./kit/BRD4100A/bsp_bcc.o
LOAD ./kit/BRD4100A/bsp_stk.o
LOAD ./kit/BRD4100A/bsp_stk_leds.o
LOAD ./kit/BRD4100A/i2cspm.o
LOAD ./kit/BRD4100A/si7013.o
LOAD ./kit/BRD4100A/tempsens.o
LOAD ./kit/BRD4100A/udelay.o
LOAD ./kit_flashpwr/BRD4100A/mx25flash_spi.o
LOAD ./kit_lcd/BRD4100A/display.o
LOAD ./kit_lcd/BRD4100A/displayls013b7dh03.o
LOAD ./kit_lcd/BRD4100A/displaypalemlib.o
LOAD ./src/InitDevice.o
LOAD C:/SiliconLabs/SimplicityStudio/v4/developer/sdks/gecko_sdk_suite/v1.0//protocol/bluetooth_2.3/lib/EFR32BG1P/GCC/bgapi.a
LOAD C:/SiliconLabs/SimplicityStudio/v4/developer/sdks/gecko_sdk_suite/v1.0//protocol/bluetooth_2.3/lib/EFR32BG1P/EABI/stack.a
LOAD C:/SiliconLabs/SimplicityStudio/v4/developer/sdks/gecko_sdk_suite/v1.0//protocol/bluetooth_2.3/lib/EFR32BG1P/EABI/binstack.o
LOAD C:/SiliconLabs/SimplicityStudio/v4/developer/sdks/gecko_sdk_suite/v1.0//protocol/bluetooth_2.3/lib/EFR32BG1P/EABI/binbootloader.o
LOAD c:/siliconlabs/simplicitystudio/v4/developer/toolchains/gnu_arm/4.9_2015q3/bin/../lib/gcc/arm-none-eabi/4.9.3/../../../../arm-none-eabi/lib/armv7e-m/softfp\libm.a
START GROUP
LOAD c:/siliconlabs/simplicitystudio/v4/developer/toolchains/gnu_arm/4.9_2015q3/bin/../lib/gcc/arm-none-eabi/4.9.3/armv7e-m/softfp\libgcc.a
LOAD c:/siliconlabs/simplicitystudio/v4/developer/toolchains/gnu_arm/4.9_2015q3/bin/../lib/gcc/arm-none-eabi/4.9.3/../../../../arm-none-eabi/lib/armv7e-m/softfp\libc.a
LOAD c:/siliconlabs/simplicitystudio/v4/developer/toolchains/gnu_arm/4.9_2015q3/bin/../lib/gcc/arm-none-eabi/4.9.3/../../../../arm-none-eabi/lib/armv7e-m/softfp\libnosys.a
END GROUP
START GROUP
LOAD c:/siliconlabs/simplicitystudio/v4/developer/toolchains/gnu_arm/4.9_2015q3/bin/../lib/gcc/arm-none-eabi/4.9.3/armv7e-m/softfp\libgcc.a
LOAD c:/siliconlabs/simplicitystudio/v4/developer/toolchains/gnu_arm/4.9_2015q3/bin/../lib/gcc/arm-none-eabi/4.9.3/../../../../arm-none-eabi/lib/armv7e-m/softfp\libg.a
LOAD c:/siliconlabs/simplicitystudio/v4/developer/toolchains/gnu_arm/4.9_2015q3/bin/../lib/gcc/arm-none-eabi/4.9.3/../../../../arm-none-eabi/lib/armv7e-m/softfp\libc.a
END GROUP
LOAD c:/siliconlabs/simplicitystudio/v4/developer/toolchains/gnu_arm/4.9_2015q3/bin/../lib/gcc/arm-none-eabi/4.9.3/armv7e-m/softfp/crtend.o
LOAD c:/siliconlabs/simplicitystudio/v4/developer/toolchains/gnu_arm/4.9_2015q3/bin/../lib/gcc/arm-none-eabi/4.9.3/armv7e-m/softfp/crtn.o

.text_bootloader
                0x00000000     0x4000
 *(.binbootloader*)
 .binbootloader
                0x00000000      0x31c C:/SiliconLabs/SimplicityStudio/v4/developer/sdks/gecko_sdk_suite/v1.0//protocol/bluetooth_2.3/lib/EFR32BG1P/EABI/binbootloader.o
                0x00004000                . = ALIGN (0x4000)
 *fill*         0x0000031c     0x3ce4 

.text_stack_bin
                0x00004000    0x1d000
 *(.binstack*)
 .binstack      0x00004000    0x1cc10 C:/SiliconLabs/SimplicityStudio/v4/developer/sdks/gecko_sdk_suite/v1.0//protocol/bluetooth_2.3/lib/EFR32BG1P/EABI/binstack.o
                0x00021000                . = ALIGN (0x800)
 *fill*         0x00020c10      0x3f0 
                0x00021000                __text_start__ = .

.text_app       0x00021000     0xd31c
 *(.AAT)
 .AAT           0x00021000       0x80 ./main.o
                0x00021000                AppAddressTable
 *(.vectors)
 .vectors       0x00021080       0xc8 ./device/EFR32_B_1_1_P/gcc/startup_efr32bg1p.o
                0x00021080                __Vectors
                0x00021148                __Vectors_End = .
                0x000000c8                __Vectors_Size = (__Vectors_End - __Vectors)
                0x00021148                __end__ = .
 *(.gecko_configuration)
 *(.xo_configuration)
 *(.gatt_header)
 .gatt_header   0x00021148       0x30 ./gatt_db.o
                0x00021148                bg_gattdb_data
 *(.gatt_data)
 .gatt_data     0x00021178      0x2b9 ./gatt_db.o
                0x00021178                bg_gattdb_data_uuidtable_16_map
                0x000211a0                bg_gattdb_data_uuidtable_128_map
                0x000211c0                bg_gattdb_data_attribute_field_29
                0x000211c8                bg_gattdb_data_attribute_field_28
                0x000211d0                bg_gattdb_data_attribute_field_27
                0x000211d4                bg_gattdb_data_attribute_field_26
                0x000211dc                bg_gattdb_data_attribute_field_25
                0x000211e4                bg_gattdb_data_attribute_field_24
                0x000211e8                bg_gattdb_data_attribute_field_23
                0x000211f0                bg_gattdb_data_attribute_field_22
                0x00021208                bg_gattdb_data_attribute_field_21
                0x0002121c                bg_gattdb_data_attribute_field_20
                0x00021224                bg_gattdb_data_attribute_field_19
                0x0002122c                bg_gattdb_data_attribute_field_18
                0x00021230                bg_gattdb_data_attribute_field_17
                0x00021238                bg_gattdb_data_attribute_field_16
                0x00021240                bg_gattdb_data_attribute_field_14
                0x00021248                bg_gattdb_data_attribute_field_13
                0x00021250                bg_gattdb_data_attribute_field_12
                0x00021254                bg_gattdb_data_attribute_field_11
                0x00021264                bg_gattdb_data_attribute_field_10
                0x0002126c                bg_gattdb_data_attribute_field_9
                0x00021270                bg_gattdb_data_attribute_field_8
                0x00021274                bg_gattdb_data_attribute_field_7
                0x0002127c                bg_gattdb_data_attribute_field_6
                0x00021284                bg_gattdb_data_attribute_field_5
                0x0002128c                bg_gattdb_data_attribute_field_4
                0x00021290                bg_gattdb_data_attribute_field_2
                0x00021298                bg_gattdb_data_attribute_field_1
                0x000212a0                bg_gattdb_data_attribute_field_0
                0x000212a4                bg_gattdb_data_attributes_map
                0x00021418                bg_gattdb_data_attributes_dynamic_mapping_map
                0x00021428                bg_gattdb_data_adv_uuid16_map
                0x00021430                bg_gattdb_data_adv_uuid128_map
 *(.text*)
 *fill*         0x00021431        0x3 
 .text          0x00021434       0x5c c:/siliconlabs/simplicitystudio/v4/developer/toolchains/gnu_arm/4.9_2015q3/bin/../lib/gcc/arm-none-eabi/4.9.3/armv7e-m/softfp/crtbegin.o
 .text          0x00021490       0x74 c:/siliconlabs/simplicitystudio/v4/developer/toolchains/gnu_arm/4.9_2015q3/bin/../lib/gcc/arm-none-eabi/4.9.3/../../../../arm-none-eabi/lib/armv7e-m/softfp/crt0.o
                0x00021490                _start
                0x00021490                _mainCRTStartup
 .text.gecko_cmd_le_gap_set_mode
                0x00021504       0x58 ./advertisement.o
 .text.advSetup
                0x0002155c       0x38 ./advertisement.o
                0x0002155c                advSetup
 .text.gecko_cmd_system_reset
                0x00021594       0x40 ./app.o
 .text.gecko_cmd_system_get_bt_address
                0x000215d4       0x38 ./app.o
 .text.gecko_cmd_le_gap_open
                0x0002160c       0x64 ./app.o
 .text.gecko_cmd_le_gap_discover
                0x00021670       0x48 ./app.o
 .text.gecko_cmd_le_gap_end_procedure
                0x000216b8       0x38 ./app.o
 .text.gecko_cmd_le_gap_set_scan_parameters
                0x000216f0       0x60 ./app.o
 .text.gecko_cmd_gatt_discover_primary_services_by_uuid
                0x00021750       0x8c ./app.o
 .text.gecko_cmd_gatt_discover_characteristics_by_uuid
                0x000217dc       0x98 ./app.o
 .text.gecko_cmd_gatt_read_characteristic_value_by_uuid
                0x00021874       0x98 ./app.o
 .text.gecko_cmd_gatt_server_write_attribute_value
                0x0002190c       0x98 ./app.o
 .text.gecko_cmd_gatt_server_send_user_write_response
                0x000219a4       0x64 ./app.o
 .text.gecko_cmd_endpoint_close
                0x00021a08       0x48 ./app.o
 .text.appInit  0x00021a50       0x40 ./app.o
                0x00021a50                appInit
 .text.appHandleEvents
                0x00021a90      0x340 ./app.o
                0x00021a90                appHandleEvents
 .text.gecko_cmd_hardware_set_soft_timer
                0x00021dd0       0x60 ./app_ui.o
 .text.BUS_RegBitRead
                0x00021e30       0x2c ./app_ui.o
 .text.GPIO_PinInGet
                0x00021e5c       0x54 ./app_ui.o
 .text.appUiLedOff
                0x00021eb0       0x1c ./app_ui.o
                0x00021eb0                appUiLedOff
 .text.appUiTick
                0x00021ecc       0x1c ./app_ui.o
                0x00021ecc                appUiTick
 .text.appUiWriteString
                0x00021ee8       0x14 ./app_ui.o
                0x00021ee8                appUiWriteString
 .text.appUiLedTimerCback
                0x00021efc       0xb4 ./app_ui.o
 .text.appUiButtonTimerCallback
                0x00021fb0      0x110 ./app_ui.o
 .text.appUiPushButtonsGet
                0x000220c0       0x4c ./app_ui.o
 .text.appUiBtnSendEvent
                0x0002210c       0x1c ./app_ui.o
 .text.gecko_cmd_le_gap_set_mode
                0x00022128       0x58 ./beacon.o
 .text.gecko_cmd_le_gap_set_adv_data
                0x00022180       0x8c ./beacon.o
 .text.bcnSetupAdvBeaconing
                0x0002220c       0x38 ./beacon.o
                0x0002220c                bcnSetupAdvBeaconing
 .text.graphWriteString
                0x00022244       0x40 ./graphics.o
                0x00022244                graphWriteString
 .text.graphPrintCenter
                0x00022284       0xc0 ./graphics.o
 .text.gecko_init
                0x00022344       0x44 ./main.o
 .text.Clock_SetUp
                0x00022388       0x40 ./main.o
                0x00022388                Clock_SetUp
 .text.main     0x000223c8       0x38 ./main.o
                0x000223c8                main
 .text.DMADRV_AllocateChannel
                0x00022400       0xb4 ./bgapi/dmadrv.o
                0x00022400                DMADRV_AllocateChannel
 .text.DMADRV_Init
                0x000224b4       0x84 ./bgapi/dmadrv.o
                0x000224b4                DMADRV_Init
 .text.DMADRV_MemoryPeripheral
                0x00022538       0x44 ./bgapi/dmadrv.o
                0x00022538                DMADRV_MemoryPeripheral
 .text.DMADRV_PeripheralMemory
                0x0002257c       0x44 ./bgapi/dmadrv.o
                0x0002257c                DMADRV_PeripheralMemory
 .text.DMADRV_StopTransfer
                0x000225c0       0x6c ./bgapi/dmadrv.o
                0x000225c0                DMADRV_StopTransfer
 .text.DMADRV_TransferRemainingCount
                0x0002262c       0x7c ./bgapi/dmadrv.o
                0x0002262c                DMADRV_TransferRemainingCount
 .text.LDMA_IRQHandler
                0x000226a8       0xe0 ./bgapi/dmadrv.o
                0x000226a8                LDMA_IRQHandler
 .text.StartTransfer
                0x00022788      0x250 ./bgapi/dmadrv.o
 .text.ADC_IntClear
                0x000229d8       0x1c ./bgapi/em_adc.o
 .text.BUS_RegBitWrite
                0x000229f4       0x2c ./bgapi/em_adc.o
 .text.BUS_RegMaskedSet
                0x00022a20       0x24 ./bgapi/em_adc.o
 .text.BUS_RegMaskedClear
                0x00022a44       0x24 ./bgapi/em_adc.o
 .text.BUS_RegMaskedWrite
                0x00022a68       0x24 ./bgapi/em_adc.o
 .text.ADC_LoadDevinfoCal
                0x00022a8c      0x190 ./bgapi/em_adc.o
 .text.ADC_Init
                0x00022c1c       0x90 ./bgapi/em_adc.o
                0x00022c1c                ADC_Init
 .text.ADC_InitSingle
                0x00022cac      0x150 ./bgapi/em_adc.o
                0x00022cac                ADC_InitSingle
 .text.ADC_PrescaleCalc
                0x00022dfc       0x64 ./bgapi/em_adc.o
                0x00022dfc                ADC_PrescaleCalc
 .text.NVIC_EnableIRQ
                0x00022e60       0x2c ./bgapi/em_ldma.o
 .text.NVIC_ClearPendingIRQ
                0x00022e8c       0x30 ./bgapi/em_ldma.o
 .text.NVIC_SetPriority
                0x00022ebc       0x4c ./bgapi/em_ldma.o
 .text.BUS_RegMaskedClear
                0x00022f08       0x24 ./bgapi/em_ldma.o
 .text.LDMA_Init
                0x00022f2c       0x70 ./bgapi/em_ldma.o
                0x00022f2c                LDMA_Init
 .text.LDMA_StartTransfer
                0x00022f9c      0x150 ./bgapi/em_ldma.o
                0x00022f9c                LDMA_StartTransfer
 .text.LDMA_StopTransfer
                0x000230ec       0x44 ./bgapi/em_ldma.o
                0x000230ec                LDMA_StopTransfer
 .text.LDMA_TransferRemainingCount
                0x00023130       0x80 ./bgapi/em_ldma.o
                0x00023130                LDMA_TransferRemainingCount
 .text.LEUART_Sync
                0x000231b0       0x30 ./bgapi/em_leuart.o
 .text.LEUART_BaudrateSet
                0x000231e0       0x6c ./bgapi/em_leuart.o
                0x000231e0                LEUART_BaudrateSet
 .text.LEUART_Enable
                0x0002324c       0x3c ./bgapi/em_leuart.o
                0x0002324c                LEUART_Enable
 .text.LEUART_FreezeEnable
                0x00023288       0x34 ./bgapi/em_leuart.o
                0x00023288                LEUART_FreezeEnable
 .text.LEUART_Init
                0x000232bc       0x68 ./bgapi/em_leuart.o
                0x000232bc                LEUART_Init
 .text.Reset_Handler
                0x00023324       0x38 ./device/EFR32_B_1_1_P/gcc/startup_efr32bg1p.o
                0x00023324                Reset_Handler
 .text.Default_Handler
                0x0002335c        0x8 ./device/EFR32_B_1_1_P/gcc/startup_efr32bg1p.o
                0x0002335c                DebugMon_Handler
                0x0002335c                USART0_TX_IRQHandler
                0x0002335c                I2C0_IRQHandler
                0x0002335c                HardFault_Handler
                0x0002335c                SysTick_Handler
                0x0002335c                USART1_RX_IRQHandler
                0x0002335c                PendSV_Handler
                0x0002335c                NMI_Handler
                0x0002335c                SYNTH_IRQHandler
                0x0002335c                WDOG0_IRQHandler
                0x0002335c                USART1_TX_IRQHandler
                0x0002335c                MSC_IRQHandler
                0x0002335c                ADC0_IRQHandler
                0x0002335c                UsageFault_Handler
                0x0002335c                LEUART0_IRQHandler
                0x0002335c                FPUEH_IRQHandler
                0x0002335c                GPIO_EVEN_IRQHandler
                0x0002335c                TIMER0_IRQHandler
                0x0002335c                LETIMER0_IRQHandler
                0x0002335c                TIMER1_IRQHandler
                0x0002335c                RFSENSE_IRQHandler
                0x0002335c                BUFC_IRQHandler
                0x0002335c                MODEM_IRQHandler
                0x0002335c                Default_Handler
                0x0002335c                RAC_SEQ_IRQHandler
                0x0002335c                FRC_PRI_IRQHandler
                0x0002335c                FRC_IRQHandler
                0x0002335c                CRYOTIMER_IRQHandler
                0x0002335c                PCNT0_IRQHandler
                0x0002335c                AGC_IRQHandler
                0x0002335c                ACMP0_IRQHandler
                0x0002335c                USART0_RX_IRQHandler
                0x0002335c                MemManage_Handler
                0x0002335c                SVC_Handler
                0x0002335c                RTCC_IRQHandler
                0x0002335c                CRYPTO_IRQHandler
                0x0002335c                CMU_IRQHandler
                0x0002335c                RAC_RSM_IRQHandler
                0x0002335c                GPIO_ODD_IRQHandler
                0x0002335c                PROTIMER_IRQHandler
                0x0002335c                BusFault_Handler
                0x0002335c                IDAC0_IRQHandler
 .text.BUS_RegBitWrite
                0x00023364       0x2c ./emlib/em_cmu.o
 .text.BUS_RegBitRead
                0x00023390       0x2c ./emlib/em_cmu.o
 .text.BUS_RegMaskedSet
                0x000233bc       0x24 ./emlib/em_cmu.o
 .text.BUS_RegMaskedClear
                0x000233e0       0x24 ./emlib/em_cmu.o
 .text.BUS_RegMaskedWrite
                0x00023404       0x24 ./emlib/em_cmu.o
 .text.BUS_RegMaskedRead
                0x00023428       0x20 ./emlib/em_cmu.o
 .text.CMU_Log2ToDiv
                0x00023448       0x1c ./emlib/em_cmu.o
 .text.setHfLeConfig
                0x00023464       0x3c ./emlib/em_cmu.o
 .text.getHfLeConfig
                0x000234a0       0x2c ./emlib/em_cmu.o
 .text.auxClkGet
                0x000234cc       0x20 ./emlib/em_cmu.o
 .text.dbgClkGet
                0x000234ec       0x3c ./emlib/em_cmu.o
 .text.flashWaitStateControl
                0x00023528       0x78 ./emlib/em_cmu.o
 .text.flashWaitStateMax
                0x000235a0       0x14 ./emlib/em_cmu.o
 .text.getRegIshUpperVal
                0x000235b4       0x38 ./emlib/em_cmu.o
 .text.lfClkGet
                0x000235ec       0xe8 ./emlib/em_cmu.o
 .text.syncReg  0x000236d4       0x38 ./emlib/em_cmu.o
 .text.CMU_ClockEnable
                0x0002370c       0xcc ./emlib/em_cmu.o
                0x0002370c                CMU_ClockEnable
 .text.CMU_ClockFreqGet
                0x000237d8      0x188 ./emlib/em_cmu.o
                0x000237d8                CMU_ClockFreqGet
 .text.CMU_ClockSelectGet
                0x00023960      0x14c ./emlib/em_cmu.o
                0x00023960                CMU_ClockSelectGet
 .text.CMU_ClockSelectSet
                0x00023aac      0x1c4 ./emlib/em_cmu.o
                0x00023aac                CMU_ClockSelectSet
 .text.CMU_HFXOInit
                0x00023c70      0x110 ./emlib/em_cmu.o
                0x00023c70                CMU_HFXOInit
 .text.CMU_LFXOInit
                0x00023d80       0x50 ./emlib/em_cmu.o
                0x00023d80                CMU_LFXOInit
 .text.CMU_OscillatorEnable
                0x00023dd0      0x180 ./emlib/em_cmu.o
                0x00023dd0                CMU_OscillatorEnable
 .text.CMU_OscillatorTuningGet
                0x00023f50       0x74 ./emlib/em_cmu.o
                0x00023f50                CMU_OscillatorTuningGet
 .text.CMU_OscillatorTuningSet
                0x00023fc4       0xfc ./emlib/em_cmu.o
                0x00023fc4                CMU_OscillatorTuningSet
 .text.CMU_OscillatorTuningWait
                0x000240c0       0x8c ./emlib/em_cmu.o
                0x000240c0                CMU_OscillatorTuningWait
 .text.CMU_OscillatorTuningOptimize
                0x0002414c       0x4c ./emlib/em_cmu.o
                0x0002414c                CMU_OscillatorTuningOptimize
 .text.BUS_RegBitWrite
                0x00024198       0x2c ./emlib/em_gpio.o
 .text.GPIO_PinOutClear
                0x000241c4       0x50 ./emlib/em_gpio.o
 .text.GPIO_PinOutSet
                0x00024214       0x50 ./emlib/em_gpio.o
 .text.GPIO_PinModeSet
                0x00024264      0x108 ./emlib/em_gpio.o
                0x00024264                GPIO_PinModeSet
 .text.BUS_RegBitWrite
                0x0002436c       0x2c ./emlib/em_i2c.o
 .text.BUS_RegMaskedSet
                0x00024398       0x24 ./emlib/em_i2c.o
 .text.BUS_RegMaskedClear
                0x000243bc       0x24 ./emlib/em_i2c.o
 .text.BUS_RegMaskedWrite
                0x000243e0       0x24 ./emlib/em_i2c.o
 .text.I2C_BusFreqSet
                0x00024404       0xfc ./emlib/em_i2c.o
                0x00024404                I2C_BusFreqSet
 .text.I2C_Init
                0x00024500       0x5c ./emlib/em_i2c.o
                0x00024500                I2C_Init
 .text.RTCC_Init
                0x0002455c       0x60 ./emlib/em_rtcc.o
                0x0002455c                RTCC_Init
 .text.SYSTEM_ChipRevisionGet
                0x000245bc       0x74 ./emlib/em_system.o
                0x000245bc                SYSTEM_ChipRevisionGet
 .text.BUS_RegMaskedSet
                0x00024630       0x24 ./emlib/em_usart.o
 .text.BUS_RegMaskedClear
                0x00024654       0x24 ./emlib/em_usart.o
 .text.BUS_RegMaskedWrite
                0x00024678       0x24 ./emlib/em_usart.o
 .text.USART_BaudrateAsyncSet
                0x0002469c       0xb0 ./emlib/em_usart.o
                0x0002469c                USART_BaudrateAsyncSet
 .text.USART_BaudrateCalc
                0x0002474c      0x11c ./emlib/em_usart.o
                0x0002474c                USART_BaudrateCalc
 .text.USART_BaudrateGet
                0x00024868       0x50 ./emlib/em_usart.o
                0x00024868                USART_BaudrateGet
 .text.USART_BaudrateSyncSet
                0x000248b8       0x54 ./emlib/em_usart.o
                0x000248b8                USART_BaudrateSyncSet
 .text.USART_Enable
                0x0002490c       0x4c ./emlib/em_usart.o
                0x0002490c                USART_Enable
 .text.USART_InitAsync
                0x00024958       0xbc ./emlib/em_usart.o
                0x00024958                USART_InitAsync
 .text.USART_InitSync
                0x00024a14       0xec ./emlib/em_usart.o
                0x00024a14                USART_InitSync
 .text.USART_Reset
                0x00024b00       0x94 ./emlib/em_usart.o
                0x00024b00                USART_Reset
 .text.USART_SpiTransfer
                0x00024b94       0x40 ./emlib/em_usart.o
                0x00024b94                USART_SpiTransfer
 .text.DMD_setClippingArea
                0x00024bd4       0x8c ./glib/BRD4100A/dmd_display.o
                0x00024bd4                DMD_setClippingArea
 .text.DMD_writeColor
                0x00024c60      0x2a0 ./glib/BRD4100A/dmd_display.o
                0x00024c60                DMD_writeColor
 .text.DMD_updateDisplay
                0x00024f00      0x114 ./glib/BRD4100A/dmd_display.o
                0x00024f00                DMD_updateDisplay
 .text.GLIB_colorTranslate24bppInl
                0x00025014       0x34 ./glib/BRD4100A/glib.o
 .text.GLIB_clear
                0x00025048       0x70 ./glib/BRD4100A/glib.o
                0x00025048                GLIB_clear
 .text.GLIB_resetDisplayClippingArea
                0x000250b8       0x30 ./glib/BRD4100A/glib.o
                0x000250b8                GLIB_resetDisplayClippingArea
 .text.GLIB_colorTranslate24bpp
                0x000250e8       0x20 ./glib/BRD4100A/glib.o
                0x000250e8                GLIB_colorTranslate24bpp
 .text.GLIB_drawPixel
                0x00025108       0x6c ./glib/BRD4100A/glib.o
                0x00025108                GLIB_drawPixel
 .text.GLIB_drawPixelColor
                0x00025174       0x6c ./glib/BRD4100A/glib.o
                0x00025174                GLIB_drawPixelColor
 .text.GLIB_rectContainsPoint
                0x000251e0       0x4c ./glib/BRD4100A/glib_rectangle.o
                0x000251e0                GLIB_rectContainsPoint
 .text.GLIB_drawChar
                0x0002522c      0x1d4 ./glib/BRD4100A/glib_string.o
                0x0002522c                GLIB_drawChar
 .text.GLIB_drawString
                0x00025400       0xd0 ./glib/BRD4100A/glib_string.o
                0x00025400                GLIB_drawString
 .text.BUS_RegBitWrite
                0x000254d0       0x2c ./kit/BRD4100A/bsp_stk_leds.o
 .text.GPIO_PinOutClear
                0x000254fc       0x50 ./kit/BRD4100A/bsp_stk_leds.o
 .text.GPIO_PinOutSet
                0x0002554c       0x50 ./kit/BRD4100A/bsp_stk_leds.o
 .text.BSP_LedClear
                0x0002559c       0x44 ./kit/BRD4100A/bsp_stk_leds.o
                0x0002559c                BSP_LedClear
 .text.BSP_LedSet
                0x000255e0       0x44 ./kit/BRD4100A/bsp_stk_leds.o
                0x000255e0                BSP_LedSet
 .text.BUS_RegBitWrite
                0x00025624       0x2c ./kit_flashpwr/BRD4100A/mx25flash_spi.o
 .text.GPIO_PinOutClear
                0x00025650       0x50 ./kit_flashpwr/BRD4100A/mx25flash_spi.o
 .text.GPIO_PinOutSet
                0x000256a0       0x50 ./kit_flashpwr/BRD4100A/mx25flash_spi.o
 .text.MX25_init
                0x000256f0       0x98 ./kit_flashpwr/BRD4100A/mx25flash_spi.o
                0x000256f0                MX25_init
 .text.Wait_Flash_WarmUp
                0x00025788       0x24 ./kit_flashpwr/BRD4100A/mx25flash_spi.o
                0x00025788                Wait_Flash_WarmUp
 .text.Initial_Spi
                0x000257ac        0xc ./kit_flashpwr/BRD4100A/mx25flash_spi.o
                0x000257ac                Initial_Spi
 .text.CS_Low   0x000257b8       0x10 ./kit_flashpwr/BRD4100A/mx25flash_spi.o
                0x000257b8                CS_Low
 .text.CS_High  0x000257c8       0x10 ./kit_flashpwr/BRD4100A/mx25flash_spi.o
                0x000257c8                CS_High
 .text.SendByte
                0x000257d8       0x3c ./kit_flashpwr/BRD4100A/mx25flash_spi.o
                0x000257d8                SendByte
 .text.MX25_DP  0x00025814       0x1c ./kit_flashpwr/BRD4100A/mx25flash_spi.o
                0x00025814                MX25_DP
 .text.SYSTEM_GetProdRev
                0x00025830       0x1c ./src/InitDevice.o
 .text.CHIP_Init
                0x0002584c       0xa8 ./src/InitDevice.o
 .text.enter_DefaultMode_from_RESET
                0x000258f4       0x30 ./src/InitDevice.o
                0x000258f4                enter_DefaultMode_from_RESET
 .text.EMU_enter_DefaultMode_from_RESET
                0x00025924       0x4c ./src/InitDevice.o
                0x00025924                EMU_enter_DefaultMode_from_RESET
 .text.LFXO_enter_DefaultMode_from_RESET
                0x00025970        0xc ./src/InitDevice.o
                0x00025970                LFXO_enter_DefaultMode_from_RESET
 .text.CMU_enter_DefaultMode_from_RESET
                0x0002597c      0x138 ./src/InitDevice.o
                0x0002597c                CMU_enter_DefaultMode_from_RESET
 .text.RTCC_enter_DefaultMode_from_RESET
                0x00025ab4       0x4c ./src/InitDevice.o
                0x00025ab4                RTCC_enter_DefaultMode_from_RESET
 .text.I2C0_enter_DefaultMode_from_RESET
                0x00025b00       0x74 ./src/InitDevice.o
                0x00025b00                I2C0_enter_DefaultMode_from_RESET
 .text.GPCRC_enter_DefaultMode_from_RESET
                0x00025b74        0xc ./src/InitDevice.o
                0x00025b74                GPCRC_enter_DefaultMode_from_RESET
 .text.LDMA_enter_DefaultMode_from_RESET
                0x00025b80        0xc ./src/InitDevice.o
                0x00025b80                LDMA_enter_DefaultMode_from_RESET
 .text.PRS_enter_DefaultMode_from_RESET
                0x00025b8c       0x20 ./src/InitDevice.o
                0x00025b8c                PRS_enter_DefaultMode_from_RESET
 .text.PORTIO_enter_DefaultMode_from_RESET
                0x00025bac       0x5c ./src/InitDevice.o
                0x00025bac                PORTIO_enter_DefaultMode_from_RESET
 .text          0x00025c08       0x60 C:/SiliconLabs/SimplicityStudio/v4/developer/sdks/gecko_sdk_suite/v1.0//protocol/bluetooth_2.3/lib/EFR32BG1P/GCC/bgapi.a(gecko_bgapi_hardware.c.obj)
                0x00025c50                gecko_bgapi_class_hardware_init
 .text          0x00025c68       0x60 C:/SiliconLabs/SimplicityStudio/v4/developer/sdks/gecko_sdk_suite/v1.0//protocol/bluetooth_2.3/lib/EFR32BG1P/GCC/bgapi.a(gecko_bgapi_test.c.obj)
                0x00025cb0                gecko_bgapi_class_test_init
 .text          0x00025cc8       0x60 C:/SiliconLabs/SimplicityStudio/v4/developer/sdks/gecko_sdk_suite/v1.0//protocol/bluetooth_2.3/lib/EFR32BG1P/GCC/bgapi.a(gecko_bgapi_util.c.obj)
                0x00025d10                gecko_bgapi_class_util_init
 .text          0x00025d28       0x60 C:/SiliconLabs/SimplicityStudio/v4/developer/sdks/gecko_sdk_suite/v1.0//protocol/bluetooth_2.3/lib/EFR32BG1P/GCC/bgapi.a(gecko_bgapi_dfu.c.obj)
                0x00025d70                gecko_bgapi_class_dfu_init
 .text          0x00025d88       0x60 C:/SiliconLabs/SimplicityStudio/v4/developer/sdks/gecko_sdk_suite/v1.0//protocol/bluetooth_2.3/lib/EFR32BG1P/GCC/bgapi.a(gecko_bgapi_gap.c.obj)
                0x00025dd0                gecko_bgapi_class_le_gap_init
 .text          0x00025de8       0x60 C:/SiliconLabs/SimplicityStudio/v4/developer/sdks/gecko_sdk_suite/v1.0//protocol/bluetooth_2.3/lib/EFR32BG1P/GCC/bgapi.a(gecko_bgapi_gatt.c.obj)
                0x00025e30                gecko_bgapi_class_gatt_init
 .text          0x00025e48       0x60 C:/SiliconLabs/SimplicityStudio/v4/developer/sdks/gecko_sdk_suite/v1.0//protocol/bluetooth_2.3/lib/EFR32BG1P/GCC/bgapi.a(gecko_bgapi_gatt_server.c.obj)
                0x00025e90                gecko_bgapi_class_gatt_server_init
 .text          0x00025ea8       0x60 C:/SiliconLabs/SimplicityStudio/v4/developer/sdks/gecko_sdk_suite/v1.0//protocol/bluetooth_2.3/lib/EFR32BG1P/GCC/bgapi.a(gecko_bgapi_flash.c.obj)
                0x00025ef0                gecko_bgapi_class_flash_init
 .text          0x00025f08       0x60 C:/SiliconLabs/SimplicityStudio/v4/developer/sdks/gecko_sdk_suite/v1.0//protocol/bluetooth_2.3/lib/EFR32BG1P/GCC/bgapi.a(gecko_bgapi_sm.c.obj)
                0x00025f50                gecko_bgapi_class_sm_init
 .text          0x00025f68       0x60 C:/SiliconLabs/SimplicityStudio/v4/developer/sdks/gecko_sdk_suite/v1.0//protocol/bluetooth_2.3/lib/EFR32BG1P/GCC/bgapi.a(gecko_bgapi_system.c.obj)
                0x00025fb0                gecko_bgapi_class_system_init
 .text          0x00025fc8       0x60 C:/SiliconLabs/SimplicityStudio/v4/developer/sdks/gecko_sdk_suite/v1.0//protocol/bluetooth_2.3/lib/EFR32BG1P/GCC/bgapi.a(gecko_bgapi_endpoint.c.obj)
                0x00026010                gecko_bgapi_class_endpoint_init
 .text          0x00026028       0x60 C:/SiliconLabs/SimplicityStudio/v4/developer/sdks/gecko_sdk_suite/v1.0//protocol/bluetooth_2.3/lib/EFR32BG1P/GCC/bgapi.a(gecko_bgapi_le_connection.c.obj)
                0x00026070                gecko_bgapi_class_le_connection_init
 .text          0x00026088      0x388 C:/SiliconLabs/SimplicityStudio/v4/developer/sdks/gecko_sdk_suite/v1.0//protocol/bluetooth_2.3/lib/EFR32BG1P/GCC/bgapi.a(bgapi_hardware_lib.c.obj)
                0x00026088                gecko_cmd_hardware_read_i2c
                0x000260f0                gecko_cmd_hardware_write_i2c
                0x00026134                gecko_cmd_hardware_stop_i2c
                0x0002616c                gecko_cmd_hardware_read_adc
                0x000261ac                gecko_cmd_hardware_read_adc_channel
                0x000261dc                gecko_cmd_hardware_config_adc_reference
                0x00026208                gecko_cmd_hardware_configure_gpio
                0x0002623c                gecko_cmd_hardware_write_gpio
                0x000262a0                gecko_cmd_hardware_read_gpio
                0x00026300                gecko_cmd_hardware_set_uart_configuration
                0x00026378                clock_outputs_init
                0x000263c0                bgapi_hardware_init
 .text          0x00026410      0x1d0 C:/SiliconLabs/SimplicityStudio/v4/developer/sdks/gecko_sdk_suite/v1.0//protocol/bluetooth_2.3/lib/EFR32BG1P/GCC/bgapi.a(bgapi_hardware.c.obj)
                0x00026410                soft_timer_comparison
                0x000264a4                bgapi_hardware_soft_timer_listener
                0x000264e4                lib_hardware_handler_init
                0x000264f8                gecko_cmd_hardware_set_soft_timer
                0x00026538                gecko_cmd_hardware_set_lazy_soft_timer
                0x00026578                gecko_cmd_hardware_get_time
                0x000265ac                gecko_cmd_hardware_enable_dcdc
 .text          0x000265e0      0x200 C:/SiliconLabs/SimplicityStudio/v4/developer/sdks/gecko_sdk_suite/v1.0//protocol/bluetooth_2.3/lib/EFR32BG1P/GCC/bgapi.a(bgapi_test_lib.c.obj)
                0x000265e0                lib_test_handler_init
                0x000265e2                disable_interrupts
                0x00026606                gecko_cmd_test_dtm_tx
                0x00026638                gecko_cmd_test_dtm_rx
                0x00026668                gecko_cmd_test_dtm_end
                0x00026694                gecko_cmd_test_debug_command
                0x00026764                gecko_cmd_test_debug_counter
 .text          0x000267e0      0x158 C:/SiliconLabs/SimplicityStudio/v4/developer/sdks/gecko_sdk_suite/v1.0//protocol/bluetooth_2.3/lib/EFR32BG1P/GCC/bgapi.a(bgapi_util.c.obj)
                0x00026818                lib_util_handler_init
                0x0002681a                gecko_cmd_util_atoi
                0x00026870                gecko_cmd_util_itoa
 .text          0x00026938       0x8c C:/SiliconLabs/SimplicityStudio/v4/developer/sdks/gecko_sdk_suite/v1.0//protocol/bluetooth_2.3/lib/EFR32BG1P/GCC/bgapi.a(bgapi_dfu.c.obj)
                0x00026938                lib_dfu_handler_init
                0x0002693a                gecko_cmd_dfu_reset
                0x00026940                gecko_cmd_dfu_flash_set_address
                0x0002696c                gecko_cmd_dfu_flash_upload
                0x00026998                gecko_cmd_dfu_flash_upload_finish
 .text          0x000269c4      0x308 C:/SiliconLabs/SimplicityStudio/v4/developer/sdks/gecko_sdk_suite/v1.0//protocol/bluetooth_2.3/lib/EFR32BG1P/GCC/bgapi.a(bgapi_gap.c.obj)
                0x000269c4                lib_le_gap_handler_init
                0x000269c6                gecko_cmd_le_gap_set_mode
                0x00026a0c                gecko_cmd_le_gap_bt5_set_mode
                0x00026a4c                gecko_cmd_le_gap_set_adv_data
                0x00026a80                gecko_cmd_le_gap_bt5_set_adv_data
                0x00026ab4                gecko_cmd_le_gap_set_adv_timeout
                0x00026b08                gecko_cmd_le_gap_open
                0x00026b70                gecko_cmd_le_gap_discover
                0x00026b9c                gecko_cmd_le_gap_end_procedure
                0x00026bc8                gecko_cmd_le_gap_set_adv_parameters
                0x00026bfc                gecko_cmd_le_gap_bt5_set_adv_parameters
                0x00026c38                gecko_cmd_le_gap_set_scan_parameters
                0x00026c68                gecko_cmd_le_gap_set_conn_parameters
                0x00026ca0                gecko_cmd_le_gap_set_phy
 .text          0x00026ccc      0x644 C:/SiliconLabs/SimplicityStudio/v4/developer/sdks/gecko_sdk_suite/v1.0//protocol/bluetooth_2.3/lib/EFR32BG1P/GCC/bgapi.a(bgapi_gatt_lib.c.obj)
                0x00026ccc                lib_gatt_handler_init
                0x00026cce                lib_gatt_server_handler_init
                0x00026cd0                gecko_cmd_gatt_set_max_mtu
                0x00026d0c                gecko_cmd_gatt_discover_primary_services
                0x00026d3c                gecko_cmd_gatt_discover_primary_services_by_uuid
                0x00026d78                gecko_cmd_gatt_find_included_services
                0x00026dac                gecko_cmd_gatt_discover_characteristics
                0x00026de0                gecko_cmd_gatt_discover_characteristics_by_uuid
                0x00026e20                gecko_cmd_gatt_read_characteristic_value
                0x00026e58                gecko_cmd_gatt_read_characteristic_value_from_offset
                0x00026e94                gecko_cmd_gatt_read_characteristic_value_by_uuid
                0x00026ed4                gecko_cmd_gatt_read_multiple_characteristic_values
                0x00026f08                gecko_cmd_gatt_write_characteristic_value
                0x00026f40                gecko_cmd_gatt_write_characteristic_value_without_response
                0x00026f84                gecko_cmd_gatt_prepare_characteristic_value_write
                0x00026fd4                gecko_cmd_gatt_execute_characteristic_value_write
                0x00027008                gecko_cmd_gatt_set_characteristic_notification
                0x00027040                gecko_cmd_gatt_discover_descriptors
                0x00027074                gecko_cmd_gatt_read_descriptor_value
                0x000270a8                gecko_cmd_gatt_write_descriptor_value
                0x000270e0                gecko_cmd_gatt_server_read_attribute_value
                0x00027128                gecko_cmd_gatt_server_read_attribute_type
                0x0002716c                gecko_cmd_gatt_server_find_attribute
                0x000271a8                gecko_cmd_gatt_server_write_attribute_value
                0x000271dc                gecko_cmd_gatt_server_send_user_read_response
                0x0002722c                gecko_cmd_gatt_server_send_user_write_response
                0x00027264                gecko_cmd_gatt_server_send_characteristic_notification
                0x000272b0                gecko_cmd_gatt_send_characteristic_confirmation
                0x000272e0                gecko_cmd_gatt_server_set_database
 .text          0x00027310      0x17c C:/SiliconLabs/SimplicityStudio/v4/developer/sdks/gecko_sdk_suite/v1.0//protocol/bluetooth_2.3/lib/EFR32BG1P/GCC/bgapi.a(bgapi_ps.c.obj)
                0x00027310                lib_flash_handler_init
                0x00027312                gecko_cmd_flash_ps_dump
                0x000273a8                gecko_cmd_flash_ps_erase_all
                0x000273d8                gecko_cmd_flash_ps_save
                0x00027414                gecko_cmd_flash_ps_load
                0x00027458                gecko_cmd_flash_ps_erase
 .text          0x0002748c      0x3cc C:/SiliconLabs/SimplicityStudio/v4/developer/sdks/gecko_sdk_suite/v1.0//protocol/bluetooth_2.3/lib/EFR32BG1P/GCC/bgapi.a(bgapi_sm.c.obj)
                0x00027554                lib_sm_handler_init
                0x00027568                gecko_cmd_sm_list_all_bondings
                0x000275a0                gecko_cmd_sm_increase_security
                0x000275d0                gecko_cmd_sm_set_bondable_mode
                0x000275fc                gecko_cmd_sm_delete_bonding
                0x0002762c                gecko_cmd_sm_delete_bondings
                0x0002765c                gecko_cmd_sm_configure
                0x0002768c                gecko_cmd_sm_enter_passkey
                0x000276c0                gecko_cmd_sm_set_passkey
                0x000276ec                gecko_cmd_sm_passkey_confirm
                0x00027720                gecko_cmd_sm_set_oob_data
                0x00027750                gecko_cmd_sm_set_sc_remote_oob_data
                0x00027780                gecko_cmd_sm_use_sc_oob
                0x000277c0                gecko_cmd_sm_store_bonding_configuration
                0x000277f4                gecko_cmd_sm_bonding_confirm
                0x00027828                gecko_cmd_sm_set_debug_mode
 .text          0x00027858      0x114 C:/SiliconLabs/SimplicityStudio/v4/developer/sdks/gecko_sdk_suite/v1.0//protocol/bluetooth_2.3/lib/EFR32BG1P/GCC/bgapi.a(bgapi_system.c.obj)
                0x00027858                lib_system_handler_init
                0x0002785a                gecko_cmd_system_get_bt_address
                0x00027890                gecko_cmd_system_get_random_data
                0x000278d8                gecko_cmd_system_halt
                0x0002790c                gecko_cmd_system_set_tx_power
                0x0002793c                gecko_cmd_system_hello
                0x00027964                gecko_cmd_system_reset
 .text          0x0002796c      0x1ac C:/SiliconLabs/SimplicityStudio/v4/developer/sdks/gecko_sdk_suite/v1.0//protocol/bluetooth_2.3/lib/EFR32BG1P/GCC/bgapi.a(bgapi_endpoint.c.obj)
                0x0002796c                lib_endpoint_handler_init
                0x0002796e                gecko_cmd_endpoint_send
                0x00027a18                gecko_cmd_endpoint_set_streaming_destination
                0x00027a70                gecko_cmd_endpoint_close
                0x00027acc                gecko_cmd_endpoint_set_flags
                0x00027ace                gecko_cmd_endpoint_clr_flags
                0x00027ad0                gecko_cmd_endpoint_read_counters
 .text          0x00027b18      0x104 C:/SiliconLabs/SimplicityStudio/v4/developer/sdks/gecko_sdk_suite/v1.0//protocol/bluetooth_2.3/lib/EFR32BG1P/GCC/bgapi.a(bgapi_le_connection.c.obj)
                0x00027b18                lib_le_connection_handler_init
                0x00027b1a                gecko_cmd_le_connection_set_parameters
                0x00027b68                gecko_cmd_le_connection_get_rssi
                0x00027b98                gecko_cmd_le_connection_disable_slave_latency
                0x00027be0                gecko_cmd_le_connection_set_phy
 .text          0x00027c1c      0x220 C:/SiliconLabs/SimplicityStudio/v4/developer/sdks/gecko_sdk_suite/v1.0//protocol/bluetooth_2.3/lib/EFR32BG1P/GCC/bgapi.a(uart_endpoint.c.obj)
                0x00027c7c                uart_output_available
                0x00027c80                uart_transparent_input
                0x00027cbe                uart_endpoint_func
                0x00027d72                uart_change_flags
                0x00027d80                init_uart_endpoints
 .text          0x00027e3c      0x17c C:/SiliconLabs/SimplicityStudio/v4/developer/sdks/gecko_sdk_suite/v1.0//protocol/bluetooth_2.3/lib/EFR32BG1P/GCC/bgapi.a(bgapi_endpoint.c.obj)
                0x00027f68                init_bgapi_endpoints
 .text          0x00027fb8       0xc8 C:/SiliconLabs/SimplicityStudio/v4/developer/sdks/gecko_sdk_suite/v1.0//protocol/bluetooth_2.3/lib/EFR32BG1P/GCC/bgapi.a(adc.c.obj)
                0x00027fb8                adc_read_channel
                0x00027fe8                adc_read_port
                0x00027ff8                adc_config_reference
                0x0002802c                adc_init
 .text          0x00028080      0x160 C:/SiliconLabs/SimplicityStudio/v4/developer/sdks/gecko_sdk_suite/v1.0//protocol/bluetooth_2.3/lib/EFR32BG1P/GCC/bgapi.a(gpio.c.obj)
                0x000280f8                gpio_location_to_port
                0x00028108                gpio_location_to_pin_index
                0x0002811c                gpios_init
 .text          0x000281e0      0x218 C:/SiliconLabs/SimplicityStudio/v4/developer/sdks/gecko_sdk_suite/v1.0//protocol/bluetooth_2.3/lib/EFR32BG1P/GCC/bgapi.a(i2c.c.obj)
                0x000281e0                i2c_init
                0x0002826c                i2c_stop
                0x0002828c                i2c_reset
                0x000282ac                i2c_read
                0x00028358                i2c_write
 .text          0x000283f8      0x160 C:/SiliconLabs/SimplicityStudio/v4/developer/sdks/gecko_sdk_suite/v1.0//protocol/bluetooth_2.3/lib/EFR32BG1P/GCC/bgapi.a(sleep_signal.c.obj)
                0x00028428                sleep_signal_init
                0x00028488                sleep_signal_update
                0x000284f4                host_wakeup_signal_init
                0x00028530                host_wakeup_signal_update
 .text          0x00028558      0x89c C:/SiliconLabs/SimplicityStudio/v4/developer/sdks/gecko_sdk_suite/v1.0//protocol/bluetooth_2.3/lib/EFR32BG1P/GCC/bgapi.a(uart.c.obj)
                0x00028558                LEUART0_IRQGeckoHandler
                0x0002855a                USART1_TX_IRQGeckoHandler
                0x00028684                USART0_TX_IRQGeckoHandler
                0x00028834                USART1_RX_IRQGeckoHandler
                0x00028840                USART0_RX_IRQGeckoHandler
                0x00028860                uart_update
                0x00028878                uart_configure
                0x0002894c                uart_event_register
                0x0002895c                uarts_init
                0x00028ce0                uart_get_flags
                0x00028cf0                uart_write_bgbuf
                0x00028d30                uart_read_bgbuf
                0x00028db8                uart_sleep
 .text          0x00028df4      0x370 c:/siliconlabs/simplicitystudio/v4/developer/toolchains/gnu_arm/4.9_2015q3/bin/../lib/gcc/arm-none-eabi/4.9.3/armv7e-m/softfp\libgcc.a(_arm_addsubdf3.o)
                0x00028df4                __aeabi_drsub
                0x00028dfc                __aeabi_dsub
                0x00028dfc                __subdf3
                0x00028e00                __aeabi_dadd
                0x00028e00                __adddf3
                0x00029078                __floatunsidf
                0x00029078                __aeabi_ui2d
                0x00029098                __floatsidf
                0x00029098                __aeabi_i2d
                0x000290bc                __aeabi_f2d
                0x000290bc                __extendsfdf2
                0x000290f8                __floatundidf
                0x000290f8                __aeabi_ul2d
                0x00029108                __floatdidf
                0x00029108                __aeabi_l2d
 .text          0x00029164      0x424 c:/siliconlabs/simplicitystudio/v4/developer/toolchains/gnu_arm/4.9_2015q3/bin/../lib/gcc/arm-none-eabi/4.9.3/armv7e-m/softfp\libgcc.a(_arm_muldivdf3.o)
                0x00029164                __aeabi_dmul
                0x00029164                __muldf3
                0x000293b8                __divdf3
                0x000293b8                __aeabi_ddiv
 .text          0x00029588       0x30 c:/siliconlabs/simplicitystudio/v4/developer/toolchains/gnu_arm/4.9_2015q3/bin/../lib/gcc/arm-none-eabi/4.9.3/armv7e-m/softfp\libgcc.a(_aeabi_uldivmod.o)
                0x00029588                __aeabi_uldivmod
 .text          0x000295b8       0x60 c:/siliconlabs/simplicitystudio/v4/developer/toolchains/gnu_arm/4.9_2015q3/bin/../lib/gcc/arm-none-eabi/4.9.3/armv7e-m/softfp\libgcc.a(bpabi.o)
                0x000295b8                __gnu_ldivmod_helper
                0x000295e8                __gnu_uldivmod_helper
 .text          0x00029618        0x4 c:/siliconlabs/simplicitystudio/v4/developer/toolchains/gnu_arm/4.9_2015q3/bin/../lib/gcc/arm-none-eabi/4.9.3/armv7e-m/softfp\libgcc.a(_dvmd_tls.o)
                0x00029618                __aeabi_idiv0
                0x00029618                __aeabi_ldiv0
 .text          0x0002961c      0x29c c:/siliconlabs/simplicitystudio/v4/developer/toolchains/gnu_arm/4.9_2015q3/bin/../lib/gcc/arm-none-eabi/4.9.3/armv7e-m/softfp\libgcc.a(_divdi3.o)
                0x0002961c                __divdi3
 .text          0x000298b8      0x26c c:/siliconlabs/simplicitystudio/v4/developer/toolchains/gnu_arm/4.9_2015q3/bin/../lib/gcc/arm-none-eabi/4.9.3/armv7e-m/softfp\libgcc.a(_udivdi3.o)
                0x000298b8                __udivdi3
 .text.exit     0x00029b24       0x20 c:/siliconlabs/simplicitystudio/v4/developer/toolchains/gnu_arm/4.9_2015q3/bin/../lib/gcc/arm-none-eabi/4.9.3/../../../../arm-none-eabi/lib/armv7e-m/softfp\libc.a(lib_a-exit.o)
                0x00029b24                exit
 .text.__libc_init_array
                0x00029b44       0x50 c:/siliconlabs/simplicitystudio/v4/developer/toolchains/gnu_arm/4.9_2015q3/bin/../lib/gcc/arm-none-eabi/4.9.3/../../../../arm-none-eabi/lib/armv7e-m/softfp\libc.a(lib_a-init.o)
                0x00029b44                __libc_init_array
 .text.memcmp   0x00029b94       0x64 c:/siliconlabs/simplicitystudio/v4/developer/toolchains/gnu_arm/4.9_2015q3/bin/../lib/gcc/arm-none-eabi/4.9.3/../../../../arm-none-eabi/lib/armv7e-m/softfp\libc.a(lib_a-memcmp.o)
                0x00029b94                memcmp
 .text          0x00029bf8      0x134 c:/siliconlabs/simplicitystudio/v4/developer/toolchains/gnu_arm/4.9_2015q3/bin/../lib/gcc/arm-none-eabi/4.9.3/../../../../arm-none-eabi/lib/armv7e-m/softfp\libc.a(lib_a-memcpy.o)
                0x00029bf8                memcpy
 .text.memset   0x00029d2c       0x9c c:/siliconlabs/simplicitystudio/v4/developer/toolchains/gnu_arm/4.9_2015q3/bin/../lib/gcc/arm-none-eabi/4.9.3/../../../../arm-none-eabi/lib/armv7e-m/softfp\libc.a(lib_a-memset.o)
                0x00029d2c                memset
 .text.snprintf
                0x00029dc8       0x9c c:/siliconlabs/simplicitystudio/v4/developer/toolchains/gnu_arm/4.9_2015q3/bin/../lib/gcc/arm-none-eabi/4.9.3/../../../../arm-none-eabi/lib/armv7e-m/softfp\libc.a(lib_a-snprintf.o)
                0x00029dc8                snprintf
 .text.strlen   0x00029e64       0x5c c:/siliconlabs/simplicitystudio/v4/developer/toolchains/gnu_arm/4.9_2015q3/bin/../lib/gcc/arm-none-eabi/4.9.3/../../../../arm-none-eabi/lib/armv7e-m/softfp\libc.a(lib_a-strlen.o)
                0x00029e64                strlen
 .text._svfprintf_r
                0x00029ec0     0x14d0 c:/siliconlabs/simplicitystudio/v4/developer/toolchains/gnu_arm/4.9_2015q3/bin/../lib/gcc/arm-none-eabi/4.9.3/../../../../arm-none-eabi/lib/armv7e-m/softfp\libc.a(lib_a-svfprintf.o)
                0x00029ec0                _svfprintf_r
 .text.startup.register_fini
                0x0002b390       0x14 c:/siliconlabs/simplicitystudio/v4/developer/toolchains/gnu_arm/4.9_2015q3/bin/../lib/gcc/arm-none-eabi/4.9.3/../../../../arm-none-eabi/lib/armv7e-m/softfp\libc.a(lib_a-__call_atexit.o)
 .text.__call_exitprocs
                0x0002b3a4       0xd4 c:/siliconlabs/simplicitystudio/v4/developer/toolchains/gnu_arm/4.9_2015q3/bin/../lib/gcc/arm-none-eabi/4.9.3/../../../../arm-none-eabi/lib/armv7e-m/softfp\libc.a(lib_a-__call_atexit.o)
                0x0002b3a4                __call_exitprocs
 .text.atexit   0x0002b478        0xc c:/siliconlabs/simplicitystudio/v4/developer/toolchains/gnu_arm/4.9_2015q3/bin/../lib/gcc/arm-none-eabi/4.9.3/../../../../arm-none-eabi/lib/armv7e-m/softfp\libc.a(lib_a-atexit.o)
                0x0002b478                atexit
 .text.quorem   0x0002b484      0x12c c:/siliconlabs/simplicitystudio/v4/developer/toolchains/gnu_arm/4.9_2015q3/bin/../lib/gcc/arm-none-eabi/4.9.3/../../../../arm-none-eabi/lib/armv7e-m/softfp\libc.a(lib_a-dtoa.o)
 .text._dtoa_r  0x0002b5b0      0xe90 c:/siliconlabs/simplicitystudio/v4/developer/toolchains/gnu_arm/4.9_2015q3/bin/../lib/gcc/arm-none-eabi/4.9.3/../../../../arm-none-eabi/lib/armv7e-m/softfp\libc.a(lib_a-dtoa.o)
                0x0002b5b0                _dtoa_r
 .text.__libc_fini_array
                0x0002c440       0x2c c:/siliconlabs/simplicitystudio/v4/developer/toolchains/gnu_arm/4.9_2015q3/bin/../lib/gcc/arm-none-eabi/4.9.3/../../../../arm-none-eabi/lib/armv7e-m/softfp\libc.a(lib_a-fini.o)
                0x0002c440                __libc_fini_array
 .text._localeconv_r
                0x0002c46c        0x8 c:/siliconlabs/simplicitystudio/v4/developer/toolchains/gnu_arm/4.9_2015q3/bin/../lib/gcc/arm-none-eabi/4.9.3/../../../../arm-none-eabi/lib/armv7e-m/softfp\libc.a(lib_a-locale.o)
                0x0002c46c                _localeconv_r
 .text._malloc_r
                0x0002c474      0x524 c:/siliconlabs/simplicitystudio/v4/developer/toolchains/gnu_arm/4.9_2015q3/bin/../lib/gcc/arm-none-eabi/4.9.3/../../../../arm-none-eabi/lib/armv7e-m/softfp\libc.a(lib_a-mallocr.o)
                0x0002c474                _malloc_r
 .text.memchr   0x0002c998       0x94 c:/siliconlabs/simplicitystudio/v4/developer/toolchains/gnu_arm/4.9_2015q3/bin/../lib/gcc/arm-none-eabi/4.9.3/../../../../arm-none-eabi/lib/armv7e-m/softfp\libc.a(lib_a-memchr.o)
                0x0002c998                memchr
 .text.__malloc_lock
                0x0002ca2c        0x4 c:/siliconlabs/simplicitystudio/v4/developer/toolchains/gnu_arm/4.9_2015q3/bin/../lib/gcc/arm-none-eabi/4.9.3/../../../../arm-none-eabi/lib/armv7e-m/softfp\libc.a(lib_a-mlock.o)
                0x0002ca2c                __malloc_lock
 .text.__malloc_unlock
                0x0002ca30        0x4 c:/siliconlabs/simplicitystudio/v4/developer/toolchains/gnu_arm/4.9_2015q3/bin/../lib/gcc/arm-none-eabi/4.9.3/../../../../arm-none-eabi/lib/armv7e-m/softfp\libc.a(lib_a-mlock.o)
                0x0002ca30                __malloc_unlock
 .text._Balloc  0x0002ca34       0x4c c:/siliconlabs/simplicitystudio/v4/developer/toolchains/gnu_arm/4.9_2015q3/bin/../lib/gcc/arm-none-eabi/4.9.3/../../../../arm-none-eabi/lib/armv7e-m/softfp\libc.a(lib_a-mprec.o)
                0x0002ca34                _Balloc
 .text._Bfree   0x0002ca80       0x14 c:/siliconlabs/simplicitystudio/v4/developer/toolchains/gnu_arm/4.9_2015q3/bin/../lib/gcc/arm-none-eabi/4.9.3/../../../../arm-none-eabi/lib/armv7e-m/softfp\libc.a(lib_a-mprec.o)
                0x0002ca80                _Bfree
 .text.__multadd
                0x0002ca94       0x84 c:/siliconlabs/simplicitystudio/v4/developer/toolchains/gnu_arm/4.9_2015q3/bin/../lib/gcc/arm-none-eabi/4.9.3/../../../../arm-none-eabi/lib/armv7e-m/softfp\libc.a(lib_a-mprec.o)
                0x0002ca94                __multadd
 .text.__hi0bits
                0x0002cb18       0x40 c:/siliconlabs/simplicitystudio/v4/developer/toolchains/gnu_arm/4.9_2015q3/bin/../lib/gcc/arm-none-eabi/4.9.3/../../../../arm-none-eabi/lib/armv7e-m/softfp\libc.a(lib_a-mprec.o)
                0x0002cb18                __hi0bits
 .text.__lo0bits
                0x0002cb58       0x5c c:/siliconlabs/simplicitystudio/v4/developer/toolchains/gnu_arm/4.9_2015q3/bin/../lib/gcc/arm-none-eabi/4.9.3/../../../../arm-none-eabi/lib/armv7e-m/softfp\libc.a(lib_a-mprec.o)
                0x0002cb58                __lo0bits
 .text.__i2b    0x0002cbb4       0x14 c:/siliconlabs/simplicitystudio/v4/developer/toolchains/gnu_arm/4.9_2015q3/bin/../lib/gcc/arm-none-eabi/4.9.3/../../../../arm-none-eabi/lib/armv7e-m/softfp\libc.a(lib_a-mprec.o)
                0x0002cbb4                __i2b
 .text.__multiply
                0x0002cbc8      0x134 c:/siliconlabs/simplicitystudio/v4/developer/toolchains/gnu_arm/4.9_2015q3/bin/../lib/gcc/arm-none-eabi/4.9.3/../../../../arm-none-eabi/lib/armv7e-m/softfp\libc.a(lib_a-mprec.o)
                0x0002cbc8                __multiply
 .text.__pow5mult
                0x0002ccfc       0xa0 c:/siliconlabs/simplicitystudio/v4/developer/toolchains/gnu_arm/4.9_2015q3/bin/../lib/gcc/arm-none-eabi/4.9.3/../../../../arm-none-eabi/lib/armv7e-m/softfp\libc.a(lib_a-mprec.o)
                0x0002ccfc                __pow5mult
 .text.__lshift
                0x0002cd9c       0xac c:/siliconlabs/simplicitystudio/v4/developer/toolchains/gnu_arm/4.9_2015q3/bin/../lib/gcc/arm-none-eabi/4.9.3/../../../../arm-none-eabi/lib/armv7e-m/softfp\libc.a(lib_a-mprec.o)
                0x0002cd9c                __lshift
 .text.__mcmp   0x0002ce48       0x48 c:/siliconlabs/simplicitystudio/v4/developer/toolchains/gnu_arm/4.9_2015q3/bin/../lib/gcc/arm-none-eabi/4.9.3/../../../../arm-none-eabi/lib/armv7e-m/softfp\libc.a(lib_a-mprec.o)
                0x0002ce48                __mcmp
 .text.__mdiff  0x0002ce90       0xd4 c:/siliconlabs/simplicitystudio/v4/developer/toolchains/gnu_arm/4.9_2015q3/bin/../lib/gcc/arm-none-eabi/4.9.3/../../../../arm-none-eabi/lib/armv7e-m/softfp\libc.a(lib_a-mprec.o)
                0x0002ce90                __mdiff
 .text.__d2b    0x0002cf64       0xb8 c:/siliconlabs/simplicitystudio/v4/developer/toolchains/gnu_arm/4.9_2015q3/bin/../lib/gcc/arm-none-eabi/4.9.3/../../../../arm-none-eabi/lib/armv7e-m/softfp\libc.a(lib_a-mprec.o)
                0x0002cf64                __d2b
 .text.__fpclassifyd
                0x0002d01c       0x58 c:/siliconlabs/simplicitystudio/v4/developer/toolchains/gnu_arm/4.9_2015q3/bin/../lib/gcc/arm-none-eabi/4.9.3/../../../../arm-none-eabi/lib/armv7e-m/softfp\libc.a(lib_a-s_fpclassify.o)
                0x0002d01c                __fpclassifyd
 .text._sbrk_r  0x0002d074       0x24 c:/siliconlabs/simplicitystudio/v4/developer/toolchains/gnu_arm/4.9_2015q3/bin/../lib/gcc/arm-none-eabi/4.9.3/../../../../arm-none-eabi/lib/armv7e-m/softfp\libc.a(lib_a-sbrkr.o)
                0x0002d074                _sbrk_r
 .text.__ssprint_r
                0x0002d098      0x104 c:/siliconlabs/simplicitystudio/v4/developer/toolchains/gnu_arm/4.9_2015q3/bin/../lib/gcc/arm-none-eabi/4.9.3/../../../../arm-none-eabi/lib/armv7e-m/softfp\libc.a(lib_a-svfiprintf.o)
                0x0002d098                __ssprint_r
 .text.__register_exitproc
                0x0002d19c       0xa4 c:/siliconlabs/simplicitystudio/v4/developer/toolchains/gnu_arm/4.9_2015q3/bin/../lib/gcc/arm-none-eabi/4.9.3/../../../../arm-none-eabi/lib/armv7e-m/softfp\libc.a(lib_a-__atexit.o)
                0x0002d19c                __register_exitproc
 .text._calloc_r
                0x0002d240       0x60 c:/siliconlabs/simplicitystudio/v4/developer/toolchains/gnu_arm/4.9_2015q3/bin/../lib/gcc/arm-none-eabi/4.9.3/../../../../arm-none-eabi/lib/armv7e-m/softfp\libc.a(lib_a-callocr.o)
                0x0002d240                _calloc_r
 .text._malloc_trim_r
                0x0002d2a0       0x9c c:/siliconlabs/simplicitystudio/v4/developer/toolchains/gnu_arm/4.9_2015q3/bin/../lib/gcc/arm-none-eabi/4.9.3/../../../../arm-none-eabi/lib/armv7e-m/softfp\libc.a(lib_a-freer.o)
                0x0002d2a0                _malloc_trim_r
 .text._free_r  0x0002d33c      0x1b0 c:/siliconlabs/simplicitystudio/v4/developer/toolchains/gnu_arm/4.9_2015q3/bin/../lib/gcc/arm-none-eabi/4.9.3/../../../../arm-none-eabi/lib/armv7e-m/softfp\libc.a(lib_a-freer.o)
                0x0002d33c                _free_r
 .text.memmove  0x0002d4ec       0xc8 c:/siliconlabs/simplicitystudio/v4/developer/toolchains/gnu_arm/4.9_2015q3/bin/../lib/gcc/arm-none-eabi/4.9.3/../../../../arm-none-eabi/lib/armv7e-m/softfp\libc.a(lib_a-memmove.o)
                0x0002d4ec                memmove
 .text._realloc_r
                0x0002d5b4      0x3ec c:/siliconlabs/simplicitystudio/v4/developer/toolchains/gnu_arm/4.9_2015q3/bin/../lib/gcc/arm-none-eabi/4.9.3/../../../../arm-none-eabi/lib/armv7e-m/softfp\libc.a(lib_a-reallocr.o)
                0x0002d5b4                _realloc_r
 .text._sbrk    0x0002d9a0       0x1c c:/siliconlabs/simplicitystudio/v4/developer/toolchains/gnu_arm/4.9_2015q3/bin/../lib/gcc/arm-none-eabi/4.9.3/../../../../arm-none-eabi/lib/armv7e-m/softfp\libnosys.a(sbrk.o)
                0x0002d9a0                _sbrk
 .text._exit    0x0002d9bc        0x4 c:/siliconlabs/simplicitystudio/v4/developer/toolchains/gnu_arm/4.9_2015q3/bin/../lib/gcc/arm-none-eabi/4.9.3/../../../../arm-none-eabi/lib/armv7e-m/softfp\libnosys.a(_exit.o)
                0x0002d9bc                _exit
 .text          0x0002d9c0      0x110 c:/siliconlabs/simplicitystudio/v4/developer/toolchains/gnu_arm/4.9_2015q3/bin/../lib/gcc/arm-none-eabi/4.9.3/armv7e-m/softfp\libgcc.a(_arm_cmpdf2.o)
                0x0002d9c0                __gtdf2
                0x0002d9c0                __gedf2
                0x0002d9c8                __ltdf2
                0x0002d9c8                __ledf2
                0x0002d9d0                __nedf2
                0x0002d9d0                __eqdf2
                0x0002d9d0                __cmpdf2
                0x0002da4c                __aeabi_cdrcmple
                0x0002da5c                __aeabi_cdcmpeq
                0x0002da5c                __aeabi_cdcmple
                0x0002da6c                __aeabi_dcmpeq
                0x0002da80                __aeabi_dcmplt
                0x0002da94                __aeabi_dcmple
                0x0002daa8                __aeabi_dcmpge
                0x0002dabc                __aeabi_dcmpgt
 .text          0x0002dad0       0x50 c:/siliconlabs/simplicitystudio/v4/developer/toolchains/gnu_arm/4.9_2015q3/bin/../lib/gcc/arm-none-eabi/4.9.3/armv7e-m/softfp\libgcc.a(_arm_fixdfsi.o)
                0x0002dad0                __aeabi_d2iz
                0x0002dad0                __fixdfsi
 *(.init)
 .init          0x0002db20        0x4 c:/siliconlabs/simplicitystudio/v4/developer/toolchains/gnu_arm/4.9_2015q3/bin/../lib/gcc/arm-none-eabi/4.9.3/armv7e-m/softfp/crti.o
                0x0002db20                _init
 .init          0x0002db24        0x8 c:/siliconlabs/simplicitystudio/v4/developer/toolchains/gnu_arm/4.9_2015q3/bin/../lib/gcc/arm-none-eabi/4.9.3/armv7e-m/softfp/crtn.o
 *(.fini)
 .fini          0x0002db2c        0x4 c:/siliconlabs/simplicitystudio/v4/developer/toolchains/gnu_arm/4.9_2015q3/bin/../lib/gcc/arm-none-eabi/4.9.3/armv7e-m/softfp/crti.o
                0x0002db2c                _fini
 .fini          0x0002db30        0x8 c:/siliconlabs/simplicitystudio/v4/developer/toolchains/gnu_arm/4.9_2015q3/bin/../lib/gcc/arm-none-eabi/4.9.3/armv7e-m/softfp/crtn.o
 *crtbegin.o(.ctors)
 *crtbegin?.o(.ctors)
 *(EXCLUDE_FILE(*crtend.o *crtend?.o) .ctors)
 *(SORT(.ctors.*))
 *(.ctors)
 *crtbegin.o(.dtors)
 *crtbegin?.o(.dtors)
 *(EXCLUDE_FILE(*crtend.o *crtend?.o) .dtors)
 *(SORT(.dtors.*))
 *(.dtors)
 *(.rodata*)
 .rodata        0x0002db38       0x1f ./advertisement.o
 *fill*         0x0002db57        0x1 
 .rodata        0x0002db58        0x7 ./app.o
 *fill*         0x0002db5f        0x1 
 .rodata        0x0002db60       0x17 ./beacon.o
 *fill*         0x0002db77        0x1 
 .rodata.ptiInit
                0x0002db78       0x24 ./main.o
 .rodata        0x0002db9c        0x4 ./main.o
 .rodata.config
                0x0002dba0       0xe8 ./main.o
 .rodata        0x0002dc88        0x4 ./bgapi/dmadrv.o
 .rodata.i2cNSum
                0x0002dc8c        0x4 ./emlib/em_i2c.o
 .rodata.ledArray
                0x0002dc90       0x10 ./kit/BRD4100A/bsp_stk_leds.o
 .rodata        0x0002dca0       0x24 ./kit_flashpwr/BRD4100A/mx25flash_spi.o
 .rodata        0x0002dcc4       0x60 ./src/InitDevice.o
 .rodata        0x0002dd24       0x78 C:/SiliconLabs/SimplicityStudio/v4/developer/sdks/gecko_sdk_suite/v1.0//protocol/bluetooth_2.3/lib/EFR32BG1P/GCC/bgapi.a(gecko_bgapi_hardware.c.obj)
 .rodata        0x0002dd9c       0x30 C:/SiliconLabs/SimplicityStudio/v4/developer/sdks/gecko_sdk_suite/v1.0//protocol/bluetooth_2.3/lib/EFR32BG1P/GCC/bgapi.a(gecko_bgapi_test.c.obj)
 .rodata        0x0002ddcc       0x18 C:/SiliconLabs/SimplicityStudio/v4/developer/sdks/gecko_sdk_suite/v1.0//protocol/bluetooth_2.3/lib/EFR32BG1P/GCC/bgapi.a(gecko_bgapi_util.c.obj)
 .rodata        0x0002dde4       0x28 C:/SiliconLabs/SimplicityStudio/v4/developer/sdks/gecko_sdk_suite/v1.0//protocol/bluetooth_2.3/lib/EFR32BG1P/GCC/bgapi.a(gecko_bgapi_dfu.c.obj)
 .rodata        0x0002de0c       0x70 C:/SiliconLabs/SimplicityStudio/v4/developer/sdks/gecko_sdk_suite/v1.0//protocol/bluetooth_2.3/lib/EFR32BG1P/GCC/bgapi.a(gecko_bgapi_gap.c.obj)
 .rodata        0x0002de7c       0xa0 C:/SiliconLabs/SimplicityStudio/v4/developer/sdks/gecko_sdk_suite/v1.0//protocol/bluetooth_2.3/lib/EFR32BG1P/GCC/bgapi.a(gecko_bgapi_gatt.c.obj)
 .rodata        0x0002df1c       0x48 C:/SiliconLabs/SimplicityStudio/v4/developer/sdks/gecko_sdk_suite/v1.0//protocol/bluetooth_2.3/lib/EFR32BG1P/GCC/bgapi.a(gecko_bgapi_gatt_server.c.obj)
 .rodata        0x0002df64       0x30 C:/SiliconLabs/SimplicityStudio/v4/developer/sdks/gecko_sdk_suite/v1.0//protocol/bluetooth_2.3/lib/EFR32BG1P/GCC/bgapi.a(gecko_bgapi_flash.c.obj)
 .rodata        0x0002df94       0x80 C:/SiliconLabs/SimplicityStudio/v4/developer/sdks/gecko_sdk_suite/v1.0//protocol/bluetooth_2.3/lib/EFR32BG1P/GCC/bgapi.a(gecko_bgapi_sm.c.obj)
 .rodata        0x0002e014       0x38 C:/SiliconLabs/SimplicityStudio/v4/developer/sdks/gecko_sdk_suite/v1.0//protocol/bluetooth_2.3/lib/EFR32BG1P/GCC/bgapi.a(gecko_bgapi_system.c.obj)
 .rodata        0x0002e04c       0x38 C:/SiliconLabs/SimplicityStudio/v4/developer/sdks/gecko_sdk_suite/v1.0//protocol/bluetooth_2.3/lib/EFR32BG1P/GCC/bgapi.a(gecko_bgapi_endpoint.c.obj)
 .rodata        0x0002e084       0x28 C:/SiliconLabs/SimplicityStudio/v4/developer/sdks/gecko_sdk_suite/v1.0//protocol/bluetooth_2.3/lib/EFR32BG1P/GCC/bgapi.a(gecko_bgapi_le_connection.c.obj)
 .rodata        0x0002e0ac       0x18 C:/SiliconLabs/SimplicityStudio/v4/developer/sdks/gecko_sdk_suite/v1.0//protocol/bluetooth_2.3/lib/EFR32BG1P/GCC/bgapi.a(bgapi_sm.c.obj)
 .rodata        0x0002e0c4       0x18 C:/SiliconLabs/SimplicityStudio/v4/developer/sdks/gecko_sdk_suite/v1.0//protocol/bluetooth_2.3/lib/EFR32BG1P/GCC/bgapi.a(adc.c.obj)
 .rodata        0x0002e0dc       0x40 C:/SiliconLabs/SimplicityStudio/v4/developer/sdks/gecko_sdk_suite/v1.0//protocol/bluetooth_2.3/lib/EFR32BG1P/GCC/bgapi.a(gpio.c.obj)
 .rodata        0x0002e11c       0x10 C:/SiliconLabs/SimplicityStudio/v4/developer/sdks/gecko_sdk_suite/v1.0//protocol/bluetooth_2.3/lib/EFR32BG1P/GCC/bgapi.a(i2c.c.obj)
 .rodata        0x0002e12c       0x60 C:/SiliconLabs/SimplicityStudio/v4/developer/sdks/gecko_sdk_suite/v1.0//protocol/bluetooth_2.3/lib/EFR32BG1P/GCC/bgapi.a(uart.c.obj)
 .rodata.str1.4
                0x0002e18c        0x2 c:/siliconlabs/simplicitystudio/v4/developer/toolchains/gnu_arm/4.9_2015q3/bin/../lib/gcc/arm-none-eabi/4.9.3/../../../../arm-none-eabi/lib/armv7e-m/softfp\libc.a(lib_a-impure.o)
 *fill*         0x0002e18e        0x2 
 .rodata._global_impure_ptr
                0x0002e190        0x4 c:/siliconlabs/simplicitystudio/v4/developer/toolchains/gnu_arm/4.9_2015q3/bin/../lib/gcc/arm-none-eabi/4.9.3/../../../../arm-none-eabi/lib/armv7e-m/softfp\libc.a(lib_a-impure.o)
                0x0002e190                _global_impure_ptr
 .rodata.zeroes.6911
                0x0002e194       0x10 c:/siliconlabs/simplicitystudio/v4/developer/toolchains/gnu_arm/4.9_2015q3/bin/../lib/gcc/arm-none-eabi/4.9.3/../../../../arm-none-eabi/lib/armv7e-m/softfp\libc.a(lib_a-svfprintf.o)
 .rodata.blanks.6910
                0x0002e1a4       0x10 c:/siliconlabs/simplicitystudio/v4/developer/toolchains/gnu_arm/4.9_2015q3/bin/../lib/gcc/arm-none-eabi/4.9.3/../../../../arm-none-eabi/lib/armv7e-m/softfp\libc.a(lib_a-svfprintf.o)
 .rodata.str1.4
                0x0002e1b4       0x42 c:/siliconlabs/simplicitystudio/v4/developer/toolchains/gnu_arm/4.9_2015q3/bin/../lib/gcc/arm-none-eabi/4.9.3/../../../../arm-none-eabi/lib/armv7e-m/softfp\libc.a(lib_a-svfprintf.o)
 *fill*         0x0002e1f6        0x2 
 .rodata.str1.4
                0x0002e1f8       0x10 c:/siliconlabs/simplicitystudio/v4/developer/toolchains/gnu_arm/4.9_2015q3/bin/../lib/gcc/arm-none-eabi/4.9.3/../../../../arm-none-eabi/lib/armv7e-m/softfp\libc.a(lib_a-dtoa.o)
                                 0x12 (size before relaxing)
 .rodata.str1.4
                0x0002e208        0xc c:/siliconlabs/simplicitystudio/v4/developer/toolchains/gnu_arm/4.9_2015q3/bin/../lib/gcc/arm-none-eabi/4.9.3/../../../../arm-none-eabi/lib/armv7e-m/softfp\libc.a(lib_a-locale.o)
                                 0x12 (size before relaxing)
 *fill*         0x0002e214        0x4 
 .rodata.__mprec_tens
                0x0002e218       0xc8 c:/siliconlabs/simplicitystudio/v4/developer/toolchains/gnu_arm/4.9_2015q3/bin/../lib/gcc/arm-none-eabi/4.9.3/../../../../arm-none-eabi/lib/armv7e-m/softfp\libc.a(lib_a-mprec.o)
                0x0002e218                __mprec_tens
 .rodata.p05.5302
                0x0002e2e0        0xc c:/siliconlabs/simplicitystudio/v4/developer/toolchains/gnu_arm/4.9_2015q3/bin/../lib/gcc/arm-none-eabi/4.9.3/../../../../arm-none-eabi/lib/armv7e-m/softfp\libc.a(lib_a-mprec.o)
 *fill*         0x0002e2ec        0x4 
 .rodata.__mprec_bigtens
                0x0002e2f0       0x28 c:/siliconlabs/simplicitystudio/v4/developer/toolchains/gnu_arm/4.9_2015q3/bin/../lib/gcc/arm-none-eabi/4.9.3/../../../../arm-none-eabi/lib/armv7e-m/softfp\libc.a(lib_a-mprec.o)
                0x0002e2f0                __mprec_bigtens
 *(.eh_frame*)
 .eh_frame      0x0002e318        0x0 c:/siliconlabs/simplicitystudio/v4/developer/toolchains/gnu_arm/4.9_2015q3/bin/../lib/gcc/arm-none-eabi/4.9.3/armv7e-m/softfp/crtbegin.o
 .eh_frame      0x0002e318        0x0 c:/siliconlabs/simplicitystudio/v4/developer/toolchains/gnu_arm/4.9_2015q3/bin/../lib/gcc/arm-none-eabi/4.9.3/../../../../arm-none-eabi/lib/armv7e-m/softfp\libc.a(lib_a-strcmp.o)
                                 0x70 (size before relaxing)
 .eh_frame      0x0002e318        0x4 c:/siliconlabs/simplicitystudio/v4/developer/toolchains/gnu_arm/4.9_2015q3/bin/../lib/gcc/arm-none-eabi/4.9.3/armv7e-m/softfp/crtend.o
                0x0002e31c                . = ALIGN (0x4)

.glue_7         0x0002e31c        0x0
 .glue_7        0x00000000        0x0 linker stubs

.glue_7t        0x0002e31c        0x0
 .glue_7t       0x00000000        0x0 linker stubs

.vfp11_veneer   0x0002e31c        0x0
 .vfp11_veneer  0x00000000        0x0 linker stubs

.v4_bx          0x0002e31c        0x0
 .v4_bx         0x00000000        0x0 linker stubs

.iplt           0x0002e31c        0x0
 .iplt          0x00000000        0x0 c:/siliconlabs/simplicitystudio/v4/developer/toolchains/gnu_arm/4.9_2015q3/bin/../lib/gcc/arm-none-eabi/4.9.3/armv7e-m/softfp/crtbegin.o

.igot.plt       0x0002e31c        0x0
 .igot.plt      0x00000000        0x0 c:/siliconlabs/simplicitystudio/v4/developer/toolchains/gnu_arm/4.9_2015q3/bin/../lib/gcc/arm-none-eabi/4.9.3/armv7e-m/softfp/crtbegin.o

.text_app_ARM.extab
 *(.ARM.extab* .gnu.linkonce.armextab.*)
                0x0002e31c                __exidx_start = .

.text_app_ARM.exidx
                0x0002e31c        0x8
 *(.ARM.exidx* .gnu.linkonce.armexidx.*)
 .ARM.exidx     0x0002e31c        0x8 c:/siliconlabs/simplicitystudio/v4/developer/toolchains/gnu_arm/4.9_2015q3/bin/../lib/gcc/arm-none-eabi/4.9.3/../../../../arm-none-eabi/lib/armv7e-m/softfp/crt0.o
 .ARM.exidx     0x0002e324        0x0 c:/siliconlabs/simplicitystudio/v4/developer/toolchains/gnu_arm/4.9_2015q3/bin/../lib/gcc/arm-none-eabi/4.9.3/armv7e-m/softfp\libgcc.a(_divdi3.o)
                                  0x8 (size before relaxing)
 .ARM.exidx     0x0002e324        0x0 c:/siliconlabs/simplicitystudio/v4/developer/toolchains/gnu_arm/4.9_2015q3/bin/../lib/gcc/arm-none-eabi/4.9.3/armv7e-m/softfp\libgcc.a(_udivdi3.o)
                                  0x8 (size before relaxing)
                0x0002e324                __exidx_end = .
                0x0002e324                __etext = .

.rel.dyn        0x0002e324        0x0
 .rel.iplt      0x00000000        0x0 c:/siliconlabs/simplicitystudio/v4/developer/toolchains/gnu_arm/4.9_2015q3/bin/../lib/gcc/arm-none-eabi/4.9.3/armv7e-m/softfp/crtbegin.o

.text_app_data  0x20003000      0x904 load address 0x0002e324
                0x20003000                __data_start__ = .
 *(vtable)
 *(.data*)
 .data.advConnectableMode
                0x20003000        0x1 ./advertisement.o
 *fill*         0x20003001        0x3 
 .data.state    0x20003004        0x4 ./app.o
 .data.appUiLedSeqOffReq
                0x20003008        0x8 ./app_ui.o
 .data.activeReq.9130
                0x20003010        0x4 ./app_ui.o
 .data.button0Released.9134
                0x20003014        0x1 ./app_ui.o
 .data.button1Released.9135
                0x20003015        0x1 ./app_ui.o
 *fill*         0x20003016        0x2 
 .data.bcnBeaconAdvData
                0x20003018       0x1e ./beacon.o
 *fill*         0x20003036        0x2 
 .data.bg_gattdb_data_attribute_field_26_data
                0x20003038        0x1 ./gatt_db.o
                0x20003038                bg_gattdb_data_attribute_field_26_data
 *fill*         0x20003039        0x3 
 .data.bg_gattdb_data_attribute_field_17_data
                0x2000303c        0x1 ./gatt_db.o
                0x2000303c                bg_gattdb_data_attribute_field_17_data
 *fill*         0x2000303d        0x3 
 .data.bg_gattdb_data_attribute_field_6_data
                0x20003040        0x5 ./gatt_db.o
                0x20003040                bg_gattdb_data_attribute_field_6_data
 *fill*         0x20003045        0x3 
 .data.auxHfrcoFreq
                0x20003048        0x4 ./emlib/em_cmu.o
 .data          0x2000304c        0x1 C:/SiliconLabs/SimplicityStudio/v4/developer/sdks/gecko_sdk_suite/v1.0//protocol/bluetooth_2.3/lib/EFR32BG1P/GCC/bgapi.a(bgapi_endpoint.c.obj)
 *fill*         0x2000304d        0x3 
 .data          0x20003050       0x30 C:/SiliconLabs/SimplicityStudio/v4/developer/sdks/gecko_sdk_suite/v1.0//protocol/bluetooth_2.3/lib/EFR32BG1P/GCC/bgapi.a(adc.c.obj)
 .data.impure_data
                0x20003080      0x428 c:/siliconlabs/simplicitystudio/v4/developer/toolchains/gnu_arm/4.9_2015q3/bin/../lib/gcc/arm-none-eabi/4.9.3/../../../../arm-none-eabi/lib/armv7e-m/softfp\libc.a(lib_a-impure.o)
 .data._impure_ptr
                0x200034a8        0x4 c:/siliconlabs/simplicitystudio/v4/developer/toolchains/gnu_arm/4.9_2015q3/bin/../lib/gcc/arm-none-eabi/4.9.3/../../../../arm-none-eabi/lib/armv7e-m/softfp\libc.a(lib_a-impure.o)
                0x200034a8                _impure_ptr
 .data.lconv    0x200034ac       0x38 c:/siliconlabs/simplicitystudio/v4/developer/toolchains/gnu_arm/4.9_2015q3/bin/../lib/gcc/arm-none-eabi/4.9.3/../../../../arm-none-eabi/lib/armv7e-m/softfp\libc.a(lib_a-locale.o)
 .data.__malloc_av_
                0x200034e4      0x408 c:/siliconlabs/simplicitystudio/v4/developer/toolchains/gnu_arm/4.9_2015q3/bin/../lib/gcc/arm-none-eabi/4.9.3/../../../../arm-none-eabi/lib/armv7e-m/softfp\libc.a(lib_a-mallocr.o)
                0x200034e4                __malloc_av_
 .data.__malloc_trim_threshold
                0x200038ec        0x4 c:/siliconlabs/simplicitystudio/v4/developer/toolchains/gnu_arm/4.9_2015q3/bin/../lib/gcc/arm-none-eabi/4.9.3/../../../../arm-none-eabi/lib/armv7e-m/softfp\libc.a(lib_a-mallocr.o)
                0x200038ec                __malloc_trim_threshold
 .data.__malloc_sbrk_base
                0x200038f0        0x4 c:/siliconlabs/simplicitystudio/v4/developer/toolchains/gnu_arm/4.9_2015q3/bin/../lib/gcc/arm-none-eabi/4.9.3/../../../../arm-none-eabi/lib/armv7e-m/softfp\libc.a(lib_a-mallocr.o)
                0x200038f0                __malloc_sbrk_base
                0x200038f4                . = ALIGN (0x4)
 *(.ram)
                0x200038f4                . = ALIGN (0x4)
                0x200038f4                PROVIDE (__preinit_array_start, .)
 *(.preinit_array)
                0x200038f4                PROVIDE (__preinit_array_end, .)
                0x200038f4                . = ALIGN (0x4)
                0x200038f4                PROVIDE (__init_array_start, .)
 *(SORT(.init_array.*))
 .init_array.00000
                0x200038f4        0x4 c:/siliconlabs/simplicitystudio/v4/developer/toolchains/gnu_arm/4.9_2015q3/bin/../lib/gcc/arm-none-eabi/4.9.3/../../../../arm-none-eabi/lib/armv7e-m/softfp\libc.a(lib_a-__call_atexit.o)
 *(.init_array)
 .init_array    0x200038f8        0x4 c:/siliconlabs/simplicitystudio/v4/developer/toolchains/gnu_arm/4.9_2015q3/bin/../lib/gcc/arm-none-eabi/4.9.3/armv7e-m/softfp/crtbegin.o
                0x200038fc                PROVIDE (__init_array_end, .)
                0x200038fc                . = ALIGN (0x4)
                0x200038fc                PROVIDE (__fini_array_start, .)
 *(SORT(.fini_array.*))
 *(.fini_array)
 .fini_array    0x200038fc        0x4 c:/siliconlabs/simplicitystudio/v4/developer/toolchains/gnu_arm/4.9_2015q3/bin/../lib/gcc/arm-none-eabi/4.9.3/armv7e-m/softfp/crtbegin.o
                0x20003900                PROVIDE (__fini_array_end, .)
 *(.jcr*)
 .jcr           0x20003900        0x0 c:/siliconlabs/simplicitystudio/v4/developer/toolchains/gnu_arm/4.9_2015q3/bin/../lib/gcc/arm-none-eabi/4.9.3/armv7e-m/softfp/crtbegin.o
 .jcr           0x20003900        0x4 c:/siliconlabs/simplicitystudio/v4/developer/toolchains/gnu_arm/4.9_2015q3/bin/../lib/gcc/arm-none-eabi/4.9.3/armv7e-m/softfp/crtend.o
                0x20003904                . = ALIGN (0x4)
                0x20003904                __data_end__ = .

.bss            0x20003904     0x1d9c load address 0x0002ec28
                0x20003904                . = ALIGN (0x4)
                0x20003904                __bss_start__ = .
 *(.bss*)
 .bss           0x20003904       0x1c c:/siliconlabs/simplicitystudio/v4/developer/toolchains/gnu_arm/4.9_2015q3/bin/../lib/gcc/arm-none-eabi/4.9.3/armv7e-m/softfp/crtbegin.o
 .bss.advIsConnected
                0x20003920        0x1 ./advertisement.o
 .bss.slave_bluetooth_addr_type
                0x20003921        0x1 ./app.o
                0x20003921                slave_bluetooth_addr_type
 .bss.slave_conn_handle
                0x20003922        0x1 ./app.o
                0x20003922                slave_conn_handle
 *fill*         0x20003923        0x1 
 .bss.slave_service_handle
                0x20003924        0x4 ./app.o
                0x20003924                slave_service_handle
 .bss.slave_characteristic_handle
                0x20003928        0x2 ./app.o
                0x20003928                slave_characteristic_handle
 .bss.slave_characteristic_connection
                0x2000392a        0x1 ./app.o
                0x2000392a                slave_characteristic_connection
 .bss.boot_to_dfu.9220
                0x2000392b        0x1 ./app.o
 .bss.appUiBtn  0x2000392c        0x4 ./app_ui.o
 .bss.appUiLedSeqOff
                0x20003930        0x2 ./app_ui.o
 *fill*         0x20003932        0x2 
 .bss.appUiLedSeqReq
                0x20003934        0x4 ./app_ui.o
 .bss.pos.9129  0x20003938        0x1 ./app_ui.o
 *fill*         0x20003939        0x1 
 .bss.button0Time.9136
                0x2000393a        0x2 ./app_ui.o
 .bss.button1Time.9137
                0x2000393c        0x2 ./app_ui.o
 *fill*         0x2000393e        0x2 
 .bss.bg_gattdb_data_attribute_field_29_data
                0x20003940        0x2 ./gatt_db.o
                0x20003940                bg_gattdb_data_attribute_field_29_data
 *fill*         0x20003942        0x2 
 .bss.bg_gattdb_data_attribute_field_20_data
                0x20003944        0x1 ./gatt_db.o
                0x20003944                bg_gattdb_data_attribute_field_20_data
 *fill*         0x20003945        0x3 
 .bss.bg_gattdb_data_attribute_field_14_data
                0x20003948        0xd ./gatt_db.o
                0x20003948                bg_gattdb_data_attribute_field_14_data
 *fill*         0x20003955        0x3 
 .bss.bg_gattdb_data_attribute_field_2_data
                0x20003958        0x4 ./gatt_db.o
                0x20003958                bg_gattdb_data_attribute_field_2_data
 .bss.glibContext
                0x2000395c       0x2c ./graphics.o
 .bss.graphLineNum
                0x20003988        0x1 ./graphics.o
 *fill*         0x20003989        0x3 
 .bss.deviceHeader
                0x2000398c        0x4 ./graphics.o
 .bss.initialized
                0x20003990        0x1 ./bgapi/dmadrv.o
 *fill*         0x20003991        0x3 
 .bss.chTable   0x20003994       0xa0 ./bgapi/dmadrv.o
 .bss.dmaXfer   0x20003a34      0x100 ./bgapi/dmadrv.o
 .bss.moduleInitialized
                0x20003b34        0x1 ./glib/BRD4100A/dmd_display.o
 *fill*         0x20003b35        0x3 
 .bss.displayDevice
                0x20003b38       0x30 ./glib/BRD4100A/dmd_display.o
 .bss.pixelMatrixBuffer
                0x20003b68        0x4 ./glib/BRD4100A/dmd_display.o
 .bss.dimensions
                0x20003b6c        0xc ./glib/BRD4100A/dmd_display.o
 .bss           0x20003b78      0x100 C:/SiliconLabs/SimplicityStudio/v4/developer/sdks/gecko_sdk_suite/v1.0//protocol/bluetooth_2.3/lib/EFR32BG1P/GCC/bgapi.a(bgapi_hardware_lib.c.obj)
 .bss           0x20003c78        0x4 C:/SiliconLabs/SimplicityStudio/v4/developer/sdks/gecko_sdk_suite/v1.0//protocol/bluetooth_2.3/lib/EFR32BG1P/GCC/bgapi.a(bgapi_hardware.c.obj)
 .bss           0x20003c7c       0x10 C:/SiliconLabs/SimplicityStudio/v4/developer/sdks/gecko_sdk_suite/v1.0//protocol/bluetooth_2.3/lib/EFR32BG1P/GCC/bgapi.a(bgapi_util.c.obj)
 .bss           0x20003c8c        0x2 C:/SiliconLabs/SimplicityStudio/v4/developer/sdks/gecko_sdk_suite/v1.0//protocol/bluetooth_2.3/lib/EFR32BG1P/GCC/bgapi.a(bgapi_gap.c.obj)
                0x20003c8c                legacy_maxadv_events
 *fill*         0x20003c8e        0x2 
 .bss           0x20003c90        0x4 C:/SiliconLabs/SimplicityStudio/v4/developer/sdks/gecko_sdk_suite/v1.0//protocol/bluetooth_2.3/lib/EFR32BG1P/GCC/bgapi.a(bgapi_sm.c.obj)
 .bss           0x20003c94        0xc C:/SiliconLabs/SimplicityStudio/v4/developer/sdks/gecko_sdk_suite/v1.0//protocol/bluetooth_2.3/lib/EFR32BG1P/GCC/bgapi.a(bgapi_endpoint.c.obj)
 .bss           0x20003ca0        0x4 C:/SiliconLabs/SimplicityStudio/v4/developer/sdks/gecko_sdk_suite/v1.0//protocol/bluetooth_2.3/lib/EFR32BG1P/GCC/bgapi.a(adc.c.obj)
 .bss           0x20003ca4        0x2 C:/SiliconLabs/SimplicityStudio/v4/developer/sdks/gecko_sdk_suite/v1.0//protocol/bluetooth_2.3/lib/EFR32BG1P/GCC/bgapi.a(i2c.c.obj)
 *fill*         0x20003ca6        0x2 
 .bss           0x20003ca8       0x2c C:/SiliconLabs/SimplicityStudio/v4/developer/sdks/gecko_sdk_suite/v1.0//protocol/bluetooth_2.3/lib/EFR32BG1P/GCC/bgapi.a(sleep_signal.c.obj)
                0x20003cbc                sleep_signal_mask
                0x20003cd0                host_wakeup_signal_mask
 .bss           0x20003cd4       0x70 C:/SiliconLabs/SimplicityStudio/v4/developer/sdks/gecko_sdk_suite/v1.0//protocol/bluetooth_2.3/lib/EFR32BG1P/GCC/bgapi.a(uart.c.obj)
 .bss.__malloc_max_total_mem
                0x20003d44        0x4 c:/siliconlabs/simplicitystudio/v4/developer/toolchains/gnu_arm/4.9_2015q3/bin/../lib/gcc/arm-none-eabi/4.9.3/../../../../arm-none-eabi/lib/armv7e-m/softfp\libc.a(lib_a-mallocr.o)
                0x20003d44                __malloc_max_total_mem
 .bss.__malloc_max_sbrked_mem
                0x20003d48        0x4 c:/siliconlabs/simplicitystudio/v4/developer/toolchains/gnu_arm/4.9_2015q3/bin/../lib/gcc/arm-none-eabi/4.9.3/../../../../arm-none-eabi/lib/armv7e-m/softfp\libc.a(lib_a-mallocr.o)
                0x20003d48                __malloc_max_sbrked_mem
 .bss.__malloc_top_pad
                0x20003d4c        0x4 c:/siliconlabs/simplicitystudio/v4/developer/toolchains/gnu_arm/4.9_2015q3/bin/../lib/gcc/arm-none-eabi/4.9.3/../../../../arm-none-eabi/lib/armv7e-m/softfp\libc.a(lib_a-mallocr.o)
                0x20003d4c                __malloc_top_pad
 .bss.__malloc_current_mallinfo
                0x20003d50       0x28 c:/siliconlabs/simplicitystudio/v4/developer/toolchains/gnu_arm/4.9_2015q3/bin/../lib/gcc/arm-none-eabi/4.9.3/../../../../arm-none-eabi/lib/armv7e-m/softfp\libc.a(lib_a-mallocr.o)
                0x20003d50                __malloc_current_mallinfo
 .bss.heap_end.4079
                0x20003d78        0x4 c:/siliconlabs/simplicitystudio/v4/developer/toolchains/gnu_arm/4.9_2015q3/bin/../lib/gcc/arm-none-eabi/4.9.3/../../../../arm-none-eabi/lib/armv7e-m/softfp\libnosys.a(sbrk.o)
 *(COMMON)
 COMMON         0x20003d7c       0x2d ./app.o
                0x20003d7c                temp_service_uuid
                0x20003d80                slave_service_uuid
                0x20003d84                temp_service_uuid_string
                0x20003d89                security_mode
                0x20003d8c                slave_bluetooth_addr
                0x20003d92                char_rcvd_data
                0x20003d94                txsize
                0x20003d96                interval
                0x20003d98                timeout
                0x20003d9c                temp_char_uuid
                0x20003d9e                result
                0x20003da0                latency
                0x20003da4                htmHumidityMeas
                0x20003da6                connection
                0x20003da8                slave_characteristic_uuid
 *fill*         0x20003da9        0x3 
 COMMON         0x20003dac     0x18d0 ./main.o
                0x20003dac                bluetooth_stack_heap
 COMMON         0x2000567c       0x10 ./glib/BRD4100A/dmd_display.o
                0x2000567c                dirtyRows
 COMMON         0x2000568c        0xc C:/SiliconLabs/SimplicityStudio/v4/developer/sdks/gecko_sdk_suite/v1.0//protocol/bluetooth_2.3/lib/EFR32BG1P/GCC/bgapi.a(uart_endpoint.c.obj)
                0x2000568c                uarts
 COMMON         0x20005698        0x1 C:/SiliconLabs/SimplicityStudio/v4/developer/sdks/gecko_sdk_suite/v1.0//protocol/bluetooth_2.3/lib/EFR32BG1P/GCC/bgapi.a(gpio.c.obj)
                0x20005698                gpio_events
 *fill*         0x20005699        0x3 
 COMMON         0x2000569c        0x4 c:/siliconlabs/simplicitystudio/v4/developer/toolchains/gnu_arm/4.9_2015q3/bin/../lib/gcc/arm-none-eabi/4.9.3/../../../../arm-none-eabi/lib/armv7e-m/softfp\libc.a(lib_a-reent.o)
                0x2000569c                errno
                0x200056a0                . = ALIGN (0x4)
                0x200056a0                __bss_end__ = .

.heap           0x200056a0      0xc00
                0x200056a0                __HeapBase = .
                0x200056a0                __end__ = .
                0x200056a0                end = __end__
                0x200056a0                _end = __end__
 *(.heap*)
 .heap          0x200056a0      0xc00 ./device/EFR32_B_1_1_P/gcc/startup_efr32bg1p.o
                0x200062a0                __HeapLimit = .

.stack_dummy    0x200062a0      0x400
 *(.stack*)
 .stack         0x200062a0      0x400 ./device/EFR32_B_1_1_P/gcc/startup_efr32bg1p.o
                0x20007bfc                __StackTop = (ORIGIN (RAM) + 0x4bfc)
                0x200077fc                __StackLimit = (__StackTop - SIZEOF (.stack_dummy))
                0x20007bfc                PROVIDE (__stack, __StackTop)
                0x00000001                ASSERT ((__StackLimit >= __HeapLimit), region RAM overflowed with stack)
OUTPUT(BlueGecko_Temperature_LED_HandsOn.axf elf32-littlearm)

.ARM.attributes
                0x00000000       0x2e
 .ARM.attributes
                0x00000000       0x22 c:/siliconlabs/simplicitystudio/v4/developer/toolchains/gnu_arm/4.9_2015q3/bin/../lib/gcc/arm-none-eabi/4.9.3/armv7e-m/softfp/crti.o
 .ARM.attributes
                0x00000022       0x32 c:/siliconlabs/simplicitystudio/v4/developer/toolchains/gnu_arm/4.9_2015q3/bin/../lib/gcc/arm-none-eabi/4.9.3/armv7e-m/softfp/crtbegin.o
 .ARM.attributes
                0x00000054       0x20 c:/siliconlabs/simplicitystudio/v4/developer/toolchains/gnu_arm/4.9_2015q3/bin/../lib/gcc/arm-none-eabi/4.9.3/../../../../arm-none-eabi/lib/armv7e-m/softfp/crt0.o
 .ARM.attributes
                0x00000074       0x37 ./advertisement.o
 .ARM.attributes
                0x000000ab       0x37 ./app.o
 .ARM.attributes
                0x000000e2       0x37 ./app_ui.o
 .ARM.attributes
                0x00000119       0x37 ./beacon.o
 .ARM.attributes
                0x00000150       0x37 ./gatt_db.o
 .ARM.attributes
                0x00000187       0x37 ./graphics.o
 .ARM.attributes
                0x000001be       0x37 ./main.o
 .ARM.attributes
                0x000001f5       0x37 ./bgapi/dmadrv.o
 .ARM.attributes
                0x0000022c       0x37 ./bgapi/em_adc.o
 .ARM.attributes
                0x00000263       0x37 ./bgapi/em_ldma.o
 .ARM.attributes
                0x0000029a       0x37 ./bgapi/em_leuart.o
 .ARM.attributes
                0x000002d1       0x37 ./device/EFR32_B_1_1_P/gcc/startup_efr32bg1p.o
 .ARM.attributes
                0x00000308       0x37 ./emlib/em_cmu.o
 .ARM.attributes
                0x0000033f       0x37 ./emlib/em_gpio.o
 .ARM.attributes
                0x00000376       0x37 ./emlib/em_i2c.o
 .ARM.attributes
                0x000003ad       0x37 ./emlib/em_rtcc.o
 .ARM.attributes
                0x000003e4       0x37 ./emlib/em_system.o
 .ARM.attributes
                0x0000041b       0x37 ./emlib/em_usart.o
 .ARM.attributes
                0x00000452       0x37 ./glib/BRD4100A/dmd_display.o
 .ARM.attributes
                0x00000489       0x37 ./glib/BRD4100A/glib.o
 .ARM.attributes
                0x000004c0       0x37 ./glib/BRD4100A/glib_rectangle.o
 .ARM.attributes
                0x000004f7       0x37 ./glib/BRD4100A/glib_string.o
 .ARM.attributes
                0x0000052e       0x37 ./kit/BRD4100A/bsp_stk_leds.o
 .ARM.attributes
                0x00000565       0x37 ./kit_flashpwr/BRD4100A/mx25flash_spi.o
 .ARM.attributes
                0x0000059c       0x37 ./src/InitDevice.o
 .ARM.attributes
                0x000005d3       0x37 C:/SiliconLabs/SimplicityStudio/v4/developer/sdks/gecko_sdk_suite/v1.0//protocol/bluetooth_2.3/lib/EFR32BG1P/GCC/bgapi.a(gecko_bgapi_hardware.c.obj)
 .ARM.attributes
                0x0000060a       0x37 C:/SiliconLabs/SimplicityStudio/v4/developer/sdks/gecko_sdk_suite/v1.0//protocol/bluetooth_2.3/lib/EFR32BG1P/GCC/bgapi.a(gecko_bgapi_test.c.obj)
 .ARM.attributes
                0x00000641       0x37 C:/SiliconLabs/SimplicityStudio/v4/developer/sdks/gecko_sdk_suite/v1.0//protocol/bluetooth_2.3/lib/EFR32BG1P/GCC/bgapi.a(gecko_bgapi_util.c.obj)
 .ARM.attributes
                0x00000678       0x37 C:/SiliconLabs/SimplicityStudio/v4/developer/sdks/gecko_sdk_suite/v1.0//protocol/bluetooth_2.3/lib/EFR32BG1P/GCC/bgapi.a(gecko_bgapi_dfu.c.obj)
 .ARM.attributes
                0x000006af       0x37 C:/SiliconLabs/SimplicityStudio/v4/developer/sdks/gecko_sdk_suite/v1.0//protocol/bluetooth_2.3/lib/EFR32BG1P/GCC/bgapi.a(gecko_bgapi_gap.c.obj)
 .ARM.attributes
                0x000006e6       0x37 C:/SiliconLabs/SimplicityStudio/v4/developer/sdks/gecko_sdk_suite/v1.0//protocol/bluetooth_2.3/lib/EFR32BG1P/GCC/bgapi.a(gecko_bgapi_gatt.c.obj)
 .ARM.attributes
                0x0000071d       0x37 C:/SiliconLabs/SimplicityStudio/v4/developer/sdks/gecko_sdk_suite/v1.0//protocol/bluetooth_2.3/lib/EFR32BG1P/GCC/bgapi.a(gecko_bgapi_gatt_server.c.obj)
 .ARM.attributes
                0x00000754       0x37 C:/SiliconLabs/SimplicityStudio/v4/developer/sdks/gecko_sdk_suite/v1.0//protocol/bluetooth_2.3/lib/EFR32BG1P/GCC/bgapi.a(gecko_bgapi_flash.c.obj)
 .ARM.attributes
                0x0000078b       0x37 C:/SiliconLabs/SimplicityStudio/v4/developer/sdks/gecko_sdk_suite/v1.0//protocol/bluetooth_2.3/lib/EFR32BG1P/GCC/bgapi.a(gecko_bgapi_sm.c.obj)
 .ARM.attributes
                0x000007c2       0x37 C:/SiliconLabs/SimplicityStudio/v4/developer/sdks/gecko_sdk_suite/v1.0//protocol/bluetooth_2.3/lib/EFR32BG1P/GCC/bgapi.a(gecko_bgapi_system.c.obj)
 .ARM.attributes
                0x000007f9       0x37 C:/SiliconLabs/SimplicityStudio/v4/developer/sdks/gecko_sdk_suite/v1.0//protocol/bluetooth_2.3/lib/EFR32BG1P/GCC/bgapi.a(gecko_bgapi_endpoint.c.obj)
 .ARM.attributes
                0x00000830       0x37 C:/SiliconLabs/SimplicityStudio/v4/developer/sdks/gecko_sdk_suite/v1.0//protocol/bluetooth_2.3/lib/EFR32BG1P/GCC/bgapi.a(gecko_bgapi_le_connection.c.obj)
 .ARM.attributes
                0x00000867       0x37 C:/SiliconLabs/SimplicityStudio/v4/developer/sdks/gecko_sdk_suite/v1.0//protocol/bluetooth_2.3/lib/EFR32BG1P/GCC/bgapi.a(bgapi_hardware_lib.c.obj)
 .ARM.attributes
                0x0000089e       0x37 C:/SiliconLabs/SimplicityStudio/v4/developer/sdks/gecko_sdk_suite/v1.0//protocol/bluetooth_2.3/lib/EFR32BG1P/GCC/bgapi.a(bgapi_hardware.c.obj)
 .ARM.attributes